<?xml version="1.0" encoding="ISO-8859-1" ?>
<link_info>
   <banner>TMS320C2000 Linker PC v22.6.3.LTS</banner>
   <copyright>Copyright (c) 1996-2018 Texas Instruments Incorporated</copyright>
   <link_time>0x69cc11d2</link_time>
   <link_errors>0x0</link_errors>
   <output_file>MCUSensorProject_sandbox.out</output_file>
   <entry_point>
      <name>code_start</name>
      <address>0x80000</address>
   </entry_point>
   <input_file_list>
      <input_file id="fl-2">
         <path>.\syscfg\</path>
         <kind>object</kind>
         <file>board.obj</file>
         <name>board.obj</name>
      </input_file>
      <input_file id="fl-3">
         <path>.\syscfg\</path>
         <kind>object</kind>
         <file>c2000ware_libraries.obj</file>
         <name>c2000ware_libraries.obj</name>
      </input_file>
      <input_file id="fl-4">
         <path>.\</path>
         <kind>object</kind>
         <file>main.obj</file>
         <name>main.obj</name>
      </input_file>
      <input_file id="fl-5">
         <path>.\</path>
         <kind>object</kind>
         <file>sensorReader.obj</file>
         <name>sensorReader.obj</name>
      </input_file>
      <input_file id="fl-6">
         <path>.\device\</path>
         <kind>object</kind>
         <file>F2837xD_CodeStartBranch.obj</file>
         <name>F2837xD_CodeStartBranch.obj</name>
      </input_file>
      <input_file id="fl-7">
         <path>.\device\</path>
         <kind>object</kind>
         <file>device.obj</file>
         <name>device.obj</name>
      </input_file>
      <input_file id="fl-c">
         <kind>object</kind>
         <file>&lt;internal&gt;</file>
         <name>&lt;internal&gt;</name>
      </input_file>
      <input_file id="fl-10">
         <path>C:\ti\c2000\C2000Ware_6_00_01_00\driverlib\f2837xd\driverlib\ccs\Debug\</path>
         <kind>archive</kind>
         <file>driverlib_eabi.lib</file>
         <name>adc.obj</name>
      </input_file>
      <input_file id="fl-11">
         <path>C:\ti\c2000\C2000Ware_6_00_01_00\driverlib\f2837xd\driverlib\ccs\Debug\</path>
         <kind>archive</kind>
         <file>driverlib_eabi.lib</file>
         <name>flash.obj</name>
      </input_file>
      <input_file id="fl-12">
         <path>C:\ti\c2000\C2000Ware_6_00_01_00\driverlib\f2837xd\driverlib\ccs\Debug\</path>
         <kind>archive</kind>
         <file>driverlib_eabi.lib</file>
         <name>gpio.obj</name>
      </input_file>
      <input_file id="fl-13">
         <path>C:\ti\c2000\C2000Ware_6_00_01_00\driverlib\f2837xd\driverlib\ccs\Debug\</path>
         <kind>archive</kind>
         <file>driverlib_eabi.lib</file>
         <name>i2c.obj</name>
      </input_file>
      <input_file id="fl-14">
         <path>C:\ti\c2000\C2000Ware_6_00_01_00\driverlib\f2837xd\driverlib\ccs\Debug\</path>
         <kind>archive</kind>
         <file>driverlib_eabi.lib</file>
         <name>interrupt.obj</name>
      </input_file>
      <input_file id="fl-15">
         <path>C:\ti\c2000\C2000Ware_6_00_01_00\driverlib\f2837xd\driverlib\ccs\Debug\</path>
         <kind>archive</kind>
         <file>driverlib_eabi.lib</file>
         <name>sci.obj</name>
      </input_file>
      <input_file id="fl-16">
         <path>C:\ti\c2000\C2000Ware_6_00_01_00\driverlib\f2837xd\driverlib\ccs\Debug\</path>
         <kind>archive</kind>
         <file>driverlib_eabi.lib</file>
         <name>spi.obj</name>
      </input_file>
      <input_file id="fl-17">
         <path>C:\ti\c2000\C2000Ware_6_00_01_00\driverlib\f2837xd\driverlib\ccs\Debug\</path>
         <kind>archive</kind>
         <file>driverlib_eabi.lib</file>
         <name>sysctl.obj</name>
      </input_file>
      <input_file id="fl-23">
         <path>C:\ti\ccs2041\ccs\tools\compiler\ti-cgt-c2000_22.6.3.LTS\lib\</path>
         <kind>archive</kind>
         <file>rts2800_fpu32_eabi.lib</file>
         <name>sprintf.c.obj</name>
      </input_file>
      <input_file id="fl-24">
         <path>C:\ti\ccs2041\ccs\tools\compiler\ti-cgt-c2000_22.6.3.LTS\lib\</path>
         <kind>archive</kind>
         <file>rts2800_fpu32_eabi.lib</file>
         <name>boot28.asm.obj</name>
      </input_file>
      <input_file id="fl-25">
         <path>C:\ti\ccs2041\ccs\tools\compiler\ti-cgt-c2000_22.6.3.LTS\lib\</path>
         <kind>archive</kind>
         <file>rts2800_fpu32_eabi.lib</file>
         <name>fs_div28.asm.obj</name>
      </input_file>
      <input_file id="fl-26">
         <path>C:\ti\ccs2041\ccs\tools\compiler\ti-cgt-c2000_22.6.3.LTS\lib\</path>
         <kind>archive</kind>
         <file>rts2800_fpu32_eabi.lib</file>
         <name>memcpy.c.obj</name>
      </input_file>
      <input_file id="fl-27">
         <path>C:\ti\ccs2041\ccs\tools\compiler\ti-cgt-c2000_22.6.3.LTS\lib\</path>
         <kind>archive</kind>
         <file>rts2800_fpu32_eabi.lib</file>
         <name>pre_init.c.obj</name>
      </input_file>
      <input_file id="fl-28">
         <path>C:\ti\ccs2041\ccs\tools\compiler\ti-cgt-c2000_22.6.3.LTS\lib\</path>
         <kind>archive</kind>
         <file>rts2800_fpu32_eabi.lib</file>
         <name>autoinit.c.obj</name>
      </input_file>
      <input_file id="fl-29">
         <path>C:\ti\ccs2041\ccs\tools\compiler\ti-cgt-c2000_22.6.3.LTS\lib\</path>
         <kind>archive</kind>
         <file>rts2800_fpu32_eabi.lib</file>
         <name>copy_zero_init.c.obj</name>
      </input_file>
      <input_file id="fl-2a">
         <path>C:\ti\ccs2041\ccs\tools\compiler\ti-cgt-c2000_22.6.3.LTS\lib\</path>
         <kind>archive</kind>
         <file>rts2800_fpu32_eabi.lib</file>
         <name>copy_decompress_none.c.obj</name>
      </input_file>
      <input_file id="fl-2b">
         <path>C:\ti\ccs2041\ccs\tools\compiler\ti-cgt-c2000_22.6.3.LTS\lib\</path>
         <kind>archive</kind>
         <file>rts2800_fpu32_eabi.lib</file>
         <name>copy_decompress_lzss.c.obj</name>
      </input_file>
      <input_file id="fl-2c">
         <path>C:\ti\ccs2041\ccs\tools\compiler\ti-cgt-c2000_22.6.3.LTS\lib\</path>
         <kind>archive</kind>
         <file>rts2800_fpu32_eabi.lib</file>
         <name>exit.c.obj</name>
      </input_file>
      <input_file id="fl-2d">
         <path>C:\ti\ccs2041\ccs\tools\compiler\ti-cgt-c2000_22.6.3.LTS\lib\</path>
         <kind>archive</kind>
         <file>rts2800_fpu32_eabi.lib</file>
         <name>_lock.c.obj</name>
      </input_file>
      <input_file id="fl-2e">
         <path>C:\ti\ccs2041\ccs\tools\compiler\ti-cgt-c2000_22.6.3.LTS\lib\</path>
         <kind>archive</kind>
         <file>rts2800_fpu32_eabi.lib</file>
         <name>args_main.c.obj</name>
      </input_file>
      <input_file id="fl-2f">
         <path>C:\ti\ccs2041\ccs\tools\compiler\ti-cgt-c2000_22.6.3.LTS\lib\</path>
         <kind>archive</kind>
         <file>rts2800_fpu32_eabi.lib</file>
         <name>memset.c.obj</name>
      </input_file>
      <input_file id="fl-30">
         <path>C:\ti\ccs2041\ccs\tools\compiler\ti-cgt-c2000_22.6.3.LTS\lib\</path>
         <kind>archive</kind>
         <file>rts2800_fpu32_eabi.lib</file>
         <name>_printfi.c.obj</name>
      </input_file>
      <input_file id="fl-31">
         <path>C:\ti\ccs2041\ccs\tools\compiler\ti-cgt-c2000_22.6.3.LTS\lib\</path>
         <kind>archive</kind>
         <file>rts2800_fpu32_eabi.lib</file>
         <name>wcslen.c.obj</name>
      </input_file>
      <input_file id="fl-32">
         <path>C:\ti\ccs2041\ccs\tools\compiler\ti-cgt-c2000_22.6.3.LTS\lib\</path>
         <kind>archive</kind>
         <file>rts2800_fpu32_eabi.lib</file>
         <name>fd_cmp28.asm.obj</name>
      </input_file>
      <input_file id="fl-33">
         <path>C:\ti\ccs2041\ccs\tools\compiler\ti-cgt-c2000_22.6.3.LTS\lib\</path>
         <kind>archive</kind>
         <file>rts2800_fpu32_eabi.lib</file>
         <name>fd_mpy28.asm.obj</name>
      </input_file>
      <input_file id="fl-34">
         <path>C:\ti\ccs2041\ccs\tools\compiler\ti-cgt-c2000_22.6.3.LTS\lib\</path>
         <kind>archive</kind>
         <file>rts2800_fpu32_eabi.lib</file>
         <name>fd_neg28.asm.obj</name>
      </input_file>
      <input_file id="fl-35">
         <path>C:\ti\ccs2041\ccs\tools\compiler\ti-cgt-c2000_22.6.3.LTS\lib\</path>
         <kind>archive</kind>
         <file>rts2800_fpu32_eabi.lib</file>
         <name>fd_sub28.asm.obj</name>
      </input_file>
      <input_file id="fl-36">
         <path>C:\ti\ccs2041\ccs\tools\compiler\ti-cgt-c2000_22.6.3.LTS\lib\</path>
         <kind>archive</kind>
         <file>rts2800_fpu32_eabi.lib</file>
         <name>fd_toi28.asm.obj</name>
      </input_file>
      <input_file id="fl-37">
         <path>C:\ti\ccs2041\ccs\tools\compiler\ti-cgt-c2000_22.6.3.LTS\lib\</path>
         <kind>archive</kind>
         <file>rts2800_fpu32_eabi.lib</file>
         <name>fd_tol28.asm.obj</name>
      </input_file>
      <input_file id="fl-38">
         <path>C:\ti\ccs2041\ccs\tools\compiler\ti-cgt-c2000_22.6.3.LTS\lib\</path>
         <kind>archive</kind>
         <file>rts2800_fpu32_eabi.lib</file>
         <name>ll_aox28.asm.obj</name>
      </input_file>
      <input_file id="fl-39">
         <path>C:\ti\ccs2041\ccs\tools\compiler\ti-cgt-c2000_22.6.3.LTS\lib\</path>
         <kind>archive</kind>
         <file>rts2800_fpu32_eabi.lib</file>
         <name>ll_cmp28.asm.obj</name>
      </input_file>
      <input_file id="fl-3a">
         <path>C:\ti\ccs2041\ccs\tools\compiler\ti-cgt-c2000_22.6.3.LTS\lib\</path>
         <kind>archive</kind>
         <file>rts2800_fpu32_eabi.lib</file>
         <name>ll_div28.asm.obj</name>
      </input_file>
      <input_file id="fl-3b">
         <path>C:\ti\ccs2041\ccs\tools\compiler\ti-cgt-c2000_22.6.3.LTS\lib\</path>
         <kind>archive</kind>
         <file>rts2800_fpu32_eabi.lib</file>
         <name>i_tofd28.asm.obj</name>
      </input_file>
      <input_file id="fl-3c">
         <path>C:\ti\ccs2041\ccs\tools\compiler\ti-cgt-c2000_22.6.3.LTS\lib\</path>
         <kind>archive</kind>
         <file>rts2800_fpu32_eabi.lib</file>
         <name>l_tofd28.asm.obj</name>
      </input_file>
      <input_file id="fl-3d">
         <path>C:\ti\ccs2041\ccs\tools\compiler\ti-cgt-c2000_22.6.3.LTS\lib\</path>
         <kind>archive</kind>
         <file>rts2800_fpu32_eabi.lib</file>
         <name>fd_div28.asm.obj</name>
      </input_file>
      <input_file id="fl-3e">
         <path>C:\ti\ccs2041\ccs\tools\compiler\ti-cgt-c2000_22.6.3.LTS\lib\</path>
         <kind>archive</kind>
         <file>rts2800_fpu32_eabi.lib</file>
         <name>cpy_tbl.c.obj</name>
      </input_file>
      <input_file id="fl-3f">
         <path>C:\ti\ccs2041\ccs\tools\compiler\ti-cgt-c2000_22.6.3.LTS\lib\</path>
         <kind>archive</kind>
         <file>rts2800_fpu32_eabi.lib</file>
         <name>startup.c.obj</name>
      </input_file>
      <input_file id="fl-40">
         <path>C:\ti\ccs2041\ccs\tools\compiler\ti-cgt-c2000_22.6.3.LTS\lib\</path>
         <kind>archive</kind>
         <file>rts2800_fpu32_eabi.lib</file>
         <name>_ltoa.c.obj</name>
      </input_file>
      <input_file id="fl-41">
         <path>C:\ti\ccs2041\ccs\tools\compiler\ti-cgt-c2000_22.6.3.LTS\lib\</path>
         <kind>archive</kind>
         <file>rts2800_fpu32_eabi.lib</file>
         <name>atoi.c.obj</name>
      </input_file>
      <input_file id="fl-42">
         <path>C:\ti\ccs2041\ccs\tools\compiler\ti-cgt-c2000_22.6.3.LTS\lib\</path>
         <kind>archive</kind>
         <file>rts2800_fpu32_eabi.lib</file>
         <name>ctype.c.obj</name>
      </input_file>
      <input_file id="fl-43">
         <path>C:\ti\ccs2041\ccs\tools\compiler\ti-cgt-c2000_22.6.3.LTS\lib\</path>
         <kind>archive</kind>
         <file>rts2800_fpu32_eabi.lib</file>
         <name>memccpy.c.obj</name>
      </input_file>
      <input_file id="fl-44">
         <path>C:\ti\ccs2041\ccs\tools\compiler\ti-cgt-c2000_22.6.3.LTS\lib\</path>
         <kind>archive</kind>
         <file>rts2800_fpu32_eabi.lib</file>
         <name>strchr.c.obj</name>
      </input_file>
      <input_file id="fl-45">
         <path>C:\ti\ccs2041\ccs\tools\compiler\ti-cgt-c2000_22.6.3.LTS\lib\</path>
         <kind>archive</kind>
         <file>rts2800_fpu32_eabi.lib</file>
         <name>strcpy.c.obj</name>
      </input_file>
      <input_file id="fl-46">
         <path>C:\ti\ccs2041\ccs\tools\compiler\ti-cgt-c2000_22.6.3.LTS\lib\</path>
         <kind>archive</kind>
         <file>rts2800_fpu32_eabi.lib</file>
         <name>strlen.c.obj</name>
      </input_file>
      <input_file id="fl-47">
         <path>C:\ti\ccs2041\ccs\tools\compiler\ti-cgt-c2000_22.6.3.LTS\lib\</path>
         <kind>archive</kind>
         <file>rts2800_fpu32_eabi.lib</file>
         <name>errno.c.obj</name>
      </input_file>
      <input_file id="fl-48">
         <path>C:\ti\ccs2041\ccs\tools\compiler\ti-cgt-c2000_22.6.3.LTS\lib\</path>
         <kind>archive</kind>
         <file>rts2800_fpu32_eabi.lib</file>
         <name>s_frexp.c.obj</name>
      </input_file>
      <input_file id="fl-49">
         <path>C:\ti\ccs2041\ccs\tools\compiler\ti-cgt-c2000_22.6.3.LTS\lib\</path>
         <kind>archive</kind>
         <file>rts2800_fpu32_eabi.lib</file>
         <name>s_scalbn.c.obj</name>
      </input_file>
      <input_file id="fl-4a">
         <path>C:\ti\ccs2041\ccs\tools\compiler\ti-cgt-c2000_22.6.3.LTS\lib\</path>
         <kind>archive</kind>
         <file>rts2800_fpu32_eabi.lib</file>
         <name>s_copysign.c.obj</name>
      </input_file>
      <input_file id="fl-4b">
         <path>C:\ti\ccs2041\ccs\tools\compiler\ti-cgt-c2000_22.6.3.LTS\lib\</path>
         <kind>archive</kind>
         <file>rts2800_fpu32_eabi.lib</file>
         <name>fd_add28.asm.obj</name>
      </input_file>
      <input_file id="fl-4c">
         <path>C:\ti\ccs2041\ccs\tools\compiler\ti-cgt-c2000_22.6.3.LTS\lib\</path>
         <kind>archive</kind>
         <file>rts2800_fpu32_eabi.lib</file>
         <name>l_div28.asm.obj</name>
      </input_file>
   </input_file_list>
   <object_component_list>
      <object_component id="oc-460">
         <name>.cinit..data.load</name>
         <load_address>0xb0000</load_address>
         <run_address>0xb0000</run_address>
         <size>0xb</size>
      </object_component>
      <object_component id="oc-45e">
         <name>__TI_handler_table</name>
         <load_address>0xb000c</load_address>
         <run_address>0xb000c</run_address>
         <size>0x4</size>
      </object_component>
      <object_component id="oc-45f">
         <name>__TI_cinit_table</name>
         <load_address>0xb0010</load_address>
         <run_address>0xb0010</run_address>
         <size>0x4</size>
      </object_component>
      <object_component id="oc-357">
         <name>.text</name>
         <load_address>0x82000</load_address>
         <run_address>0x82000</run_address>
         <size>0x6c2</size>
         <input_file_ref idref="fl-30"/>
      </object_component>
      <object_component id="oc-115">
         <name>.text</name>
         <load_address>0x826c2</load_address>
         <run_address>0x826c2</run_address>
         <size>0x61f</size>
         <input_file_ref idref="fl-2"/>
      </object_component>
      <object_component id="oc-2e6">
         <name>.text:__TI_printfi</name>
         <load_address>0x82ce1</load_address>
         <run_address>0x82ce1</run_address>
         <size>0x614</size>
         <input_file_ref idref="fl-30"/>
      </object_component>
      <object_component id="oc-121">
         <name>.text</name>
         <load_address>0x832f5</load_address>
         <run_address>0x832f5</run_address>
         <size>0x460</size>
         <input_file_ref idref="fl-5"/>
      </object_component>
      <object_component id="oc-109">
         <name>.text</name>
         <load_address>0x83755</load_address>
         <run_address>0x83755</run_address>
         <size>0x3fc</size>
         <input_file_ref idref="fl-7"/>
      </object_component>
      <object_component id="oc-14e">
         <name>.text:SysCtl_setClock</name>
         <load_address>0x83b51</load_address>
         <run_address>0x83b51</run_address>
         <size>0x209</size>
         <input_file_ref idref="fl-17"/>
      </object_component>
      <object_component id="oc-343">
         <name>.text</name>
         <load_address>0x83d5a</load_address>
         <run_address>0x83d5a</run_address>
         <size>0x107</size>
         <input_file_ref idref="fl-3a"/>
      </object_component>
      <object_component id="oc-3bd">
         <name>.text</name>
         <load_address>0x83e61</load_address>
         <run_address>0x83e61</run_address>
         <size>0xa9</size>
         <input_file_ref idref="fl-49"/>
      </object_component>
      <object_component id="oc-3f3">
         <name>.text</name>
         <load_address>0x83f0a</load_address>
         <run_address>0x83f0a</run_address>
         <size>0x9c</size>
         <input_file_ref idref="fl-4b"/>
      </object_component>
      <object_component id="oc-3b7">
         <name>.text</name>
         <load_address>0x83fa6</load_address>
         <run_address>0x83fa6</run_address>
         <size>0x5a</size>
         <input_file_ref idref="fl-48"/>
      </object_component>
      <object_component id="oc-2b8">
         <name>.text:SysCtl_selectXTAL</name>
         <load_address>0x84000</load_address>
         <run_address>0x84000</run_address>
         <size>0x90</size>
         <input_file_ref idref="fl-17"/>
      </object_component>
      <object_component id="oc-393">
         <name>.text</name>
         <load_address>0x84090</load_address>
         <run_address>0x84090</run_address>
         <size>0x8b</size>
         <input_file_ref idref="fl-3d"/>
      </object_component>
      <object_component id="oc-227">
         <name>.text</name>
         <load_address>0x8411b</load_address>
         <run_address>0x8411b</run_address>
         <size>0x88</size>
         <input_file_ref idref="fl-25"/>
      </object_component>
      <object_component id="oc-398">
         <name>.text</name>
         <load_address>0x841a3</load_address>
         <run_address>0x841a3</run_address>
         <size>0x83</size>
         <input_file_ref idref="fl-33"/>
      </object_component>
      <object_component id="oc-249">
         <name>.text:ADC_setINLTrim</name>
         <load_address>0x84226</load_address>
         <run_address>0x84226</run_address>
         <size>0x6f</size>
         <input_file_ref idref="fl-10"/>
      </object_component>
      <object_component id="oc-148">
         <name>.text:SysCtl_getDeviceParametric</name>
         <load_address>0x84295</load_address>
         <run_address>0x84295</run_address>
         <size>0x68</size>
         <input_file_ref idref="fl-17"/>
      </object_component>
      <object_component id="oc-192">
         <name>.text:I2C_initController</name>
         <load_address>0x842fd</load_address>
         <run_address>0x842fd</run_address>
         <size>0x64</size>
         <input_file_ref idref="fl-13"/>
      </object_component>
      <object_component id="oc-24f">
         <name>.text:ADC_setOffsetTrim</name>
         <load_address>0x84361</load_address>
         <run_address>0x84361</run_address>
         <size>0x60</size>
         <input_file_ref idref="fl-10"/>
      </object_component>
      <object_component id="oc-1a4">
         <name>.text:SPI_setConfig</name>
         <load_address>0x843c1</load_address>
         <run_address>0x843c1</run_address>
         <size>0x5c</size>
         <input_file_ref idref="fl-16"/>
      </object_component>
      <object_component id="oc-186">
         <name>.text:GPIO_setPadConfig</name>
         <load_address>0x8441d</load_address>
         <run_address>0x8441d</run_address>
         <size>0x52</size>
         <input_file_ref idref="fl-12"/>
      </object_component>
      <object_component id="oc-154">
         <name>.text:SysCtl_getClock</name>
         <load_address>0x8446f</load_address>
         <run_address>0x8446f</run_address>
         <size>0x51</size>
         <input_file_ref idref="fl-17"/>
      </object_component>
      <object_component id="oc-21b">
         <name>.text:SysCtl_selectOscSource</name>
         <load_address>0x844c0</load_address>
         <run_address>0x844c0</run_address>
         <size>0x48</size>
         <input_file_ref idref="fl-17"/>
      </object_component>
      <object_component id="oc-198">
         <name>.text:SCI_clearInterruptStatus</name>
         <load_address>0x84508</load_address>
         <run_address>0x84508</run_address>
         <size>0x45</size>
         <input_file_ref idref="fl-15"/>
      </object_component>
      <object_component id="oc-1b5">
         <name>.text:SCI_writeCharArray</name>
         <load_address>0x8454d</load_address>
         <run_address>0x8454d</run_address>
         <size>0x41</size>
         <input_file_ref idref="fl-15"/>
      </object_component>
      <object_component id="oc-19e">
         <name>.text:SCI_setConfig</name>
         <load_address>0x8458e</load_address>
         <run_address>0x8458e</run_address>
         <size>0x3e</size>
         <input_file_ref idref="fl-15"/>
      </object_component>
      <object_component id="oc-10f">
         <name>.text:Interrupt_initModule</name>
         <load_address>0x845cc</load_address>
         <run_address>0x845cc</run_address>
         <size>0x3d</size>
         <input_file_ref idref="fl-14"/>
      </object_component>
      <object_component id="oc-173">
         <name>.text:GPIO_setControllerCore</name>
         <load_address>0x84609</load_address>
         <run_address>0x84609</run_address>
         <size>0x37</size>
         <input_file_ref idref="fl-12"/>
      </object_component>
      <object_component id="oc-16d">
         <name>.text:GPIO_setPinConfig</name>
         <load_address>0x84640</load_address>
         <run_address>0x84640</run_address>
         <size>0x37</size>
         <input_file_ref idref="fl-12"/>
      </object_component>
      <object_component id="oc-167">
         <name>.text:GPIO_setQualificationMode</name>
         <load_address>0x84677</load_address>
         <run_address>0x84677</run_address>
         <size>0x37</size>
         <input_file_ref idref="fl-12"/>
      </object_component>
      <object_component id="oc-1af">
         <name>.text</name>
         <load_address>0x846ae</load_address>
         <run_address>0x846ae</run_address>
         <size>0x32</size>
         <input_file_ref idref="fl-23"/>
      </object_component>
      <object_component id="oc-161">
         <name>.text:GPIO_setDirectionMode</name>
         <load_address>0x846e0</load_address>
         <run_address>0x846e0</run_address>
         <size>0x31</size>
         <input_file_ref idref="fl-12"/>
      </object_component>
      <object_component id="oc-e1">
         <name>.text</name>
         <load_address>0x84711</load_address>
         <run_address>0x84711</run_address>
         <size>0x31</size>
         <input_file_ref idref="fl-4"/>
      </object_component>
      <object_component id="oc-338">
         <name>.text</name>
         <load_address>0x84742</load_address>
         <run_address>0x84742</run_address>
         <size>0x31</size>
         <input_file_ref idref="fl-41"/>
      </object_component>
      <object_component id="oc-3a2">
         <name>.text</name>
         <load_address>0x84773</load_address>
         <run_address>0x84773</run_address>
         <size>0x30</size>
         <input_file_ref idref="fl-40"/>
      </object_component>
      <object_component id="oc-18c">
         <name>.text:ADC_setMode</name>
         <load_address>0x847a3</load_address>
         <run_address>0x847a3</run_address>
         <size>0x2f</size>
         <input_file_ref idref="fl-10"/>
      </object_component>
      <object_component id="oc-24">
         <name>.text:decompress:lzss</name>
         <load_address>0x847d2</load_address>
         <run_address>0x847d2</run_address>
         <size>0x2e</size>
         <input_file_ref idref="fl-2b"/>
      </object_component>
      <object_component id="oc-b1">
         <name>.text:__TI_auto_init_nobinit_nopinit</name>
         <load_address>0x84800</load_address>
         <run_address>0x84800</run_address>
         <size>0x2b</size>
         <input_file_ref idref="fl-28"/>
      </object_component>
      <object_component id="oc-389">
         <name>.text</name>
         <load_address>0x8482b</load_address>
         <run_address>0x8482b</run_address>
         <size>0x2a</size>
         <input_file_ref idref="fl-32"/>
      </object_component>
      <object_component id="oc-3eb">
         <name>.text</name>
         <load_address>0x84855</load_address>
         <run_address>0x84855</run_address>
         <size>0x2a</size>
         <input_file_ref idref="fl-4c"/>
      </object_component>
      <object_component id="oc-a5">
         <name>.text</name>
         <load_address>0x8487f</load_address>
         <run_address>0x8487f</run_address>
         <size>0x29</size>
         <input_file_ref idref="fl-2c"/>
      </object_component>
      <object_component id="oc-304">
         <name>.text:CPUTimer_selectClockSource</name>
         <load_address>0x848a8</load_address>
         <run_address>0x848a8</run_address>
         <size>0x28</size>
         <input_file_ref idref="fl-17"/>
      </object_component>
      <object_component id="oc-1da">
         <name>.text:Flash_setBankPowerUpDelay</name>
         <load_address>0x848d0</load_address>
         <run_address>0x848d0</run_address>
         <size>0x26</size>
         <input_file_ref idref="fl-11"/>
      </object_component>
      <object_component id="oc-402">
         <name>.text</name>
         <load_address>0x848f6</load_address>
         <run_address>0x848f6</run_address>
         <size>0x24</size>
         <input_file_ref idref="fl-4a"/>
      </object_component>
      <object_component id="oc-3b2">
         <name>.text</name>
         <load_address>0x8491a</load_address>
         <run_address>0x8491a</run_address>
         <size>0x21</size>
         <input_file_ref idref="fl-36"/>
      </object_component>
      <object_component id="oc-28e">
         <name>.text:SCI_isFIFOEnabled</name>
         <load_address>0x8493b</load_address>
         <run_address>0x8493b</run_address>
         <size>0x20</size>
         <input_file_ref idref="fl-15"/>
      </object_component>
      <object_component id="oc-36a">
         <name>.text:CPUTimer_getTimerOverflowStatus</name>
         <load_address>0x8495b</load_address>
         <run_address>0x8495b</run_address>
         <size>0x1f</size>
         <input_file_ref idref="fl-17"/>
      </object_component>
      <object_component id="oc-39d">
         <name>.text</name>
         <load_address>0x8497a</load_address>
         <run_address>0x8497a</run_address>
         <size>0x1f</size>
         <input_file_ref idref="fl-37"/>
      </object_component>
      <object_component id="oc-3d">
         <name>.text:Interrupt_initVectorTable</name>
         <load_address>0x84999</load_address>
         <run_address>0x84999</run_address>
         <size>0x1e</size>
         <input_file_ref idref="fl-14"/>
      </object_component>
      <object_component id="oc-33e">
         <name>.text</name>
         <load_address>0x849b7</load_address>
         <run_address>0x849b7</run_address>
         <size>0x1e</size>
         <input_file_ref idref="fl-39"/>
      </object_component>
      <object_component id="oc-3c3">
         <name>.text</name>
         <load_address>0x849d5</load_address>
         <run_address>0x849d5</run_address>
         <size>0x1d</size>
         <input_file_ref idref="fl-3b"/>
      </object_component>
      <object_component id="oc-57">
         <name>.text</name>
         <load_address>0x849f2</load_address>
         <run_address>0x849f2</run_address>
         <size>0x1d</size>
         <input_file_ref idref="fl-26"/>
      </object_component>
      <object_component id="oc-3a8">
         <name>.text</name>
         <load_address>0x84a0f</load_address>
         <run_address>0x84a0f</run_address>
         <size>0x1c</size>
         <input_file_ref idref="fl-3c"/>
      </object_component>
      <object_component id="oc-242">
         <name>.text:ADC_isBaseValid</name>
         <load_address>0x84a2b</load_address>
         <run_address>0x84a2b</run_address>
         <size>0x1b</size>
         <input_file_ref idref="fl-10"/>
      </object_component>
      <object_component id="oc-260">
         <name>.text:SCI_isBaseValid</name>
         <load_address>0x84a46</load_address>
         <run_address>0x84a46</run_address>
         <size>0x1b</size>
         <input_file_ref idref="fl-15"/>
      </object_component>
      <object_component id="oc-310">
         <name>.text:CPUTimer_startTimer</name>
         <load_address>0x84a61</load_address>
         <run_address>0x84a61</run_address>
         <size>0x1a</size>
         <input_file_ref idref="fl-17"/>
      </object_component>
      <object_component id="oc-29a">
         <name>.text:SCI_isSpaceAvailableNonFIFO</name>
         <load_address>0x84a7b</load_address>
         <run_address>0x84a7b</run_address>
         <size>0x1a</size>
         <input_file_ref idref="fl-15"/>
      </object_component>
      <object_component id="oc-15b">
         <name>.text:SysCtl_getLowSpeedClock</name>
         <load_address>0x84a95</load_address>
         <run_address>0x84a95</run_address>
         <size>0x1a</size>
         <input_file_ref idref="fl-17"/>
      </object_component>
      <object_component id="oc-26f">
         <name>.text:SCI_disableModule</name>
         <load_address>0x84aaf</load_address>
         <run_address>0x84aaf</run_address>
         <size>0x18</size>
         <input_file_ref idref="fl-15"/>
      </object_component>
      <object_component id="oc-267">
         <name>.text:SCI_performSoftwareReset</name>
         <load_address>0x84ac7</load_address>
         <run_address>0x84ac7</run_address>
         <size>0x18</size>
         <input_file_ref idref="fl-15"/>
      </object_component>
      <object_component id="oc-348">
         <name>.text</name>
         <load_address>0x84adf</load_address>
         <run_address>0x84adf</run_address>
         <size>0x18</size>
         <input_file_ref idref="fl-38"/>
      </object_component>
      <object_component id="oc-35e">
         <name>.text:CPUTimer_isBaseValid</name>
         <load_address>0x84af7</load_address>
         <run_address>0x84af7</run_address>
         <size>0x17</size>
         <input_file_ref idref="fl-17"/>
      </object_component>
      <object_component id="oc-27c">
         <name>.text:SPI_isBaseValid</name>
         <load_address>0x84b0e</load_address>
         <run_address>0x84b0e</run_address>
         <size>0x17</size>
         <input_file_ref idref="fl-16"/>
      </object_component>
      <object_component id="oc-87">
         <name>.text</name>
         <load_address>0x84b25</load_address>
         <run_address>0x84b25</run_address>
         <size>0x17</size>
         <input_file_ref idref="fl-24"/>
      </object_component>
      <object_component id="oc-3c">
         <name>.text:Interrupt_defaultHandler</name>
         <load_address>0x84b3c</load_address>
         <run_address>0x84b3c</run_address>
         <size>0x16</size>
         <input_file_ref idref="fl-14"/>
      </object_component>
      <object_component id="oc-2f8">
         <name>.text:CPUTimer_stopTimer</name>
         <load_address>0x84b52</load_address>
         <run_address>0x84b52</run_address>
         <size>0x14</size>
         <input_file_ref idref="fl-17"/>
      </object_component>
      <object_component id="oc-294">
         <name>.text:SCI_getTxFIFOStatus</name>
         <load_address>0x84b66</load_address>
         <run_address>0x84b66</run_address>
         <size>0x14</size>
         <input_file_ref idref="fl-15"/>
      </object_component>
      <object_component id="oc-257">
         <name>.text:I2C_isBaseValid</name>
         <load_address>0x84b7a</load_address>
         <run_address>0x84b7a</run_address>
         <size>0x13</size>
         <input_file_ref idref="fl-13"/>
      </object_component>
      <object_component id="oc-275">
         <name>.text:SCI_enableModule</name>
         <load_address>0x84b8d</load_address>
         <run_address>0x84b8d</run_address>
         <size>0x13</size>
         <input_file_ref idref="fl-15"/>
      </object_component>
      <object_component id="oc-30a">
         <name>.text:CPUTimer_clearOverflowFlag</name>
         <load_address>0x84ba0</load_address>
         <run_address>0x84ba0</run_address>
         <size>0x12</size>
         <input_file_ref idref="fl-17"/>
      </object_component>
      <object_component id="oc-2f2">
         <name>.text:CPUTimer_disableInterrupt</name>
         <load_address>0x84bb2</load_address>
         <run_address>0x84bb2</run_address>
         <size>0x12</size>
         <input_file_ref idref="fl-17"/>
      </object_component>
      <object_component id="oc-2fe">
         <name>.text:CPUTimer_setPeriod</name>
         <load_address>0x84bc4</load_address>
         <run_address>0x84bc4</run_address>
         <size>0x11</size>
         <input_file_ref idref="fl-17"/>
      </object_component>
      <object_component id="oc-1cd">
         <name>.text:Flash_isCtrlBaseValid</name>
         <load_address>0x84bd5</load_address>
         <run_address>0x84bd5</run_address>
         <size>0x10</size>
         <input_file_ref idref="fl-11"/>
      </object_component>
      <object_component id="oc-1d4">
         <name>.text:Flash_isECCBaseValid</name>
         <load_address>0x84be5</load_address>
         <run_address>0x84be5</run_address>
         <size>0x10</size>
         <input_file_ref idref="fl-11"/>
      </object_component>
      <object_component id="oc-330">
         <name>.text</name>
         <load_address>0x84bf5</load_address>
         <run_address>0x84bf5</run_address>
         <size>0x10</size>
         <input_file_ref idref="fl-43"/>
      </object_component>
      <object_component id="oc-316">
         <name>.text:SysCtl_pollCpuTimer</name>
         <load_address>0x84c05</load_address>
         <run_address>0x84c05</run_address>
         <size>0xf</size>
         <input_file_ref idref="fl-17"/>
      </object_component>
      <object_component id="oc-22f">
         <name>.text:GPIO_isPinValid</name>
         <load_address>0x84c14</load_address>
         <run_address>0x84c14</run_address>
         <size>0xe</size>
         <input_file_ref idref="fl-12"/>
      </object_component>
      <object_component id="oc-3ad">
         <name>.text</name>
         <load_address>0x84c22</load_address>
         <run_address>0x84c22</run_address>
         <size>0xe</size>
         <input_file_ref idref="fl-35"/>
      </object_component>
      <object_component id="oc-17e">
         <name>.text:Interrupt_disableGlobal</name>
         <load_address>0x84c30</load_address>
         <run_address>0x84c30</run_address>
         <size>0xd</size>
         <input_file_ref idref="fl-14"/>
      </object_component>
      <object_component id="oc-9f">
         <name>.text</name>
         <load_address>0x84c3d</load_address>
         <run_address>0x84c3d</run_address>
         <size>0xc</size>
         <input_file_ref idref="fl-2e"/>
      </object_component>
      <object_component id="oc-3c8">
         <name>.text</name>
         <load_address>0x84c49</load_address>
         <run_address>0x84c49</run_address>
         <size>0xc</size>
         <input_file_ref idref="fl-44"/>
      </object_component>
      <object_component id="oc-215">
         <name>.text:SysCtl_isMCDClockFailureDetected</name>
         <load_address>0x84c55</load_address>
         <run_address>0x84c55</run_address>
         <size>0xb</size>
         <input_file_ref idref="fl-17"/>
      </object_component>
      <object_component id="oc-34d">
         <name>.text</name>
         <load_address>0x84c60</load_address>
         <run_address>0x84c60</run_address>
         <size>0xb</size>
         <input_file_ref idref="fl-31"/>
      </object_component>
      <object_component id="oc-48">
         <name>.text:Interrupt_illegalOperationHandler</name>
         <load_address>0x84c6b</load_address>
         <run_address>0x84c6b</run_address>
         <size>0xa</size>
         <input_file_ref idref="fl-14"/>
      </object_component>
      <object_component id="oc-4e">
         <name>.text:Interrupt_nmiHandler</name>
         <load_address>0x84c75</load_address>
         <run_address>0x84c75</run_address>
         <size>0xa</size>
         <input_file_ref idref="fl-14"/>
      </object_component>
      <object_component id="oc-221">
         <name>.text:SysCtl_serviceWatchdog</name>
         <load_address>0x84c7f</load_address>
         <run_address>0x84c7f</run_address>
         <size>0x9</size>
         <input_file_ref idref="fl-17"/>
      </object_component>
      <object_component id="oc-12f">
         <name>.text</name>
         <load_address>0x84c88</load_address>
         <run_address>0x84c88</run_address>
         <size>0x9</size>
         <input_file_ref idref="fl-2d"/>
      </object_component>
      <object_component id="oc-38e">
         <name>.text</name>
         <load_address>0x84c91</load_address>
         <run_address>0x84c91</run_address>
         <size>0x9</size>
         <input_file_ref idref="fl-34"/>
      </object_component>
      <object_component id="oc-6b">
         <name>.text</name>
         <load_address>0x84c9a</load_address>
         <run_address>0x84c9a</run_address>
         <size>0x8</size>
         <input_file_ref idref="fl-6"/>
      </object_component>
      <object_component id="oc-2a">
         <name>.text:decompress:none</name>
         <load_address>0x84ca2</load_address>
         <run_address>0x84ca2</run_address>
         <size>0x8</size>
         <input_file_ref idref="fl-2a"/>
      </object_component>
      <object_component id="oc-324">
         <name>.text</name>
         <load_address>0x84caa</load_address>
         <run_address>0x84caa</run_address>
         <size>0x8</size>
         <input_file_ref idref="fl-46"/>
      </object_component>
      <object_component id="oc-31c">
         <name>.text:SysCtl_resetMCD</name>
         <load_address>0x84cb2</load_address>
         <run_address>0x84cb2</run_address>
         <size>0x7</size>
         <input_file_ref idref="fl-17"/>
      </object_component>
      <object_component id="oc-80">
         <name>.text</name>
         <load_address>0x84cb9</load_address>
         <run_address>0x84cb9</run_address>
         <size>0x7</size>
         <input_file_ref idref="fl-2f"/>
      </object_component>
      <object_component id="oc-32a">
         <name>.text</name>
         <load_address>0x84cc0</load_address>
         <run_address>0x84cc0</run_address>
         <size>0x5</size>
         <input_file_ref idref="fl-45"/>
      </object_component>
      <object_component id="oc-98">
         <name>.text</name>
         <load_address>0x84cc5</load_address>
         <run_address>0x84cc5</run_address>
         <size>0x2</size>
         <input_file_ref idref="fl-27"/>
      </object_component>
      <object_component id="oc-11b">
         <name>.text</name>
         <load_address>0x84cc7</load_address>
         <run_address>0x84cc7</run_address>
         <size>0x1</size>
         <input_file_ref idref="fl-3"/>
      </object_component>
      <object_component id="oc-f4">
         <name>.text</name>
         <load_address>0x84cc8</load_address>
         <run_address>0x84cc8</run_address>
         <size>0x1</size>
         <input_file_ref idref="fl-3f"/>
      </object_component>
      <object_component id="oc-31">
         <name>codestart</name>
         <load_address>0x80000</load_address>
         <run_address>0x80000</run_address>
         <size>0x2</size>
         <input_file_ref idref="fl-6"/>
      </object_component>
      <object_component id="oc-54">
         <name>.stack</name>
         <uninitialized>true</uninitialized>
         <run_address>0x400</run_address>
         <size>0x0</size>
         <input_file_ref idref="fl-24"/>
      </object_component>
      <object_component id="oc-461">
         <name>.stack</name>
         <uninitialized>true</uninitialized>
         <run_address>0x400</run_address>
         <size>0x0</size>
      </object_component>
      <object_component id="oc-179">
         <name>.data</name>
         <load_address>0xa800</load_address>
         <run_address>0xa800</run_address>
         <size>0x6</size>
         <input_file_ref idref="fl-7"/>
      </object_component>
      <object_component id="oc-e9">
         <name>.data</name>
         <load_address>0xa806</load_address>
         <run_address>0xa806</run_address>
         <size>0x6</size>
         <input_file_ref idref="fl-2c"/>
      </object_component>
      <object_component id="oc-ec">
         <name>.data:_lock</name>
         <load_address>0xa80c</load_address>
         <run_address>0xa80c</run_address>
         <size>0x2</size>
         <input_file_ref idref="fl-2d"/>
      </object_component>
      <object_component id="oc-1c0">
         <name>.data:_unlock</name>
         <load_address>0xa80e</load_address>
         <run_address>0xa80e</run_address>
         <size>0x2</size>
         <input_file_ref idref="fl-2d"/>
      </object_component>
      <object_component id="oc-353">
         <name>.data</name>
         <load_address>0xa810</load_address>
         <run_address>0xa810</run_address>
         <size>0x1</size>
         <input_file_ref idref="fl-47"/>
      </object_component>
      <object_component id="oc-185">
         <name>.const:.string</name>
         <load_address>0x90000</load_address>
         <run_address>0x90000</run_address>
         <size>0x10f</size>
         <input_file_ref idref="fl-2"/>
      </object_component>
      <object_component id="oc-37b">
         <name>.const:.string:_ctypes_</name>
         <load_address>0x9010f</load_address>
         <run_address>0x9010f</run_address>
         <size>0x101</size>
         <input_file_ref idref="fl-42"/>
      </object_component>
      <object_component id="oc-1ae">
         <name>.const:.string</name>
         <load_address>0x90210</load_address>
         <run_address>0x90210</run_address>
         <size>0xf1</size>
         <input_file_ref idref="fl-5"/>
      </object_component>
      <object_component id="oc-214">
         <name>.const:.string</name>
         <load_address>0x90302</load_address>
         <run_address>0x90302</run_address>
         <size>0xc2</size>
         <input_file_ref idref="fl-17"/>
      </object_component>
      <object_component id="oc-1d3">
         <name>.const:.string</name>
         <load_address>0x903c4</load_address>
         <run_address>0x903c4</run_address>
         <size>0xbf</size>
         <input_file_ref idref="fl-11"/>
      </object_component>
      <object_component id="oc-235">
         <name>.const:.string</name>
         <load_address>0x90484</load_address>
         <run_address>0x90484</run_address>
         <size>0xbc</size>
         <input_file_ref idref="fl-12"/>
      </object_component>
      <object_component id="oc-266">
         <name>.const:.string</name>
         <load_address>0x90540</load_address>
         <run_address>0x90540</run_address>
         <size>0xbb</size>
         <input_file_ref idref="fl-15"/>
      </object_component>
      <object_component id="oc-282">
         <name>.const:.string</name>
         <load_address>0x905fc</load_address>
         <run_address>0x905fc</run_address>
         <size>0xbb</size>
         <input_file_ref idref="fl-16"/>
      </object_component>
      <object_component id="oc-248">
         <name>.const:.string</name>
         <load_address>0x906b8</load_address>
         <run_address>0x906b8</run_address>
         <size>0x5d</size>
         <input_file_ref idref="fl-10"/>
      </object_component>
      <object_component id="oc-25d">
         <name>.const:.string</name>
         <load_address>0x90716</load_address>
         <run_address>0x90716</run_address>
         <size>0x5d</size>
         <input_file_ref idref="fl-13"/>
      </object_component>
      <object_component id="oc-323">
         <name>.const:.string</name>
         <load_address>0x90774</load_address>
         <run_address>0x90774</run_address>
         <size>0x26</size>
         <input_file_ref idref="fl-30"/>
      </object_component>
      <object_component id="oc-388">
         <name>.const</name>
         <load_address>0x9079a</load_address>
         <run_address>0x9079a</run_address>
         <size>0x1c</size>
         <input_file_ref idref="fl-30"/>
      </object_component>
      <object_component id="oc-3fa">
         <name>.const</name>
         <load_address>0x907b6</load_address>
         <run_address>0x907b6</run_address>
         <size>0x8</size>
         <input_file_ref idref="fl-48"/>
      </object_component>
      <object_component id="oc-3ff">
         <name>.const</name>
         <load_address>0x907c0</load_address>
         <run_address>0x907c0</run_address>
         <size>0x1c</size>
         <input_file_ref idref="fl-49"/>
      </object_component>
      <object_component id="oc-15a">
         <name>.const:.string</name>
         <load_address>0x907dc</load_address>
         <run_address>0x907dc</run_address>
         <size>0x13</size>
         <input_file_ref idref="fl-7"/>
      </object_component>
      <object_component id="oc-142">
         <name>.TI.ramfunc:Flash_initModule</name>
         <load_address>0x86000</load_address>
         <run_address>0x8000</run_address>
         <size>0x43</size>
         <input_file_ref idref="fl-11"/>
      </object_component>
      <object_component id="oc-1e0">
         <name>.TI.ramfunc:Flash_setBankPowerMode</name>
         <load_address>0x86043</load_address>
         <run_address>0x8043</run_address>
         <size>0x2c</size>
         <input_file_ref idref="fl-11"/>
      </object_component>
      <object_component id="oc-1f8">
         <name>.TI.ramfunc:Flash_setWaitstates</name>
         <load_address>0x8606f</load_address>
         <run_address>0x806f</run_address>
         <size>0x24</size>
         <input_file_ref idref="fl-11"/>
      </object_component>
      <object_component id="oc-1e6">
         <name>.TI.ramfunc:Flash_setPumpPowerMode</name>
         <load_address>0x86093</load_address>
         <run_address>0x8093</run_address>
         <size>0x1d</size>
         <input_file_ref idref="fl-11"/>
      </object_component>
      <object_component id="oc-1ec">
         <name>.TI.ramfunc:Flash_disableCache</name>
         <load_address>0x860b0</load_address>
         <run_address>0x80b0</run_address>
         <size>0x18</size>
         <input_file_ref idref="fl-11"/>
      </object_component>
      <object_component id="oc-1f2">
         <name>.TI.ramfunc:Flash_disablePrefetch</name>
         <load_address>0x860c8</load_address>
         <run_address>0x80c8</run_address>
         <size>0x18</size>
         <input_file_ref idref="fl-11"/>
      </object_component>
      <object_component id="oc-1fe">
         <name>.TI.ramfunc:Flash_enableCache</name>
         <load_address>0x860e0</load_address>
         <run_address>0x80e0</run_address>
         <size>0x17</size>
         <input_file_ref idref="fl-11"/>
      </object_component>
      <object_component id="oc-204">
         <name>.TI.ramfunc:Flash_enablePrefetch</name>
         <load_address>0x860f7</load_address>
         <run_address>0x80f7</run_address>
         <size>0x17</size>
         <input_file_ref idref="fl-11"/>
      </object_component>
      <object_component id="oc-20a">
         <name>.TI.ramfunc:Flash_enableECC</name>
         <load_address>0x8610e</load_address>
         <run_address>0x810e</run_address>
         <size>0x16</size>
         <input_file_ref idref="fl-11"/>
      </object_component>
      <object_component id="oc-127">
         <name>.TI.ramfunc</name>
         <load_address>0x86124</load_address>
         <run_address>0x8124</run_address>
         <size>0x4</size>
         <input_file_ref idref="fl-17"/>
      </object_component>
      <object_component id="oc-1ab">
         <name>.debug_types</name>
         <load_address>0x0</load_address>
         <run_address>0x0</run_address>
         <size>0x1da5</size>
         <input_file_ref idref="fl-2"/>
      </object_component>
      <object_component id="oc-1ad">
         <name>.debug_types</name>
         <load_address>0x0</load_address>
         <run_address>0x0</run_address>
         <size>0x0</size>
         <input_file_ref idref="fl-3"/>
      </object_component>
      <object_component id="oc-129">
         <name>.debug_types</name>
         <load_address>0x1da5</load_address>
         <run_address>0x1da5</run_address>
         <size>0x229</size>
         <input_file_ref idref="fl-4"/>
      </object_component>
      <object_component id="oc-1bc">
         <name>.debug_types</name>
         <load_address>0x1fce</load_address>
         <run_address>0x1fce</run_address>
         <size>0x1fe</size>
         <input_file_ref idref="fl-5"/>
      </object_component>
      <object_component id="oc-17d">
         <name>.debug_types</name>
         <load_address>0x21cc</load_address>
         <run_address>0x21cc</run_address>
         <size>0xf77</size>
         <input_file_ref idref="fl-7"/>
      </object_component>
      <object_component id="oc-256">
         <name>.debug_types</name>
         <load_address>0x3143</load_address>
         <run_address>0x3143</run_address>
         <size>0x19a</size>
         <input_file_ref idref="fl-10"/>
      </object_component>
      <object_component id="oc-211">
         <name>.debug_types</name>
         <load_address>0x32dd</load_address>
         <run_address>0x32dd</run_address>
         <size>0x1d7</size>
         <input_file_ref idref="fl-11"/>
      </object_component>
      <object_component id="oc-237">
         <name>.debug_types</name>
         <load_address>0x34b4</load_address>
         <run_address>0x34b4</run_address>
         <size>0x2c4</size>
         <input_file_ref idref="fl-12"/>
      </object_component>
      <object_component id="oc-25f">
         <name>.debug_types</name>
         <load_address>0x0</load_address>
         <run_address>0x0</run_address>
         <size>0x0</size>
         <input_file_ref idref="fl-13"/>
      </object_component>
      <object_component id="oc-72">
         <name>.debug_types</name>
         <load_address>0x0</load_address>
         <run_address>0x0</run_address>
         <size>0x0</size>
         <input_file_ref idref="fl-14"/>
      </object_component>
      <object_component id="oc-26e">
         <name>.debug_types</name>
         <load_address>0x3778</load_address>
         <run_address>0x3778</run_address>
         <size>0xe3</size>
         <input_file_ref idref="fl-15"/>
      </object_component>
      <object_component id="oc-284">
         <name>.debug_types</name>
         <load_address>0x385b</load_address>
         <run_address>0x385b</run_address>
         <size>0x510</size>
         <input_file_ref idref="fl-16"/>
      </object_component>
      <object_component id="oc-213">
         <name>.debug_types</name>
         <load_address>0x3d6b</load_address>
         <run_address>0x3d6b</run_address>
         <size>0x254</size>
         <input_file_ref idref="fl-17"/>
      </object_component>
      <object_component id="oc-28d">
         <name>.debug_types</name>
         <load_address>0x3fbf</load_address>
         <run_address>0x3fbf</run_address>
         <size>0x2c2</size>
         <input_file_ref idref="fl-23"/>
      </object_component>
      <object_component id="oc-7a">
         <name>.debug_types</name>
         <load_address>0x4281</load_address>
         <run_address>0x4281</run_address>
         <size>0x89</size>
         <input_file_ref idref="fl-26"/>
      </object_component>
      <object_component id="oc-b0">
         <name>.debug_types</name>
         <load_address>0x0</load_address>
         <run_address>0x0</run_address>
         <size>0x0</size>
         <input_file_ref idref="fl-27"/>
      </object_component>
      <object_component id="oc-fb">
         <name>.debug_types</name>
         <load_address>0x430a</load_address>
         <run_address>0x430a</run_address>
         <size>0x48e</size>
         <input_file_ref idref="fl-28"/>
      </object_component>
      <object_component id="oc-5e">
         <name>.debug_types</name>
         <load_address>0x4798</load_address>
         <run_address>0x4798</run_address>
         <size>0x194</size>
         <input_file_ref idref="fl-2a"/>
      </object_component>
      <object_component id="oc-56">
         <name>.debug_types</name>
         <load_address>0x492c</load_address>
         <run_address>0x492c</run_address>
         <size>0x191</size>
         <input_file_ref idref="fl-2b"/>
      </object_component>
      <object_component id="oc-f0">
         <name>.debug_types</name>
         <load_address>0x4abd</load_address>
         <run_address>0x4abd</run_address>
         <size>0x90</size>
         <input_file_ref idref="fl-2c"/>
      </object_component>
      <object_component id="oc-137">
         <name>.debug_types</name>
         <load_address>0x4b4d</load_address>
         <run_address>0x4b4d</run_address>
         <size>0x2f</size>
         <input_file_ref idref="fl-2d"/>
      </object_component>
      <object_component id="oc-e8">
         <name>.debug_types</name>
         <load_address>0x4b7c</load_address>
         <run_address>0x4b7c</run_address>
         <size>0xb6</size>
         <input_file_ref idref="fl-2e"/>
      </object_component>
      <object_component id="oc-97">
         <name>.debug_types</name>
         <load_address>0x0</load_address>
         <run_address>0x0</run_address>
         <size>0x0</size>
         <input_file_ref idref="fl-2f"/>
      </object_component>
      <object_component id="oc-337">
         <name>.debug_types</name>
         <load_address>0x4c32</load_address>
         <run_address>0x4c32</run_address>
         <size>0x9dd</size>
         <input_file_ref idref="fl-30"/>
      </object_component>
      <object_component id="oc-384">
         <name>.debug_types</name>
         <load_address>0x560f</load_address>
         <run_address>0x560f</run_address>
         <size>0x160</size>
         <input_file_ref idref="fl-31"/>
      </object_component>
      <object_component id="oc-13c">
         <name>.debug_types</name>
         <load_address>0x0</load_address>
         <run_address>0x0</run_address>
         <size>0x0</size>
         <input_file_ref idref="fl-3f"/>
      </object_component>
      <object_component id="oc-3f1">
         <name>.debug_types</name>
         <load_address>0x576f</load_address>
         <run_address>0x576f</run_address>
         <size>0x61</size>
         <input_file_ref idref="fl-40"/>
      </object_component>
      <object_component id="oc-37f">
         <name>.debug_types</name>
         <load_address>0x57d0</load_address>
         <run_address>0x57d0</run_address>
         <size>0x34</size>
         <input_file_ref idref="fl-41"/>
      </object_component>
      <object_component id="oc-3dc">
         <name>.debug_types</name>
         <load_address>0x0</load_address>
         <run_address>0x0</run_address>
         <size>0x0</size>
         <input_file_ref idref="fl-42"/>
      </object_component>
      <object_component id="oc-377">
         <name>.debug_types</name>
         <load_address>0x0</load_address>
         <run_address>0x0</run_address>
         <size>0x0</size>
         <input_file_ref idref="fl-43"/>
      </object_component>
      <object_component id="oc-40c">
         <name>.debug_types</name>
         <load_address>0x0</load_address>
         <run_address>0x0</run_address>
         <size>0x0</size>
         <input_file_ref idref="fl-44"/>
      </object_component>
      <object_component id="oc-375">
         <name>.debug_types</name>
         <load_address>0x5804</load_address>
         <run_address>0x5804</run_address>
         <size>0x34</size>
         <input_file_ref idref="fl-45"/>
      </object_component>
      <object_component id="oc-373">
         <name>.debug_types</name>
         <load_address>0x0</load_address>
         <run_address>0x0</run_address>
         <size>0x0</size>
         <input_file_ref idref="fl-46"/>
      </object_component>
      <object_component id="oc-387">
         <name>.debug_types</name>
         <load_address>0x0</load_address>
         <run_address>0x0</run_address>
         <size>0x0</size>
         <input_file_ref idref="fl-47"/>
      </object_component>
      <object_component id="oc-3fe">
         <name>.debug_types</name>
         <load_address>0x5838</load_address>
         <run_address>0x5838</run_address>
         <size>0x2f</size>
         <input_file_ref idref="fl-48"/>
      </object_component>
      <object_component id="oc-409">
         <name>.debug_types</name>
         <load_address>0x0</load_address>
         <run_address>0x0</run_address>
         <size>0x0</size>
         <input_file_ref idref="fl-49"/>
      </object_component>
      <object_component id="oc-41d">
         <name>.debug_types</name>
         <load_address>0x0</load_address>
         <run_address>0x0</run_address>
         <size>0x0</size>
         <input_file_ref idref="fl-4a"/>
      </object_component>
      <object_component id="oc-117">
         <name>.debug_info</name>
         <load_address>0x0</load_address>
         <run_address>0x0</run_address>
         <size>0x312c</size>
         <input_file_ref idref="fl-2"/>
      </object_component>
      <object_component id="oc-11e">
         <name>.debug_info</name>
         <load_address>0x312c</load_address>
         <run_address>0x312c</run_address>
         <size>0x16d</size>
         <input_file_ref idref="fl-3"/>
      </object_component>
      <object_component id="oc-e2">
         <name>.debug_info</name>
         <load_address>0x3299</load_address>
         <run_address>0x3299</run_address>
         <size>0x217</size>
         <input_file_ref idref="fl-4"/>
      </object_component>
      <object_component id="oc-122">
         <name>.debug_info</name>
         <load_address>0x34b0</load_address>
         <run_address>0x34b0</run_address>
         <size>0x1c19</size>
         <input_file_ref idref="fl-5"/>
      </object_component>
      <object_component id="oc-34">
         <name>.debug_info</name>
         <load_address>0x50c9</load_address>
         <run_address>0x50c9</run_address>
         <size>0x13a</size>
         <input_file_ref idref="fl-6"/>
      </object_component>
      <object_component id="oc-6d">
         <name>.debug_info</name>
         <load_address>0x5203</load_address>
         <run_address>0x5203</run_address>
         <size>0x13b</size>
         <input_file_ref idref="fl-6"/>
      </object_component>
      <object_component id="oc-17a">
         <name>.debug_info</name>
         <load_address>0x533e</load_address>
         <run_address>0x533e</run_address>
         <size>0x185</size>
         <input_file_ref idref="fl-7"/>
      </object_component>
      <object_component id="oc-10b">
         <name>.debug_info</name>
         <load_address>0x54c3</load_address>
         <run_address>0x54c3</run_address>
         <size>0x1c90</size>
         <input_file_ref idref="fl-7"/>
      </object_component>
      <object_component id="oc-245">
         <name>.debug_info</name>
         <load_address>0x7153</load_address>
         <run_address>0x7153</run_address>
         <size>0x207</size>
         <input_file_ref idref="fl-10"/>
      </object_component>
      <object_component id="oc-18d">
         <name>.debug_info</name>
         <load_address>0x735a</load_address>
         <run_address>0x735a</run_address>
         <size>0x2bc</size>
         <input_file_ref idref="fl-10"/>
      </object_component>
      <object_component id="oc-24a">
         <name>.debug_info</name>
         <load_address>0x7616</load_address>
         <run_address>0x7616</run_address>
         <size>0x24a</size>
         <input_file_ref idref="fl-10"/>
      </object_component>
      <object_component id="oc-251">
         <name>.debug_info</name>
         <load_address>0x7860</load_address>
         <run_address>0x7860</run_address>
         <size>0x288</size>
         <input_file_ref idref="fl-10"/>
      </object_component>
      <object_component id="oc-1cf">
         <name>.debug_info</name>
         <load_address>0x7ae8</load_address>
         <run_address>0x7ae8</run_address>
         <size>0x21d</size>
         <input_file_ref idref="fl-11"/>
      </object_component>
      <object_component id="oc-1d5">
         <name>.debug_info</name>
         <load_address>0x7d05</load_address>
         <run_address>0x7d05</run_address>
         <size>0x219</size>
         <input_file_ref idref="fl-11"/>
      </object_component>
      <object_component id="oc-1fa">
         <name>.debug_info</name>
         <load_address>0x7f1e</load_address>
         <run_address>0x7f1e</run_address>
         <size>0x279</size>
         <input_file_ref idref="fl-11"/>
      </object_component>
      <object_component id="oc-1e1">
         <name>.debug_info</name>
         <load_address>0x8197</load_address>
         <run_address>0x8197</run_address>
         <size>0x28f</size>
         <input_file_ref idref="fl-11"/>
      </object_component>
      <object_component id="oc-1e7">
         <name>.debug_info</name>
         <load_address>0x8426</load_address>
         <run_address>0x8426</run_address>
         <size>0x26e</size>
         <input_file_ref idref="fl-11"/>
      </object_component>
      <object_component id="oc-205">
         <name>.debug_info</name>
         <load_address>0x8694</load_address>
         <run_address>0x8694</run_address>
         <size>0x23f</size>
         <input_file_ref idref="fl-11"/>
      </object_component>
      <object_component id="oc-1f3">
         <name>.debug_info</name>
         <load_address>0x88d3</load_address>
         <run_address>0x88d3</run_address>
         <size>0x241</size>
         <input_file_ref idref="fl-11"/>
      </object_component>
      <object_component id="oc-1ff">
         <name>.debug_info</name>
         <load_address>0x8b14</load_address>
         <run_address>0x8b14</run_address>
         <size>0x239</size>
         <input_file_ref idref="fl-11"/>
      </object_component>
      <object_component id="oc-1ed">
         <name>.debug_info</name>
         <load_address>0x8d4d</load_address>
         <run_address>0x8d4d</run_address>
         <size>0x23b</size>
         <input_file_ref idref="fl-11"/>
      </object_component>
      <object_component id="oc-20b">
         <name>.debug_info</name>
         <load_address>0x8f88</load_address>
         <run_address>0x8f88</run_address>
         <size>0x232</size>
         <input_file_ref idref="fl-11"/>
      </object_component>
      <object_component id="oc-1db">
         <name>.debug_info</name>
         <load_address>0x91ba</load_address>
         <run_address>0x91ba</run_address>
         <size>0x27b</size>
         <input_file_ref idref="fl-11"/>
      </object_component>
      <object_component id="oc-143">
         <name>.debug_info</name>
         <load_address>0x9435</load_address>
         <run_address>0x9435</run_address>
         <size>0x397</size>
         <input_file_ref idref="fl-11"/>
      </object_component>
      <object_component id="oc-230">
         <name>.debug_info</name>
         <load_address>0x97cc</load_address>
         <run_address>0x97cc</run_address>
         <size>0x205</size>
         <input_file_ref idref="fl-12"/>
      </object_component>
      <object_component id="oc-162">
         <name>.debug_info</name>
         <load_address>0x99d1</load_address>
         <run_address>0x99d1</run_address>
         <size>0x27d</size>
         <input_file_ref idref="fl-12"/>
      </object_component>
      <object_component id="oc-187">
         <name>.debug_info</name>
         <load_address>0x9c4e</load_address>
         <run_address>0x9c4e</run_address>
         <size>0x266</size>
         <input_file_ref idref="fl-12"/>
      </object_component>
      <object_component id="oc-168">
         <name>.debug_info</name>
         <load_address>0x9eb4</load_address>
         <run_address>0x9eb4</run_address>
         <size>0x2ae</size>
         <input_file_ref idref="fl-12"/>
      </object_component>
      <object_component id="oc-175">
         <name>.debug_info</name>
         <load_address>0xa162</load_address>
         <run_address>0xa162</run_address>
         <size>0x296</size>
         <input_file_ref idref="fl-12"/>
      </object_component>
      <object_component id="oc-171">
         <name>.debug_info</name>
         <load_address>0xa3f8</load_address>
         <run_address>0xa3f8</run_address>
         <size>0x24f</size>
         <input_file_ref idref="fl-12"/>
      </object_component>
      <object_component id="oc-259">
         <name>.debug_info</name>
         <load_address>0xa647</load_address>
         <run_address>0xa647</run_address>
         <size>0x207</size>
         <input_file_ref idref="fl-13"/>
      </object_component>
      <object_component id="oc-194">
         <name>.debug_info</name>
         <load_address>0xa84e</load_address>
         <run_address>0xa84e</run_address>
         <size>0x2c9</size>
         <input_file_ref idref="fl-13"/>
      </object_component>
      <object_component id="oc-17f">
         <name>.debug_info</name>
         <load_address>0xab17</load_address>
         <run_address>0xab17</run_address>
         <size>0x200</size>
         <input_file_ref idref="fl-14"/>
      </object_component>
      <object_component id="oc-110">
         <name>.debug_info</name>
         <load_address>0xad17</load_address>
         <run_address>0xad17</run_address>
         <size>0x20f</size>
         <input_file_ref idref="fl-14"/>
      </object_component>
      <object_component id="oc-43">
         <name>.debug_info</name>
         <load_address>0xaf26</load_address>
         <run_address>0xaf26</run_address>
         <size>0x21c</size>
         <input_file_ref idref="fl-14"/>
      </object_component>
      <object_component id="oc-49">
         <name>.debug_info</name>
         <load_address>0xb142</load_address>
         <run_address>0xb142</run_address>
         <size>0x202</size>
         <input_file_ref idref="fl-14"/>
      </object_component>
      <object_component id="oc-4f">
         <name>.debug_info</name>
         <load_address>0xb344</load_address>
         <run_address>0xb344</run_address>
         <size>0x1e8</size>
         <input_file_ref idref="fl-14"/>
      </object_component>
      <object_component id="oc-3e">
         <name>.debug_info</name>
         <load_address>0xb52c</load_address>
         <run_address>0xb52c</run_address>
         <size>0x20c</size>
         <input_file_ref idref="fl-14"/>
      </object_component>
      <object_component id="oc-264">
         <name>.debug_info</name>
         <load_address>0xb738</load_address>
         <run_address>0xb738</run_address>
         <size>0x205</size>
         <input_file_ref idref="fl-15"/>
      </object_component>
      <object_component id="oc-278">
         <name>.debug_info</name>
         <load_address>0xb93d</load_address>
         <run_address>0xb93d</run_address>
         <size>0x225</size>
         <input_file_ref idref="fl-15"/>
      </object_component>
      <object_component id="oc-272">
         <name>.debug_info</name>
         <load_address>0xbb62</load_address>
         <run_address>0xbb62</run_address>
         <size>0x227</size>
         <input_file_ref idref="fl-15"/>
      </object_component>
      <object_component id="oc-290">
         <name>.debug_info</name>
         <load_address>0xbd89</load_address>
         <run_address>0xbd89</run_address>
         <size>0x22f</size>
         <input_file_ref idref="fl-15"/>
      </object_component>
      <object_component id="oc-29c">
         <name>.debug_info</name>
         <load_address>0xbfb8</load_address>
         <run_address>0xbfb8</run_address>
         <size>0x243</size>
         <input_file_ref idref="fl-15"/>
      </object_component>
      <object_component id="oc-296">
         <name>.debug_info</name>
         <load_address>0xc1fb</load_address>
         <run_address>0xc1fb</run_address>
         <size>0x233</size>
         <input_file_ref idref="fl-15"/>
      </object_component>
      <object_component id="oc-26a">
         <name>.debug_info</name>
         <load_address>0xc42e</load_address>
         <run_address>0xc42e</run_address>
         <size>0x235</size>
         <input_file_ref idref="fl-15"/>
      </object_component>
      <object_component id="oc-1a2">
         <name>.debug_info</name>
         <load_address>0xc663</load_address>
         <run_address>0xc663</run_address>
         <size>0x2b5</size>
         <input_file_ref idref="fl-15"/>
      </object_component>
      <object_component id="oc-1b8">
         <name>.debug_info</name>
         <load_address>0xc918</load_address>
         <run_address>0xc918</run_address>
         <size>0x2ce</size>
         <input_file_ref idref="fl-15"/>
      </object_component>
      <object_component id="oc-19c">
         <name>.debug_info</name>
         <load_address>0xcbe6</load_address>
         <run_address>0xcbe6</run_address>
         <size>0x268</size>
         <input_file_ref idref="fl-15"/>
      </object_component>
      <object_component id="oc-27d">
         <name>.debug_info</name>
         <load_address>0xce4e</load_address>
         <run_address>0xce4e</run_address>
         <size>0x207</size>
         <input_file_ref idref="fl-16"/>
      </object_component>
      <object_component id="oc-1a6">
         <name>.debug_info</name>
         <load_address>0xd055</load_address>
         <run_address>0xd055</run_address>
         <size>0x308</size>
         <input_file_ref idref="fl-16"/>
      </object_component>
      <object_component id="oc-222">
         <name>.debug_info</name>
         <load_address>0xd35d</load_address>
         <run_address>0xd35d</run_address>
         <size>0x1f2</size>
         <input_file_ref idref="fl-17"/>
      </object_component>
      <object_component id="oc-216">
         <name>.debug_info</name>
         <load_address>0xd54f</load_address>
         <run_address>0xd54f</run_address>
         <size>0x20e</size>
         <input_file_ref idref="fl-17"/>
      </object_component>
      <object_component id="oc-31f">
         <name>.debug_info</name>
         <load_address>0xd75d</load_address>
         <run_address>0xd75d</run_address>
         <size>0x1e4</size>
         <input_file_ref idref="fl-17"/>
      </object_component>
      <object_component id="oc-360">
         <name>.debug_info</name>
         <load_address>0xd941</load_address>
         <run_address>0xd941</run_address>
         <size>0x217</size>
         <input_file_ref idref="fl-17"/>
      </object_component>
      <object_component id="oc-30c">
         <name>.debug_info</name>
         <load_address>0xdb58</load_address>
         <run_address>0xdb58</run_address>
         <size>0x244</size>
         <input_file_ref idref="fl-17"/>
      </object_component>
      <object_component id="oc-2f3">
         <name>.debug_info</name>
         <load_address>0xdd9c</load_address>
         <run_address>0xdd9c</run_address>
         <size>0x242</size>
         <input_file_ref idref="fl-17"/>
      </object_component>
      <object_component id="oc-2fa">
         <name>.debug_info</name>
         <load_address>0xdfde</load_address>
         <run_address>0xdfde</run_address>
         <size>0x24a</size>
         <input_file_ref idref="fl-17"/>
      </object_component>
      <object_component id="oc-312">
         <name>.debug_info</name>
         <load_address>0xe228</load_address>
         <run_address>0xe228</run_address>
         <size>0x24d</size>
         <input_file_ref idref="fl-17"/>
      </object_component>
      <object_component id="oc-2ff">
         <name>.debug_info</name>
         <load_address>0xe475</load_address>
         <run_address>0xe475</run_address>
         <size>0x24e</size>
         <input_file_ref idref="fl-17"/>
      </object_component>
      <object_component id="oc-36b">
         <name>.debug_info</name>
         <load_address>0xe6c3</load_address>
         <run_address>0xe6c3</run_address>
         <size>0x258</size>
         <input_file_ref idref="fl-17"/>
      </object_component>
      <object_component id="oc-306">
         <name>.debug_info</name>
         <load_address>0xe91b</load_address>
         <run_address>0xe91b</run_address>
         <size>0x27c</size>
         <input_file_ref idref="fl-17"/>
      </object_component>
      <object_component id="oc-318">
         <name>.debug_info</name>
         <load_address>0xeb97</load_address>
         <run_address>0xeb97</run_address>
         <size>0x241</size>
         <input_file_ref idref="fl-17"/>
      </object_component>
      <object_component id="oc-155">
         <name>.debug_info</name>
         <load_address>0xedd8</load_address>
         <run_address>0xedd8</run_address>
         <size>0x277</size>
         <input_file_ref idref="fl-17"/>
      </object_component>
      <object_component id="oc-150">
         <name>.debug_info</name>
         <load_address>0xf04f</load_address>
         <run_address>0xf04f</run_address>
         <size>0x519</size>
         <input_file_ref idref="fl-17"/>
      </object_component>
      <object_component id="oc-2b9">
         <name>.debug_info</name>
         <load_address>0xf568</load_address>
         <run_address>0xf568</run_address>
         <size>0x3ba</size>
         <input_file_ref idref="fl-17"/>
      </object_component>
      <object_component id="oc-21c">
         <name>.debug_info</name>
         <load_address>0xf922</load_address>
         <run_address>0xf922</run_address>
         <size>0x243</size>
         <input_file_ref idref="fl-17"/>
      </object_component>
      <object_component id="oc-15c">
         <name>.debug_info</name>
         <load_address>0xfb65</load_address>
         <run_address>0xfb65</run_address>
         <size>0x251</size>
         <input_file_ref idref="fl-17"/>
      </object_component>
      <object_component id="oc-14a">
         <name>.debug_info</name>
         <load_address>0xfdb6</load_address>
         <run_address>0xfdb6</run_address>
         <size>0x241</size>
         <input_file_ref idref="fl-17"/>
      </object_component>
      <object_component id="oc-1b0">
         <name>.debug_info</name>
         <load_address>0xfff7</load_address>
         <run_address>0xfff7</run_address>
         <size>0x2b1</size>
         <input_file_ref idref="fl-23"/>
      </object_component>
      <object_component id="oc-88">
         <name>.debug_info</name>
         <load_address>0x102a8</load_address>
         <run_address>0x102a8</run_address>
         <size>0x140</size>
         <input_file_ref idref="fl-24"/>
      </object_component>
      <object_component id="oc-22a">
         <name>.debug_info</name>
         <load_address>0x103e8</load_address>
         <run_address>0x103e8</run_address>
         <size>0x10f</size>
         <input_file_ref idref="fl-25"/>
      </object_component>
      <object_component id="oc-5a">
         <name>.debug_info</name>
         <load_address>0x104f7</load_address>
         <run_address>0x104f7</run_address>
         <size>0x183</size>
         <input_file_ref idref="fl-26"/>
      </object_component>
      <object_component id="oc-9c">
         <name>.debug_info</name>
         <load_address>0x1067a</load_address>
         <run_address>0x1067a</run_address>
         <size>0x135</size>
         <input_file_ref idref="fl-27"/>
      </object_component>
      <object_component id="oc-b2">
         <name>.debug_info</name>
         <load_address>0x107af</load_address>
         <run_address>0x107af</run_address>
         <size>0x1a7</size>
         <input_file_ref idref="fl-28"/>
      </object_component>
      <object_component id="oc-2d">
         <name>.debug_info</name>
         <load_address>0x10956</load_address>
         <run_address>0x10956</run_address>
         <size>0x19f</size>
         <input_file_ref idref="fl-2a"/>
      </object_component>
      <object_component id="oc-26">
         <name>.debug_info</name>
         <load_address>0x10af5</load_address>
         <run_address>0x10af5</run_address>
         <size>0x1f4</size>
         <input_file_ref idref="fl-2b"/>
      </object_component>
      <object_component id="oc-ea">
         <name>.debug_info</name>
         <load_address>0x10ce9</load_address>
         <run_address>0x10ce9</run_address>
         <size>0x186</size>
         <input_file_ref idref="fl-2c"/>
      </object_component>
      <object_component id="oc-a7">
         <name>.debug_info</name>
         <load_address>0x10e6f</load_address>
         <run_address>0x10e6f</run_address>
         <size>0x191</size>
         <input_file_ref idref="fl-2c"/>
      </object_component>
      <object_component id="oc-ed">
         <name>.debug_info</name>
         <load_address>0x11000</load_address>
         <run_address>0x11000</run_address>
         <size>0xef</size>
         <input_file_ref idref="fl-2d"/>
      </object_component>
      <object_component id="oc-1c1">
         <name>.debug_info</name>
         <load_address>0x110ef</load_address>
         <run_address>0x110ef</run_address>
         <size>0xf3</size>
         <input_file_ref idref="fl-2d"/>
      </object_component>
      <object_component id="oc-133">
         <name>.debug_info</name>
         <load_address>0x111e2</load_address>
         <run_address>0x111e2</run_address>
         <size>0x1eb</size>
         <input_file_ref idref="fl-2d"/>
      </object_component>
      <object_component id="oc-a0">
         <name>.debug_info</name>
         <load_address>0x113cd</load_address>
         <run_address>0x113cd</run_address>
         <size>0x145</size>
         <input_file_ref idref="fl-2e"/>
      </object_component>
      <object_component id="oc-81">
         <name>.debug_info</name>
         <load_address>0x11512</load_address>
         <run_address>0x11512</run_address>
         <size>0x1da</size>
         <input_file_ref idref="fl-2f"/>
      </object_component>
      <object_component id="oc-2e9">
         <name>.debug_info</name>
         <load_address>0x116ec</load_address>
         <run_address>0x116ec</run_address>
         <size>0xd10</size>
         <input_file_ref idref="fl-30"/>
      </object_component>
      <object_component id="oc-35a">
         <name>.debug_info</name>
         <load_address>0x123fc</load_address>
         <run_address>0x123fc</run_address>
         <size>0x1363</size>
         <input_file_ref idref="fl-30"/>
      </object_component>
      <object_component id="oc-351">
         <name>.debug_info</name>
         <load_address>0x1375f</load_address>
         <run_address>0x1375f</run_address>
         <size>0x144</size>
         <input_file_ref idref="fl-31"/>
      </object_component>
      <object_component id="oc-38a">
         <name>.debug_info</name>
         <load_address>0x138a3</load_address>
         <run_address>0x138a3</run_address>
         <size>0x119</size>
         <input_file_ref idref="fl-32"/>
      </object_component>
      <object_component id="oc-399">
         <name>.debug_info</name>
         <load_address>0x139bc</load_address>
         <run_address>0x139bc</run_address>
         <size>0x10f</size>
         <input_file_ref idref="fl-33"/>
      </object_component>
      <object_component id="oc-391">
[...]
         <name>SPI_init</name>
         <value>0x82cb1</value>
         <object_component_ref idref="oc-115"/>
      </symbol>
      <symbol id="sm-a8">
         <name>mySPI0_init</name>
         <value>0x82cb4</value>
         <object_component_ref idref="oc-115"/>
      </symbol>
      <symbol id="sm-a9">
         <name>PinMux_init</name>
         <value>0x82af1</value>
         <object_component_ref idref="oc-115"/>
      </symbol>
      <symbol id="sm-aa">
         <name>SCI_init</name>
         <value>0x82c71</value>
         <object_component_ref idref="oc-115"/>
      </symbol>
      <symbol id="sm-ab">
         <name>Board_init</name>
         <value>0x82ae4</value>
         <object_component_ref idref="oc-115"/>
      </symbol>
      <symbol id="sm-ac">
         <name>myI2C0_init</name>
         <value>0x82c2c</value>
         <object_component_ref idref="oc-115"/>
      </symbol>
      <symbol id="sm-ad">
         <name>ADC_init</name>
         <value>0x82b63</value>
         <object_component_ref idref="oc-115"/>
      </symbol>
      <symbol id="sm-ae">
         <name>myADCB_init</name>
         <value>0x82bd0</value>
         <object_component_ref idref="oc-115"/>
      </symbol>
      <symbol id="sm-af">
         <name>myADCA_init</name>
         <value>0x82b68</value>
         <object_component_ref idref="oc-115"/>
      </symbol>
      <symbol id="sm-b0">
         <name>mySCI0_init</name>
         <value>0x82c74</value>
         <object_component_ref idref="oc-115"/>
      </symbol>
      <symbol id="sm-bd">
         <name>C2000Ware_libraries_init</name>
         <value>0x84cc7</value>
         <object_component_ref idref="oc-11b"/>
      </symbol>
      <symbol id="sm-cb">
         <name>main</name>
         <value>0x84711</value>
         <object_component_ref idref="oc-e1"/>
      </symbol>
      <symbol id="sm-134">
         <name>sensors_getData</name>
         <value>0x83558</value>
         <object_component_ref idref="oc-121"/>
      </symbol>
      <symbol id="sm-135">
         <name>sensors_logData</name>
         <value>0x835f8</value>
         <object_component_ref idref="oc-121"/>
      </symbol>
      <symbol id="sm-136">
         <name>I2C_writeBytes</name>
         <value>0x83665</value>
         <object_component_ref idref="oc-121"/>
      </symbol>
      <symbol id="sm-137">
         <name>sensors_openAirCalibration</name>
         <value>0x83484</value>
         <object_component_ref idref="oc-121"/>
      </symbol>
      <symbol id="sm-138">
         <name>I2C_readRegister</name>
         <value>0x836ba</value>
         <object_component_ref idref="oc-121"/>
      </symbol>
      <symbol id="sm-139">
         <name>sensors_convertData</name>
         <value>0x835dc</value>
         <object_component_ref idref="oc-121"/>
      </symbol>
      <symbol id="sm-148">
         <name>code_start</name>
         <value>0x80000</value>
         <object_component_ref idref="oc-31"/>
      </symbol>
      <symbol id="sm-179">
         <name>Device_enableAllPeripherals</name>
         <value>0x83842</value>
         <object_component_ref idref="oc-109"/>
      </symbol>
      <symbol id="sm-17a">
         <name>Device_initGPIO</name>
         <value>0x8392d</value>
         <object_component_ref idref="oc-109"/>
      </symbol>
      <symbol id="sm-17b">
         <name>Example_Fail</name>
         <value>0xa804</value>
         <object_component_ref idref="oc-179"/>
      </symbol>
      <symbol id="sm-17c">
         <name>Example_setResultFail</name>
         <value>0x83b4b</value>
         <object_component_ref idref="oc-109"/>
      </symbol>
      <symbol id="sm-17d">
         <name>Device_bootCPU2</name>
         <value>0x839c5</value>
         <object_component_ref idref="oc-109"/>
      </symbol>
      <symbol id="sm-17e">
         <name>Device_init</name>
         <value>0x837ef</value>
         <object_component_ref idref="oc-109"/>
      </symbol>
      <symbol id="sm-17f">
         <name>Example_Result</name>
         <value>0xa800</value>
         <object_component_ref idref="oc-179"/>
      </symbol>
      <symbol id="sm-180">
         <name>Device_enableUnbondedGPIOPullups</name>
         <value>0x8397e</value>
         <object_component_ref idref="oc-109"/>
      </symbol>
      <symbol id="sm-181">
         <name>__error__</name>
         <value>0x83b3f</value>
         <object_component_ref idref="oc-109"/>
      </symbol>
      <symbol id="sm-182">
         <name>Example_setResultPass</name>
         <value>0x83b46</value>
         <object_component_ref idref="oc-109"/>
      </symbol>
      <symbol id="sm-183">
         <name>Device_configureTMXAnalogTrim</name>
         <value>0x83994</value>
         <object_component_ref idref="oc-109"/>
      </symbol>
      <symbol id="sm-184">
         <name>Device_enableUnbondedGPIOPullupsFor176Pin</name>
         <value>0x8394e</value>
         <object_component_ref idref="oc-109"/>
      </symbol>
      <symbol id="sm-185">
         <name>Example_done</name>
         <value>0x83b50</value>
         <object_component_ref idref="oc-109"/>
      </symbol>
      <symbol id="sm-186">
         <name>Example_PassCount</name>
         <value>0xa802</value>
         <object_component_ref idref="oc-179"/>
      </symbol>
      <symbol id="sm-187">
         <name>Device_enableUnbondedGPIOPullupsFor100Pin</name>
         <value>0x83961</value>
         <object_component_ref idref="oc-109"/>
      </symbol>
      <symbol id="sm-1c8">
         <name>ADC_setOffsetTrim</name>
         <value>0x84361</value>
         <object_component_ref idref="oc-24f"/>
      </symbol>
      <symbol id="sm-1c9">
         <name>ADC_setMode</name>
         <value>0x847a3</value>
         <object_component_ref idref="oc-18c"/>
      </symbol>
      <symbol id="sm-1ca">
         <name>ADC_setINLTrim</name>
         <value>0x84226</value>
         <object_component_ref idref="oc-249"/>
      </symbol>
      <symbol id="sm-244">
         <name>Flash_initModule</name>
         <value>0x8000</value>
         <object_component_ref idref="oc-142"/>
      </symbol>
      <symbol id="sm-286">
         <name>GPIO_setQualificationMode</name>
         <value>0x84677</value>
         <object_component_ref idref="oc-167"/>
      </symbol>
      <symbol id="sm-287">
         <name>GPIO_setPadConfig</name>
         <value>0x8441d</value>
         <object_component_ref idref="oc-186"/>
      </symbol>
      <symbol id="sm-288">
         <name>GPIO_setDirectionMode</name>
         <value>0x846e0</value>
         <object_component_ref idref="oc-161"/>
      </symbol>
      <symbol id="sm-289">
         <name>GPIO_setPinConfig</name>
         <value>0x84640</value>
         <object_component_ref idref="oc-16d"/>
      </symbol>
      <symbol id="sm-28a">
         <name>GPIO_setControllerCore</name>
         <value>0x84609</value>
         <object_component_ref idref="oc-173"/>
      </symbol>
      <symbol id="sm-2ac">
         <name>I2C_initController</name>
         <value>0x842fd</value>
         <object_component_ref idref="oc-192"/>
      </symbol>
      <symbol id="sm-2e6">
         <name>Interrupt_defaultHandler</name>
         <value>0x84b3c</value>
         <object_component_ref idref="oc-3c"/>
      </symbol>
      <symbol id="sm-2e7">
         <name>Interrupt_initModule</name>
         <value>0x845cc</value>
         <object_component_ref idref="oc-10f"/>
      </symbol>
      <symbol id="sm-2e8">
         <name>Interrupt_nmiHandler</name>
         <value>0x84c75</value>
         <object_component_ref idref="oc-4e"/>
      </symbol>
      <symbol id="sm-2e9">
         <name>Interrupt_initVectorTable</name>
         <value>0x84999</value>
         <object_component_ref idref="oc-3d"/>
      </symbol>
      <symbol id="sm-2ea">
         <name>Interrupt_illegalOperationHandler</name>
         <value>0x84c6b</value>
         <object_component_ref idref="oc-48"/>
      </symbol>
      <symbol id="sm-35b">
         <name>SCI_clearInterruptStatus</name>
         <value>0x84508</value>
         <object_component_ref idref="oc-198"/>
      </symbol>
      <symbol id="sm-35c">
         <name>SCI_writeCharArray</name>
         <value>0x8454d</value>
         <object_component_ref idref="oc-1b5"/>
      </symbol>
      <symbol id="sm-35d">
         <name>SCI_setConfig</name>
         <value>0x8458e</value>
         <object_component_ref idref="oc-19e"/>
      </symbol>
      <symbol id="sm-37d">
         <name>SPI_setConfig</name>
         <value>0x843c1</value>
         <object_component_ref idref="oc-1a4"/>
      </symbol>
      <symbol id="sm-456">
         <name>SysCtl_delay</name>
         <value>0x8124</value>
         <object_component_ref idref="oc-127"/>
      </symbol>
      <symbol id="sm-457">
         <name>SysCtl_getDeviceParametric</name>
         <value>0x84295</value>
         <object_component_ref idref="oc-148"/>
      </symbol>
      <symbol id="sm-458">
         <name>SysCtl_selectXTAL</name>
         <value>0x84000</value>
         <object_component_ref idref="oc-2b8"/>
      </symbol>
      <symbol id="sm-459">
         <name>SysCtl_selectOscSource</name>
         <value>0x844c0</value>
         <object_component_ref idref="oc-21b"/>
      </symbol>
      <symbol id="sm-45a">
         <name>SysCtl_getLowSpeedClock</name>
         <value>0x84a95</value>
         <object_component_ref idref="oc-15b"/>
      </symbol>
      <symbol id="sm-45b">
         <name>SysCtl_setClock</name>
         <value>0x83b51</value>
         <object_component_ref idref="oc-14e"/>
      </symbol>
      <symbol id="sm-45c">
         <name>SysCtl_getClock</name>
         <value>0x8446f</value>
         <object_component_ref idref="oc-154"/>
      </symbol>
      <symbol id="sm-46b">
         <name>sprintf</name>
         <value>0x846ae</value>
         <object_component_ref idref="oc-1af"/>
      </symbol>
      <symbol id="sm-475">
         <name>_c_int00</name>
         <value>0x84b25</value>
         <object_component_ref idref="oc-87"/>
      </symbol>
      <symbol id="sm-476">
         <name>__stack</name>
         <value>0x400</value>
         <object_component_ref idref="oc-54"/>
      </symbol>
      <symbol id="sm-483">
         <name>__c28xabi_divf</name>
         <value>0x8411b</value>
         <object_component_ref idref="oc-227"/>
      </symbol>
      <symbol id="sm-495">
         <name>memcpy</name>
         <value>0x849f2</value>
         <object_component_ref idref="oc-57"/>
      </symbol>
      <symbol id="sm-4a2">
         <name>_system_pre_init</name>
         <value>0x84cc5</value>
         <object_component_ref idref="oc-98"/>
      </symbol>
      <symbol id="sm-4b1">
         <name>__TI_auto_init_nobinit_nopinit</name>
         <value>0x84800</value>
         <object_component_ref idref="oc-b1"/>
      </symbol>
      <symbol id="sm-4bf">
         <name>__TI_decompress_none</name>
         <value>0x84ca2</value>
         <object_component_ref idref="oc-2a"/>
      </symbol>
      <symbol id="sm-4d3">
         <name>__TI_decompress_lzss</name>
         <value>0x847d2</value>
         <object_component_ref idref="oc-24"/>
      </symbol>
      <symbol id="sm-4e9">
         <name>C$$EXIT</name>
         <value>0x8487f</value>
         <object_component_ref idref="oc-a5"/>
      </symbol>
      <symbol id="sm-4ea">
         <name>abort</name>
         <value>0x8487f</value>
         <object_component_ref idref="oc-a5"/>
      </symbol>
      <symbol id="sm-4eb">
         <name>exit</name>
         <value>0x84881</value>
         <object_component_ref idref="oc-a5"/>
      </symbol>
      <symbol id="sm-4ec">
         <name>__TI_dtors_ptr</name>
         <value>0xa80a</value>
         <object_component_ref idref="oc-e9"/>
      </symbol>
      <symbol id="sm-4ed">
         <name>__TI_cleanup_ptr</name>
         <value>0xa808</value>
         <object_component_ref idref="oc-e9"/>
      </symbol>
      <symbol id="sm-4ee">
         <name>__TI_enable_exit_profile_output</name>
         <value>0xa806</value>
         <object_component_ref idref="oc-e9"/>
      </symbol>
      <symbol id="sm-505">
         <name>_nop</name>
         <value>0x84c90</value>
         <object_component_ref idref="oc-12f"/>
      </symbol>
      <symbol id="sm-506">
         <name>_lock</name>
         <value>0xa80c</value>
         <object_component_ref idref="oc-ec"/>
      </symbol>
      <symbol id="sm-507">
         <name>_unlock</name>
         <value>0xa80e</value>
         <object_component_ref idref="oc-1c0"/>
      </symbol>
      <symbol id="sm-508">
         <name>_register_lock</name>
         <value>0x84c8c</value>
         <object_component_ref idref="oc-12f"/>
      </symbol>
      <symbol id="sm-509">
         <name>_register_unlock</name>
         <value>0x84c88</value>
         <object_component_ref idref="oc-12f"/>
      </symbol>
      <symbol id="sm-518">
         <name>_args_main</name>
         <value>0x84c3d</value>
         <object_component_ref idref="oc-9f"/>
      </symbol>
      <symbol id="sm-527">
         <name>memset</name>
         <value>0x84cb9</value>
         <object_component_ref idref="oc-80"/>
      </symbol>
      <symbol id="sm-68f">
         <name>__TI_printfi</name>
         <value>0x83170</value>
         <object_component_ref idref="oc-2e6"/>
      </symbol>
      <symbol id="sm-69e">
         <name>wcslen</name>
         <value>0x84c60</value>
         <object_component_ref idref="oc-34d"/>
      </symbol>
      <symbol id="sm-6aa">
         <name>__c28xabi_cmpd</name>
         <value>0x8482b</value>
         <object_component_ref idref="oc-389"/>
      </symbol>
      <symbol id="sm-6b8">
         <name>__c28xabi_mpyd</name>
         <value>0x841a3</value>
         <object_component_ref idref="oc-398"/>
      </symbol>
      <symbol id="sm-6c1">
         <name>__c28xabi_negd</name>
         <value>0x84c91</value>
         <object_component_ref idref="oc-38e"/>
      </symbol>
      <symbol id="sm-6c9">
         <name>__c28xabi_subd</name>
         <value>0x84c22</value>
         <object_component_ref idref="oc-3ad"/>
      </symbol>
      <symbol id="sm-6d4">
         <name>__c28xabi_dtoi</name>
         <value>0x8491a</value>
         <object_component_ref idref="oc-3b2"/>
      </symbol>
      <symbol id="sm-6df">
         <name>__c28xabi_dtol</name>
         <value>0x8497a</value>
         <object_component_ref idref="oc-39d"/>
      </symbol>
      <symbol id="sm-6e7">
         <name>__c28xabi_orll</name>
         <value>0x84ae7</value>
         <object_component_ref idref="oc-348"/>
      </symbol>
      <symbol id="sm-6e8">
         <name>__c28xabi_xorll</name>
         <value>0x84aef</value>
         <object_component_ref idref="oc-348"/>
      </symbol>
      <symbol id="sm-6e9">
         <name>__c28xabi_andll</name>
         <value>0x84adf</value>
         <object_component_ref idref="oc-348"/>
      </symbol>
      <symbol id="sm-6f3">
         <name>__c28xabi_cmpll</name>
         <value>0x849b7</value>
         <object_component_ref idref="oc-33e"/>
      </symbol>
      <symbol id="sm-6f4">
         <name>__c28xabi_cmpull</name>
         <value>0x849c9</value>
         <object_component_ref idref="oc-33e"/>
      </symbol>
      <symbol id="sm-71b">
         <name>__c28xabi_modull</name>
         <value>0x83dff</value>
         <object_component_ref idref="oc-343"/>
      </symbol>
      <symbol id="sm-71c">
         <name>__c28xabi_divull</name>
         <value>0x83dd0</value>
         <object_component_ref idref="oc-343"/>
      </symbol>
      <symbol id="sm-71d">
         <name>__c28xabi_divll</name>
         <value>0x83d5a</value>
         <object_component_ref idref="oc-343"/>
      </symbol>
      <symbol id="sm-71e">
         <name>__c28xabi_modll</name>
         <value>0x83d96</value>
         <object_component_ref idref="oc-343"/>
      </symbol>
      <symbol id="sm-72a">
         <name>__c28xabi_itod</name>
         <value>0x849d5</value>
         <object_component_ref idref="oc-3c3"/>
      </symbol>
      <symbol id="sm-736">
         <name>__c28xabi_ltod</name>
         <value>0x84a0f</value>
         <object_component_ref idref="oc-3a8"/>
      </symbol>
      <symbol id="sm-749">
         <name>__c28xabi_divd</name>
         <value>0x84090</value>
         <object_component_ref idref="oc-393"/>
      </symbol>
      <symbol id="sm-757">
         <name>_system_post_cinit</name>
         <value>0x84cc8</value>
         <object_component_ref idref="oc-f4"/>
      </symbol>
      <symbol id="sm-766">
         <name>__TI_ltoa</name>
         <value>0x84773</value>
         <object_component_ref idref="oc-3a2"/>
      </symbol>
      <symbol id="sm-77b">
         <name>atoi</name>
         <value>0x84742</value>
         <object_component_ref idref="oc-338"/>
      </symbol>
      <symbol id="sm-786">
         <name>_ctypes_</name>
         <value>0x9010f</value>
         <object_component_ref idref="oc-37b"/>
      </symbol>
      <symbol id="sm-796">
         <name>memccpy</name>
         <value>0x84bf5</value>
         <object_component_ref idref="oc-330"/>
      </symbol>
      <symbol id="sm-7a6">
         <name>strchr</name>
         <value>0x84c49</value>
         <object_component_ref idref="oc-3c8"/>
      </symbol>
      <symbol id="sm-7b4">
         <name>strcpy</name>
         <value>0x84cc0</value>
         <object_component_ref idref="oc-32a"/>
      </symbol>
      <symbol id="sm-7c2">
         <name>strlen</name>
         <value>0x84caa</value>
         <object_component_ref idref="oc-324"/>
      </symbol>
      <symbol id="sm-7cd">
         <name>errno</name>
         <value>0xa810</value>
         <object_component_ref idref="oc-353"/>
      </symbol>
      <symbol id="sm-7e4">
         <name>frexpl</name>
         <value>0x83fa6</value>
         <object_component_ref idref="oc-3b7"/>
      </symbol>
      <symbol id="sm-7e5">
         <name>frexp</name>
         <value>0x83fa6</value>
         <object_component_ref idref="oc-3b7"/>
      </symbol>
      <symbol id="sm-807">
         <name>scalbn</name>
         <value>0x83e61</value>
         <object_component_ref idref="oc-3bd"/>
      </symbol>
      <symbol id="sm-808">
         <name>scalbnl</name>
         <value>0x83e61</value>
         <object_component_ref idref="oc-3bd"/>
      </symbol>
      <symbol id="sm-809">
         <name>ldexpl</name>
         <value>0x83e61</value>
         <object_component_ref idref="oc-3bd"/>
      </symbol>
      <symbol id="sm-80a">
         <name>ldexp</name>
         <value>0x83e61</value>
         <object_component_ref idref="oc-3bd"/>
      </symbol>
      <symbol id="sm-818">
         <name>copysign</name>
         <value>0x848f6</value>
         <object_component_ref idref="oc-402"/>
      </symbol>
      <symbol id="sm-819">
         <name>copysignl</name>
         <value>0x848f6</value>
         <object_component_ref idref="oc-402"/>
      </symbol>
      <symbol id="sm-830">
         <name>__c28xabi_addd</name>
         <value>0x83f0a</value>
         <object_component_ref idref="oc-3f3"/>
      </symbol>
      <symbol id="sm-838">
         <name>__c28xabi_divul</name>
         <value>0x84872</value>
         <object_component_ref idref="oc-3eb"/>
      </symbol>
      <symbol id="sm-839">
         <name>__c28xabi_modul</name>
         <value>0x84879</value>
         <object_component_ref idref="oc-3eb"/>
      </symbol>
      <symbol id="sm-83a">
         <name>__c28xabi_modl</name>
         <value>0x84864</value>
         <object_component_ref idref="oc-3eb"/>
      </symbol>
      <symbol id="sm-83b">
         <name>__c28xabi_divl</name>
         <value>0x84855</value>
         <object_component_ref idref="oc-3eb"/>
      </symbol>
      <symbol id="sm-83d">
         <name>__c_args__</name>
         <value>0x0</value>
      </symbol>
   </symbol_table>
   <title>Link successful</title>
</link_info>
