******************************************************************************
             TMS320C2000 Linker PC v22.6.3                     
******************************************************************************
>> Linked Tue Mar 31 13:26:26 2026

OUTPUT FILE NAME:   <MCUSensorProject_sandbox.out>
ENTRY POINT SYMBOL: "code_start"  address: 00080000


MEMORY CONFIGURATION

         name            origin    length      used     unused   attr    fill
----------------------  --------  ---------  --------  --------  ----  --------
PAGE 0:
  RAMM0                 00000123   000002dd  00000000  000002dd  RWIX
  RAMLS0                00008000   00000800  00000128  000006d8  RWIX
  RAMLS1                00008800   00000800  00000000  00000800  RWIX
  RAMLS2                00009000   00000800  00000000  00000800  RWIX
  RAMLS3                00009800   00000800  00000000  00000800  RWIX
  RAMLS4                0000a000   00000800  00000000  00000800  RWIX
  RAMD0                 0000b000   00000800  00000000  00000800  RWIX
  RAMGS14               0001a000   00001000  00000000  00001000  RWIX
  RAMGS15               0001b000   00000ff8  00000000  00000ff8  RWIX
  BEGIN                 00080000   00000002  00000002  00000000  RWIX
  FLASHA                00080002   00001ffe  00000000  00001ffe  RWIX
  FLASHB                00082000   00002000  00002000  00000000  RWIX
  FLASHC                00084000   00002000  00000cc9  00001337  RWIX
  FLASHD                00086000   00002000  00000128  00001ed8  RWIX
  FLASHE                00088000   00008000  00000000  00008000  RWIX
  FLASHF                00090000   00008000  000007ef  00007811  RWIX
  FLASHG                00098000   00008000  00000000  00008000  RWIX
  FLASHH                000a0000   00008000  00000000  00008000  RWIX
  FLASHI                000a8000   00008000  00000000  00008000  RWIX
  FLASHJ                000b0000   00008000  00000014  00007fec  RWIX
  FLASHK                000b8000   00002000  00000000  00002000  RWIX
  FLASHL                000ba000   00002000  00000000  00002000  RWIX
  FLASHM                000bc000   00002000  00000000  00002000  RWIX
  FLASHN                000be000   00001ff0  00000000  00001ff0  RWIX
  RESET                 003fffc0   00000002  00000000  00000002  RWIX

PAGE 1:
  BOOT_RSVD             00000002   00000121  00000000  00000121  RWIX
  RAMM1                 00000400   000003f8  00000100  000002f8  RWIX
  RAMLS5                0000a800   00000800  00000011  000007ef  RWIX
  RAMD1                 0000b800   00000800  00000000  00000800  RWIX
  RAMGS0                0000c000   00001000  00000000  00001000  RWIX
  RAMGS1                0000d000   00001000  00000000  00001000  RWIX
  RAMGS2                0000e000   00001000  00000000  00001000  RWIX
  RAMGS3                0000f000   00001000  00000000  00001000  RWIX
  RAMGS4                00010000   00001000  00000000  00001000  RWIX
  RAMGS5                00011000   00001000  00000000  00001000  RWIX
  RAMGS6                00012000   00001000  00000000  00001000  RWIX
  RAMGS7                00013000   00001000  00000000  00001000  RWIX
  RAMGS8                00014000   00001000  00000000  00001000  RWIX
  RAMGS9                00015000   00001000  00000000  00001000  RWIX
  RAMGS10               00016000   00001000  00000000  00001000  RWIX
  RAMGS11               00017000   00001000  00000000  00001000  RWIX
  RAMGS12               00018000   00001000  00000000  00001000  RWIX
  RAMGS13               00019000   00001000  00000000  00001000  RWIX
  CPU2TOCPU1RAM         0003f800   00000400  00000000  00000400  RWIX
  CPU1TOCPU2RAM         0003fc00   00000400  00000000  00000400  RWIX


SECTION ALLOCATION MAP

 output                                  attributes/
section   page    origin      length       input sections
--------  ----  ----------  ----------   ----------------
codestart 
*          0    00080000    00000002     
                  00080000    00000002     F2837xD_CodeStartBranch.obj (codestart)

.cinit     0    000b0000    00000014     
                  000b0000    0000000b     (.cinit..data.load) [load image, compression = lzss]
                  000b000b    00000001     --HOLE-- [fill = 0]
                  000b000c    00000004     (__TI_handler_table)
                  000b0010    00000004     (__TI_cinit_table)

.stack     1    00000400    00000100     UNINITIALIZED
                  00000400    00000100     --HOLE--

.reset     0    003fffc0    00000000     DSECT

.init_array 
*          0    00082000    00000000     UNINITIALIZED

.data      1    0000a800    00000011     UNINITIALIZED
                  0000a800    00000006     device.obj (.data)
                  0000a806    00000006     rts2800_fpu32_eabi.lib : exit.c.obj (.data)
                  0000a80c    00000002                            : _lock.c.obj (.data:_lock)
                  0000a80e    00000002                            : _lock.c.obj (.data:_unlock)
                  0000a810    00000001                            : errno.c.obj (.data)

.const     0    00090000    000007ef     
                  00090000    0000010f     board.obj (.const:.string)
                  0009010f    00000101     rts2800_fpu32_eabi.lib : ctype.c.obj (.const:.string:_ctypes_)
                  00090210    000000f1     sensorReader.obj (.const:.string)
                  00090301    00000001     --HOLE-- [fill = 0]
                  00090302    000000c2     driverlib_eabi.lib : sysctl.obj (.const:.string)
                  000903c4    000000bf                        : flash.obj (.const:.string)
                  00090483    00000001     --HOLE-- [fill = 0]
                  00090484    000000bc                        : gpio.obj (.const:.string)
                  00090540    000000bb                        : sci.obj (.const:.string)
                  000905fb    00000001     --HOLE-- [fill = 0]
                  000905fc    000000bb                        : spi.obj (.const:.string)
                  000906b7    00000001     --HOLE-- [fill = 0]
                  000906b8    0000005d                        : adc.obj (.const:.string)
                  00090715    00000001     --HOLE-- [fill = 0]
                  00090716    0000005d                        : i2c.obj (.const:.string)
                  00090773    00000001     --HOLE-- [fill = 0]
                  00090774    00000026     rts2800_fpu32_eabi.lib : _printfi.c.obj (.const:.string)
                  0009079a    0000001c                            : _printfi.c.obj (.const)
                  000907b6    00000008                            : s_frexp.c.obj (.const)
                  000907be    00000002     --HOLE-- [fill = 0]
                  000907c0    0000001c                            : s_scalbn.c.obj (.const)
                  000907dc    00000013     device.obj (.const:.string)

.TI.ramfunc 
*          0    00086000    00000128     RUN ADDR = 00008000
                  00086000    00000043     driverlib_eabi.lib : flash.obj (.TI.ramfunc:Flash_initModule)
                  00086043    0000002c                        : flash.obj (.TI.ramfunc:Flash_setBankPowerMode)
                  0008606f    00000024                        : flash.obj (.TI.ramfunc:Flash_setWaitstates)
                  00086093    0000001d                        : flash.obj (.TI.ramfunc:Flash_setPumpPowerMode)
                  000860b0    00000018                        : flash.obj (.TI.ramfunc:Flash_disableCache)
                  000860c8    00000018                        : flash.obj (.TI.ramfunc:Flash_disablePrefetch)
                  000860e0    00000017                        : flash.obj (.TI.ramfunc:Flash_enableCache)
                  000860f7    00000017                        : flash.obj (.TI.ramfunc:Flash_enablePrefetch)
                  0008610e    00000016                        : flash.obj (.TI.ramfunc:Flash_enableECC)
                  00086124    00000004                        : sysctl.obj (.TI.ramfunc)

GETBUFFER 
*          0    0003f800    00000000     DSECT

GETWRITEIDX 
*          0    0003f800    00000000     DSECT

PUTREADIDX 
*          0    0003f800    00000000     DSECT

.text.1    0    00082000    00002000     
                  00082000    000006c2     rts2800_fpu32_eabi.lib : _printfi.c.obj (.text)
                  000826c2    0000061f     board.obj (.text)
                  00082ce1    00000614     rts2800_fpu32_eabi.lib : _printfi.c.obj (.text:__TI_printfi)
                  000832f5    00000460     sensorReader.obj (.text)
                  00083755    000003fc     device.obj (.text)
                  00083b51    00000209     driverlib_eabi.lib : sysctl.obj (.text:SysCtl_setClock)
                  00083d5a    00000107     rts2800_fpu32_eabi.lib : ll_div28.asm.obj (.text)
                  00083e61    000000a9                            : s_scalbn.c.obj (.text)
                  00083f0a    0000009c                            : fd_add28.asm.obj (.text)
                  00083fa6    0000005a                            : s_frexp.c.obj (.text)

.text.2    0    00084000    00000cc9     
                  00084000    00000090     driverlib_eabi.lib : sysctl.obj (.text:SysCtl_selectXTAL)
                  00084090    0000008b     rts2800_fpu32_eabi.lib : fd_div28.asm.obj (.text)
                  0008411b    00000088                            : fs_div28.asm.obj (.text)
                  000841a3    00000083                            : fd_mpy28.asm.obj (.text)
                  00084226    0000006f     driverlib_eabi.lib : adc.obj (.text:ADC_setINLTrim)
                  00084295    00000068                        : sysctl.obj (.text:SysCtl_getDeviceParametric)
                  000842fd    00000064                        : i2c.obj (.text:I2C_initController)
                  00084361    00000060                        : adc.obj (.text:ADC_setOffsetTrim)
                  000843c1    0000005c                        : spi.obj (.text:SPI_setConfig)
                  0008441d    00000052                        : gpio.obj (.text:GPIO_setPadConfig)
                  0008446f    00000051                        : sysctl.obj (.text:SysCtl_getClock)
                  000844c0    00000048                        : sysctl.obj (.text:SysCtl_selectOscSource)
                  00084508    00000045                        : sci.obj (.text:SCI_clearInterruptStatus)
                  0008454d    00000041                        : sci.obj (.text:SCI_writeCharArray)
                  0008458e    0000003e                        : sci.obj (.text:SCI_setConfig)
                  000845cc    0000003d                        : interrupt.obj (.text:Interrupt_initModule)
                  00084609    00000037                        : gpio.obj (.text:GPIO_setControllerCore)
                  00084640    00000037                        : gpio.obj (.text:GPIO_setPinConfig)
                  00084677    00000037                        : gpio.obj (.text:GPIO_setQualificationMode)
                  000846ae    00000032     rts2800_fpu32_eabi.lib : sprintf.c.obj (.text)
                  000846e0    00000031     driverlib_eabi.lib : gpio.obj (.text:GPIO_setDirectionMode)
                  00084711    00000031     main.obj (.text)
                  00084742    00000031     rts2800_fpu32_eabi.lib : atoi.c.obj (.text)
                  00084773    00000030                            : _ltoa.c.obj (.text)
                  000847a3    0000002f     driverlib_eabi.lib : adc.obj (.text:ADC_setMode)
                  000847d2    0000002e     rts2800_fpu32_eabi.lib : copy_decompress_lzss.c.obj (.text:decompress:lzss)
                  00084800    0000002b                            : autoinit.c.obj (.text:__TI_auto_init_nobinit_nopinit)
                  0008482b    0000002a                            : fd_cmp28.asm.obj (.text)
                  00084855    0000002a                            : l_div28.asm.obj (.text)
                  0008487f    00000029                            : exit.c.obj (.text)
                  000848a8    00000028     driverlib_eabi.lib : sysctl.obj (.text:CPUTimer_selectClockSource)
                  000848d0    00000026                        : flash.obj (.text:Flash_setBankPowerUpDelay)
                  000848f6    00000024     rts2800_fpu32_eabi.lib : s_copysign.c.obj (.text)
                  0008491a    00000021                            : fd_toi28.asm.obj (.text)
                  0008493b    00000020     driverlib_eabi.lib : sci.obj (.text:SCI_isFIFOEnabled)
                  0008495b    0000001f                        : sysctl.obj (.text:CPUTimer_getTimerOverflowStatus)
                  0008497a    0000001f     rts2800_fpu32_eabi.lib : fd_tol28.asm.obj (.text)
                  00084999    0000001e     driverlib_eabi.lib : interrupt.obj (.text:Interrupt_initVectorTable)
                  000849b7    0000001e     rts2800_fpu32_eabi.lib : ll_cmp28.asm.obj (.text)
                  000849d5    0000001d                            : i_tofd28.asm.obj (.text)
                  000849f2    0000001d                            : memcpy.c.obj (.text)
                  00084a0f    0000001c                            : l_tofd28.asm.obj (.text)
                  00084a2b    0000001b     driverlib_eabi.lib : adc.obj (.text:ADC_isBaseValid)
                  00084a46    0000001b                        : sci.obj (.text:SCI_isBaseValid)
                  00084a61    0000001a                        : sysctl.obj (.text:CPUTimer_startTimer)
                  00084a7b    0000001a                        : sci.obj (.text:SCI_isSpaceAvailableNonFIFO)
                  00084a95    0000001a                        : sysctl.obj (.text:SysCtl_getLowSpeedClock)
                  00084aaf    00000018                        : sci.obj (.text:SCI_disableModule)
                  00084ac7    00000018                        : sci.obj (.text:SCI_performSoftwareReset)
                  00084adf    00000018     rts2800_fpu32_eabi.lib : ll_aox28.asm.obj (.text)
                  00084af7    00000017     driverlib_eabi.lib : sysctl.obj (.text:CPUTimer_isBaseValid)
                  00084b0e    00000017                        : spi.obj (.text:SPI_isBaseValid)
                  00084b25    00000017     rts2800_fpu32_eabi.lib : boot28.asm.obj (.text)
                  00084b3c    00000016     driverlib_eabi.lib : interrupt.obj (.text:Interrupt_defaultHandler)
                  00084b52    00000014                        : sysctl.obj (.text:CPUTimer_stopTimer)
                  00084b66    00000014                        : sci.obj (.text:SCI_getTxFIFOStatus)
                  00084b7a    00000013                        : i2c.obj (.text:I2C_isBaseValid)
                  00084b8d    00000013                        : sci.obj (.text:SCI_enableModule)
                  00084ba0    00000012                        : sysctl.obj (.text:CPUTimer_clearOverflowFlag)
                  00084bb2    00000012                        : sysctl.obj (.text:CPUTimer_disableInterrupt)
                  00084bc4    00000011                        : sysctl.obj (.text:CPUTimer_setPeriod)
                  00084bd5    00000010                        : flash.obj (.text:Flash_isCtrlBaseValid)
                  00084be5    00000010                        : flash.obj (.text:Flash_isECCBaseValid)
                  00084bf5    00000010     rts2800_fpu32_eabi.lib : memccpy.c.obj (.text)
                  00084c05    0000000f     driverlib_eabi.lib : sysctl.obj (.text:SysCtl_pollCpuTimer)
                  00084c14    0000000e                        : gpio.obj (.text:GPIO_isPinValid)
                  00084c22    0000000e     rts2800_fpu32_eabi.lib : fd_sub28.asm.obj (.text)
                  00084c30    0000000d     driverlib_eabi.lib : interrupt.obj (.text:Interrupt_disableGlobal)
                  00084c3d    0000000c     rts2800_fpu32_eabi.lib : args_main.c.obj (.text)
                  00084c49    0000000c                            : strchr.c.obj (.text)
                  00084c55    0000000b     driverlib_eabi.lib : sysctl.obj (.text:SysCtl_isMCDClockFailureDetected)
                  00084c60    0000000b     rts2800_fpu32_eabi.lib : wcslen.c.obj (.text)
                  00084c6b    0000000a     driverlib_eabi.lib : interrupt.obj (.text:Interrupt_illegalOperationHandler)
                  00084c75    0000000a                        : interrupt.obj (.text:Interrupt_nmiHandler)
                  00084c7f    00000009                        : sysctl.obj (.text:SysCtl_serviceWatchdog)
                  00084c88    00000009     rts2800_fpu32_eabi.lib : _lock.c.obj (.text)
                  00084c91    00000009                            : fd_neg28.asm.obj (.text)
                  00084c9a    00000008     F2837xD_CodeStartBranch.obj (.text)
                  00084ca2    00000008     rts2800_fpu32_eabi.lib : copy_decompress_none.c.obj (.text:decompress:none)
                  00084caa    00000008                            : strlen.c.obj (.text)
                  00084cb2    00000007     driverlib_eabi.lib : sysctl.obj (.text:SysCtl_resetMCD)
                  00084cb9    00000007     rts2800_fpu32_eabi.lib : memset.c.obj (.text)
                  00084cc0    00000005                            : strcpy.c.obj (.text)
                  00084cc5    00000002                            : pre_init.c.obj (.text)
                  00084cc7    00000001     c2000ware_libraries.obj (.text)
                  00084cc8    00000001     rts2800_fpu32_eabi.lib : startup.c.obj (.text)

MODULE SUMMARY

       Module                        code    ro data   rw data
       ------                        ----    -------   -------
    .\
       sensorReader.obj              1120    241       0      
       main.obj                      49      0         0      
    +--+-----------------------------+-------+---------+---------+
       Total:                        1169    241       0      
                                                              
    .\device\
       device.obj                    1020    19        6      
       F2837xD_CodeStartBranch.obj   10      0         0      
    +--+-----------------------------+-------+---------+---------+
       Total:                        1030    19        6      
                                                              
    .\syscfg\
       board.obj                     1567    271       0      
       c2000ware_libraries.obj       1       0         0      
    +--+-----------------------------+-------+---------+---------+
       Total:                        1568    271       0      
                                                              
    C:\ti\c2000\C2000Ware_6_00_01_00\driverlib\f2837xd\driverlib\ccs\Debug\driverlib_eabi.lib
       sysctl.obj                    1191    194       0      
       flash.obj                     654     191       0      
       sci.obj                       368     187       0      
       gpio.obj                      310     188       0      
       adc.obj                       281     93        0      
       spi.obj                       115     187       0      
       i2c.obj                       119     93        0      
       interrupt.obj                 146     0         0      
    +--+-----------------------------+-------+---------+---------+
       Total:                        3184    1133      0      
                                                              
    C:\ti\ccs2041\ccs\tools\compiler\ti-cgt-c2000_22.6.3.LTS\lib\rts2800_fpu32_eabi.lib
       _printfi.c.obj                3286    66        0      
       ll_div28.asm.obj              263     0         0      
       ctype.c.obj                   0       257       0      
       s_scalbn.c.obj                169     28        0      
       fd_add28.asm.obj              156     0         0      
       fd_div28.asm.obj              139     0         0      
       fs_div28.asm.obj              136     0         0      
       fd_mpy28.asm.obj              131     0         0      
       s_frexp.c.obj                 90      8         0      
       sprintf.c.obj                 50      0         0      
       atoi.c.obj                    49      0         0      
       _ltoa.c.obj                   48      0         0      
       exit.c.obj                    41      0         6      
       copy_decompress_lzss.c.obj    46      0         0      
       autoinit.c.obj                43      0         0      
       fd_cmp28.asm.obj              42      0         0      
       l_div28.asm.obj               42      0         0      
       s_copysign.c.obj              36      0         0      
       fd_toi28.asm.obj              33      0         0      
       fd_tol28.asm.obj              31      0         0      
       ll_cmp28.asm.obj              30      0         0      
       i_tofd28.asm.obj              29      0         0      
       memcpy.c.obj                  29      0         0      
       l_tofd28.asm.obj              28      0         0      
       ll_aox28.asm.obj              24      0         0      
       boot28.asm.obj                23      0         0      
       memccpy.c.obj                 16      0         0      
       fd_sub28.asm.obj              14      0         0      
       _lock.c.obj                   9       0         4      
       args_main.c.obj               12      0         0      
       strchr.c.obj                  12      0         0      
       wcslen.c.obj                  11      0         0      
       fd_neg28.asm.obj              9       0         0      
       copy_decompress_none.c.obj    8       0         0      
       strlen.c.obj                  8       0         0      
       memset.c.obj                  7       0         0      
       strcpy.c.obj                  5       0         0      
       pre_init.c.obj                2       0         0      
       errno.c.obj                   0       0         1      
       startup.c.obj                 1       0         0      
    +--+-----------------------------+-------+---------+---------+
       Total:                        5108    359       11     
                                                              
       Stack:                        0       0         256    
       Linker Generated:             0       19        0      
    +--+-----------------------------+-------+---------+---------+
       Grand Total:                  12059   2042      273    


LINKER GENERATED COPY TABLES

__TI_cinit_table @ 000b0010 records: 1, size/record: 4, table size: 4
	.data: load addr=000b0000, load size=0000000b bytes, run addr=0000a800, run size=00000011 bytes, compression=lzss


LINKER GENERATED HANDLER TABLE

__TI_handler_table @ 000b000c records: 2, size/record: 2, table size: 4
	index: 0, handler: __TI_decompress_lzss
	index: 1, handler: __TI_decompress_none


GLOBAL DATA SYMBOLS: SORTED BY DATA PAGE

address     data page           name
--------    ----------------    ----
00000400      10 (00000400)     __stack

0000a800     2a0 (0000a800)     Example_Result
0000a802     2a0 (0000a800)     Example_PassCount
0000a804     2a0 (0000a800)     Example_Fail
0000a806     2a0 (0000a800)     __TI_enable_exit_profile_output
0000a808     2a0 (0000a800)     __TI_cleanup_ptr
0000a80a     2a0 (0000a800)     __TI_dtors_ptr
0000a80c     2a0 (0000a800)     _lock
0000a80e     2a0 (0000a800)     _unlock
0000a810     2a0 (0000a800)     errno

0009010f    2404 (00090100)     _ctypes_


GLOBAL SYMBOLS: SORTED ALPHABETICALLY BY Name 

page  address   name                                     
----  -------   ----                                     
0     00082b63  ADC_init                                 
0     00084226  ADC_setINLTrim                           
0     000847a3  ADC_setMode                              
0     00084361  ADC_setOffsetTrim                        
0     00082ae4  Board_init                               
0     0008487f  C$$EXIT                                  
0     00084cc7  C2000Ware_libraries_init                 
0     000839c5  Device_bootCPU2                          
0     00083994  Device_configureTMXAnalogTrim            
0     00083842  Device_enableAllPeripherals              
0     0008397e  Device_enableUnbondedGPIOPullups         
0     00083961  Device_enableUnbondedGPIOPullupsFor100Pin
0     0008394e  Device_enableUnbondedGPIOPullupsFor176Pin
0     000837ef  Device_init                              
0     0008392d  Device_initGPIO                          
1     0000a804  Example_Fail                             
1     0000a802  Example_PassCount                        
1     0000a800  Example_Result                           
0     00083b50  Example_done                             
0     00083b4b  Example_setResultFail                    
0     00083b46  Example_setResultPass                    
0     00008000  Flash_initModule                         
0     00084609  GPIO_setControllerCore                   
0     000846e0  GPIO_setDirectionMode                    
0     0008441d  GPIO_setPadConfig                        
0     00084640  GPIO_setPinConfig                        
0     00084677  GPIO_setQualificationMode                
0     00082c29  I2C_init                                 
0     000842fd  I2C_initController                       
0     000836ba  I2C_readRegister                         
0     00083665  I2C_writeBytes                           
0     00084b3c  Interrupt_defaultHandler                 
0     00084c6b  Interrupt_illegalOperationHandler        
0     000845cc  Interrupt_initModule                     
0     00084999  Interrupt_initVectorTable                
0     00084c75  Interrupt_nmiHandler                     
0     00082af1  PinMux_init                              
0     00086128  RamfuncsLoadEnd                          
abs   00000128  RamfuncsLoadSize                         
0     00086000  RamfuncsLoadStart                        
0     00008128  RamfuncsRunEnd                           
abs   00000128  RamfuncsRunSize                          
0     00008000  RamfuncsRunStart                         
0     00084508  SCI_clearInterruptStatus                 
0     00082c71  SCI_init                                 
0     0008458e  SCI_setConfig                            
0     0008454d  SCI_writeCharArray                       
0     00082cb1  SPI_init                                 
0     000843c1  SPI_setConfig                            
0     00008124  SysCtl_delay                             
0     0008446f  SysCtl_getClock                          
0     00084295  SysCtl_getDeviceParametric               
0     00084a95  SysCtl_getLowSpeedClock                  
0     000844c0  SysCtl_selectOscSource                   
0     00084000  SysCtl_selectXTAL                        
0     00083b51  SysCtl_setClock                          
0     000b0010  __TI_CINIT_Base                          
0     000b0014  __TI_CINIT_Limit                         
0     000b0014  __TI_CINIT_Warm                          
0     000b000c  __TI_Handler_Table_Base                  
0     000b0010  __TI_Handler_Table_Limit                 
1     00000500  __TI_STACK_END                           
abs   00000100  __TI_STACK_SIZE                          
0     00084800  __TI_auto_init_nobinit_nopinit           
1     0000a808  __TI_cleanup_ptr                         
0     000847d2  __TI_decompress_lzss                     
0     00084ca2  __TI_decompress_none                     
1     0000a80a  __TI_dtors_ptr                           
1     0000a806  __TI_enable_exit_profile_output          
0     00084773  __TI_ltoa                                
abs   ffffffff  __TI_pprof_out_hndl                      
0     00083170  __TI_printfi                             
abs   ffffffff  __TI_prof_data_size                      
abs   ffffffff  __TI_prof_data_start                     
0     00083f0a  __c28xabi_addd                           
0     00084adf  __c28xabi_andll                          
0     0008482b  __c28xabi_cmpd                           
0     000849b7  __c28xabi_cmpll                          
0     000849c9  __c28xabi_cmpull                         
0     00084090  __c28xabi_divd                           
0     0008411b  __c28xabi_divf                           
0     00084855  __c28xabi_divl                           
0     00083d5a  __c28xabi_divll                          
0     00084872  __c28xabi_divul                          
0     00083dd0  __c28xabi_divull                         
0     0008491a  __c28xabi_dtoi                           
0     0008497a  __c28xabi_dtol                           
0     000849d5  __c28xabi_itod                           
0     00084a0f  __c28xabi_ltod                           
0     00084864  __c28xabi_modl                           
0     00083d96  __c28xabi_modll                          
0     00084879  __c28xabi_modul                          
0     00083dff  __c28xabi_modull                         
0     000841a3  __c28xabi_mpyd                           
0     00084c91  __c28xabi_negd                           
0     00084ae7  __c28xabi_orll                           
0     00084c22  __c28xabi_subd                           
0     00084aef  __c28xabi_xorll                          
n/a   UNDEFED   __c_args__                               
0     00083b3f  __error__                                
1     00000400  __stack                                  
0     00084c3d  _args_main                               
0     00084b25  _c_int00                                 
0     0009010f  _ctypes_                                 
1     0000a80c  _lock                                    
0     00084c90  _nop                                     
0     00084c8c  _register_lock                           
0     00084c88  _register_unlock                         
0     00084cc8  _system_post_cinit                       
0     00084cc5  _system_pre_init                         
1     0000a80e  _unlock                                  
0     0008487f  abort                                    
0     00084742  atoi                                     
0     00080000  code_start                               
0     000848f6  copysign                                 
0     000848f6  copysignl                                
1     0000a810  errno                                    
0     00084881  exit                                     
0     00083fa6  frexp                                    
0     00083fa6  frexpl                                   
0     00083e61  ldexp                                    
0     00083e61  ldexpl                                   
0     00084711  main                                     
0     00084bf5  memccpy                                  
0     000849f2  memcpy                                   
0     00084cb9  memset                                   
0     00082b68  myADCA_init                              
0     00082bd0  myADCB_init                              
0     00082c2c  myI2C0_init                              
0     00082c74  mySCI0_init                              
0     00082cb4  mySPI0_init                              
0     00083e61  scalbn                                   
0     00083e61  scalbnl                                  
0     000835dc  sensors_convertData                      
0     00083558  sensors_getData                          
0     000835f8  sensors_logData                          
0     00083484  sensors_openAirCalibration               
0     000846ae  sprintf                                  
0     00084c49  strchr                                   
0     00084cc0  strcpy                                   
0     00084caa  strlen                                   
0     00084c60  wcslen                                   


GLOBAL SYMBOLS: SORTED BY Symbol Address 

page  address   name                                     
----  -------   ----                                     
0     00008000  Flash_initModule                         
0     00008000  RamfuncsRunStart                         
0     00008124  SysCtl_delay                             
0     00008128  RamfuncsRunEnd                           
0     00080000  code_start                               
0     00082ae4  Board_init                               
0     00082af1  PinMux_init                              
0     00082b63  ADC_init                                 
0     00082b68  myADCA_init                              
0     00082bd0  myADCB_init                              
0     00082c29  I2C_init                                 
0     00082c2c  myI2C0_init                              
0     00082c71  SCI_init                                 
0     00082c74  mySCI0_init                              
0     00082cb1  SPI_init                                 
0     00082cb4  mySPI0_init                              
0     00083170  __TI_printfi                             
0     00083484  sensors_openAirCalibration               
0     00083558  sensors_getData                          
0     000835dc  sensors_convertData                      
0     000835f8  sensors_logData                          
0     00083665  I2C_writeBytes                           
0     000836ba  I2C_readRegister                         
0     000837ef  Device_init                              
0     00083842  Device_enableAllPeripherals              
0     0008392d  Device_initGPIO                          
0     0008394e  Device_enableUnbondedGPIOPullupsFor176Pin
0     00083961  Device_enableUnbondedGPIOPullupsFor100Pin
0     0008397e  Device_enableUnbondedGPIOPullups         
0     00083994  Device_configureTMXAnalogTrim            
0     000839c5  Device_bootCPU2                          
0     00083b3f  __error__                                
0     00083b46  Example_setResultPass                    
0     00083b4b  Example_setResultFail                    
0     00083b50  Example_done                             
0     00083b51  SysCtl_setClock                          
0     00083d5a  __c28xabi_divll                          
0     00083d96  __c28xabi_modll                          
0     00083dd0  __c28xabi_divull                         
0     00083dff  __c28xabi_modull                         
0     00083e61  ldexp                                    
0     00083e61  ldexpl                                   
0     00083e61  scalbn                                   
0     00083e61  scalbnl                                  
0     00083f0a  __c28xabi_addd                           
0     00083fa6  frexp                                    
0     00083fa6  frexpl                                   
0     00084000  SysCtl_selectXTAL                        
0     00084090  __c28xabi_divd                           
0     0008411b  __c28xabi_divf                           
0     000841a3  __c28xabi_mpyd                           
0     00084226  ADC_setINLTrim                           
0     00084295  SysCtl_getDeviceParametric               
0     000842fd  I2C_initController                       
0     00084361  ADC_setOffsetTrim                        
0     000843c1  SPI_setConfig                            
0     0008441d  GPIO_setPadConfig                        
0     0008446f  SysCtl_getClock                          
0     000844c0  SysCtl_selectOscSource                   
0     00084508  SCI_clearInterruptStatus                 
0     0008454d  SCI_writeCharArray                       
0     0008458e  SCI_setConfig                            
0     000845cc  Interrupt_initModule                     
0     00084609  GPIO_setControllerCore                   
0     00084640  GPIO_setPinConfig                        
0     00084677  GPIO_setQualificationMode                
0     000846ae  sprintf                                  
0     000846e0  GPIO_setDirectionMode                    
0     00084711  main                                     
0     00084742  atoi                                     
0     00084773  __TI_ltoa                                
0     000847a3  ADC_setMode                              
0     000847d2  __TI_decompress_lzss                     
0     00084800  __TI_auto_init_nobinit_nopinit           
0     0008482b  __c28xabi_cmpd                           
0     00084855  __c28xabi_divl                           
0     00084864  __c28xabi_modl                           
0     00084872  __c28xabi_divul                          
0     00084879  __c28xabi_modul                          
0     0008487f  C$$EXIT                                  
0     0008487f  abort                                    
0     00084881  exit                                     
0     000848f6  copysign                                 
0     000848f6  copysignl                                
0     0008491a  __c28xabi_dtoi                           
0     0008497a  __c28xabi_dtol                           
0     00084999  Interrupt_initVectorTable                
0     000849b7  __c28xabi_cmpll                          
0     000849c9  __c28xabi_cmpull                         
0     000849d5  __c28xabi_itod                           
0     000849f2  memcpy                                   
0     00084a0f  __c28xabi_ltod                           
0     00084a95  SysCtl_getLowSpeedClock                  
0     00084adf  __c28xabi_andll                          
0     00084ae7  __c28xabi_orll                           
0     00084aef  __c28xabi_xorll                          
0     00084b25  _c_int00                                 
0     00084b3c  Interrupt_defaultHandler                 
0     00084bf5  memccpy                                  
0     00084c22  __c28xabi_subd                           
0     00084c3d  _args_main                               
0     00084c49  strchr                                   
0     00084c60  wcslen                                   
0     00084c6b  Interrupt_illegalOperationHandler        
0     00084c75  Interrupt_nmiHandler                     
0     00084c88  _register_unlock                         
0     00084c8c  _register_lock                           
0     00084c90  _nop                                     
0     00084c91  __c28xabi_negd                           
0     00084ca2  __TI_decompress_none                     
0     00084caa  strlen                                   
0     00084cb9  memset                                   
0     00084cc0  strcpy                                   
0     00084cc5  _system_pre_init                         
0     00084cc7  C2000Ware_libraries_init                 
0     00084cc8  _system_post_cinit                       
0     00086000  RamfuncsLoadStart                        
0     00086128  RamfuncsLoadEnd                          
0     0009010f  _ctypes_                                 
0     000b000c  __TI_Handler_Table_Base                  
0     000b0010  __TI_CINIT_Base                          
0     000b0010  __TI_Handler_Table_Limit                 
0     000b0014  __TI_CINIT_Limit                         
0     000b0014  __TI_CINIT_Warm                          
1     00000400  __stack                                  
1     00000500  __TI_STACK_END                           
1     0000a800  Example_Result                           
1     0000a802  Example_PassCount                        
1     0000a804  Example_Fail                             
1     0000a806  __TI_enable_exit_profile_output          
1     0000a808  __TI_cleanup_ptr                         
1     0000a80a  __TI_dtors_ptr                           
1     0000a80c  _lock                                    
1     0000a80e  _unlock                                  
1     0000a810  errno                                    
abs   00000100  __TI_STACK_SIZE                          
abs   00000128  RamfuncsLoadSize                         
abs   00000128  RamfuncsRunSize                          
abs   ffffffff  __TI_pprof_out_hndl                      
abs   ffffffff  __TI_prof_data_size                      
abs   ffffffff  __TI_prof_data_start                     
n/a   UNDEFED   __c_args__                               

[142 symbols]
