******************************************************************************
             TMS320C2000 Linker PC v22.6.3                     
******************************************************************************
>> Linked Wed Apr  1 10:10:44 2026

OUTPUT FILE NAME:   <MCUSensorProject_sandbox.out>
ENTRY POINT SYMBOL: "code_start"  address: 00000000


MEMORY CONFIGURATION

         name            origin    length      used     unused   attr    fill
----------------------  --------  ---------  --------  --------  ----  --------
PAGE 0:
  BEGIN                 00000000   00000002  00000002  00000000  RWIX
  RAMM0                 00000123   000002dd  00000016  000002c7  RWIX
  RAMLS0                00008000   00000800  00000800  00000000  RWIX
  RAMLS1                00008800   00000800  00000800  00000000  RWIX
  RAMLS2                00009000   00000800  00000800  00000000  RWIX
  RAMLS3                00009800   00000800  00000800  00000000  RWIX
  RAMLS4                0000a000   00000800  00000486  0000037a  RWIX
  RAMD0                 0000b000   00000800  00000800  00000000  RWIX
  FLASHA                00080002   00001ffe  00000000  00001ffe  RWIX
  FLASHB                00082000   00002000  00000000  00002000  RWIX
  FLASHC                00084000   00002000  00000000  00002000  RWIX
  FLASHD                00086000   00002000  00000000  00002000  RWIX
  FLASHE                00088000   00008000  00000000  00008000  RWIX
  FLASHF                00090000   00008000  00000000  00008000  RWIX
  FLASHG                00098000   00008000  00000000  00008000  RWIX
  FLASHH                000a0000   00008000  00000000  00008000  RWIX
  FLASHI                000a8000   00008000  00000000  00008000  RWIX
  FLASHJ                000b0000   00008000  00000000  00008000  RWIX
  FLASHK                000b8000   00002000  00000000  00002000  RWIX
  FLASHL                000ba000   00002000  00000000  00002000  RWIX
  FLASHM                000bc000   00002000  00000000  00002000  RWIX
  FLASHN                000be000   00001ff0  00000000  00001ff0  RWIX
  RESET                 003fffc0   00000002  00000000  00000002  RWIX

PAGE 1:
  BOOT_RSVD             00000002   00000121  00000000  00000121  RWIX
  RAMM1                 00000400   000003f8  00000100  000002f8  RWIX
  RAMLS5                0000a800   00000800  0000071d  000000e3  RWIX
  RAMD1                 0000b800   00000800  00000000  00000800  RWIX
  RAMGS0                0000c000   00001000  00000000  00001000  RWIX
  RAMGS1                0000d000   00001000  00000000  00001000  RWIX
  RAMGS2                0000e000   00001000  00000000  00001000  RWIX
  RAMGS3                0000f000   00001000  00000000  00001000  RWIX
  RAMGS4                00010000   00001000  00000000  00001000  RWIX
  RAMGS5                00011000   00001000  00000000  00001000  RWIX
  RAMGS6                00012000   00001000  00000000  00001000  RWIX
  RAMGS7                00013000   00001000  00000000  00001000  RWIX
  RAMGS8                00014000   00001000  00000000  00001000  RWIX
  RAMGS9                00015000   00001000  00000000  00001000  RWIX
  RAMGS10               00016000   00001000  00000000  00001000  RWIX
  RAMGS11               00017000   00001000  00000000  00001000  RWIX
  RAMGS12               00018000   00001000  00000000  00001000  RWIX
  RAMGS13               00019000   00001000  00000000  00001000  RWIX
  RAMGS14               0001a000   00001000  00000000  00001000  RWIX
  RAMGS15               0001b000   00000ff8  00000000  00000ff8  RWIX
  CPU2TOCPU1RAM         0003f800   00000400  00000000  00000400  RWIX
  CPU1TOCPU2RAM         0003fc00   00000400  00000000  00000400  RWIX
  CANA_MSG_RAM          00049000   00000800  00000000  00000800  RWIX
  CANB_MSG_RAM          0004b000   00000800  00000000  00000800  RWIX


SECTION ALLOCATION MAP

 output                                  attributes/
section   page    origin      length       input sections
--------  ----  ----------  ----------   ----------------
codestart 
*          0    00000000    00000002     
                  00000000    00000002     F2837xD_CodeStartBranch.obj (codestart)

.cinit     0    00000128    00000012     
                  00000128    0000000a     (.cinit..data.load) [load image, compression = lzss]
                  00000132    00000004     (__TI_handler_table)
                  00000136    00000004     (__TI_cinit_table)

.reset     0    003fffc0    00000000     DSECT

.stack     1    00000400    00000100     UNINITIALIZED
                  00000400    00000100     --HOLE--

.init_array 
*          0    00000123    00000000     UNINITIALIZED

.const     1    0000a800    0000070c     
                  0000a800    00000101     rts2800_fpu32_eabi.lib : ctype.c.obj (.const:.string:_ctypes_)
                  0000a901    00000001     --HOLE-- [fill = 0]
                  0000a902    000000f7     board.obj (.const:.string)
                  0000a9f9    00000001     --HOLE-- [fill = 0]
                  0000a9fa    000000e5     sensorReader.obj (.const:.string)
                  0000aadf    00000001     --HOLE-- [fill = 0]
                  0000aae0    000000c2     driverlib_eabi.lib : sysctl.obj (.const:.string)
                  0000aba2    000000bc                        : gpio.obj (.const:.string)
                  0000ac5e    000000bb                        : sci.obj (.const:.string)
                  0000ad19    00000001     --HOLE-- [fill = 0]
                  0000ad1a    000000bb                        : spi.obj (.const:.string)
                  0000add5    00000001     --HOLE-- [fill = 0]
                  0000add6    0000005d                        : adc.obj (.const:.string)
                  0000ae33    00000001     --HOLE-- [fill = 0]
                  0000ae34    0000005d                        : i2c.obj (.const:.string)
                  0000ae91    00000001     --HOLE-- [fill = 0]
                  0000ae92    00000026     rts2800_fpu32_eabi.lib : _printfi.c.obj (.const:.string)
                  0000aeb8    0000001c                            : _printfi.c.obj (.const)
                  0000aed4    0000001c                            : s_scalbn.c.obj (.const)
                  0000aef0    00000013     device.obj (.const:.string)
                  0000af03    00000001     --HOLE-- [fill = 0]
                  0000af04    00000008     rts2800_fpu32_eabi.lib : s_frexp.c.obj (.const)

.data      1    0000af0c    00000011     UNINITIALIZED
                  0000af0c    00000006     device.obj (.data)
                  0000af12    00000006     rts2800_fpu32_eabi.lib : exit.c.obj (.data)
                  0000af18    00000002                            : _lock.c.obj (.data:_lock)
                  0000af1a    00000002                            : _lock.c.obj (.data:_unlock)
                  0000af1c    00000001                            : errno.c.obj (.data)

.TI.ramfunc 
*          0    00000123    00000004     
                  00000123    00000004     driverlib_eabi.lib : sysctl.obj (.TI.ramfunc)

GETBUFFER 
*          0    0003f800    00000000     DSECT

GETWRITEIDX 
*          0    0003f800    00000000     DSECT

PUTREADIDX 
*          0    0003f800    00000000     DSECT

.text.1    0    00008000    00000800     
                  00008000    0000061f     board.obj (.text)
                  0000861f    000000a9     rts2800_fpu32_eabi.lib : s_scalbn.c.obj (.text)
                  000086c8    0000009c                            : fd_add28.asm.obj (.text)
                  00008764    00000090     driverlib_eabi.lib : sysctl.obj (.text:SysCtl_selectXTAL)
                  000087f4    0000000c     rts2800_fpu32_eabi.lib : args_main.c.obj (.text)

.text.2    0    00008800    00000800     
                  00008800    00000614     rts2800_fpu32_eabi.lib : _printfi.c.obj (.text:__TI_printfi)
                  00008e14    0000008b                            : fd_div28.asm.obj (.text)
                  00008e9f    00000088                            : fs_div28.asm.obj (.text)
                  00008f27    00000083                            : fd_mpy28.asm.obj (.text)
                  00008faa    00000052     driverlib_eabi.lib : gpio.obj (.text:GPIO_setPadConfig)
                  00008ffc    00000002     rts2800_fpu32_eabi.lib : pre_init.c.obj (.text)
                  00008ffe    00000001     c2000ware_libraries.obj (.text)
                  00008fff    00000001     rts2800_fpu32_eabi.lib : startup.c.obj (.text)

.text.3    0    00009000    00000800     
                  00009000    00000460     sensorReader.obj (.text)
                  00009460    00000209     driverlib_eabi.lib : sysctl.obj (.text:SysCtl_setClock)
                  00009669    0000006f                        : adc.obj (.text:ADC_setINLTrim)
                  000096d8    00000068                        : sysctl.obj (.text:SysCtl_getDeviceParametric)
                  00009740    00000064                        : i2c.obj (.text:I2C_initController)
                  000097a4    0000005c                        : spi.obj (.text:SPI_setConfig)

.text.4    0    00009800    00000800     
                  00009800    000003ff     device.obj (.text)
                  00009bff    00000060     driverlib_eabi.lib : adc.obj (.text:ADC_setOffsetTrim)
                  00009c5f    0000005a     rts2800_fpu32_eabi.lib : s_frexp.c.obj (.text)
                  00009cb9    00000051     driverlib_eabi.lib : sysctl.obj (.text:SysCtl_getClock)
                  00009d0a    00000048                        : sysctl.obj (.text:SysCtl_selectOscSource)
                  00009d52    00000045                        : sci.obj (.text:SCI_clearInterruptStatus)
                  00009d97    00000041                        : sci.obj (.text:SCI_writeCharArray)
                  00009dd8    0000003e                        : sci.obj (.text:SCI_setConfig)
                  00009e16    0000003d                        : interrupt.obj (.text:Interrupt_initModule)
                  00009e53    00000037                        : gpio.obj (.text:GPIO_setPinConfig)
                  00009e8a    00000037                        : gpio.obj (.text:GPIO_setQualificationMode)
                  00009ec1    00000032     rts2800_fpu32_eabi.lib : sprintf.c.obj (.text)
                  00009ef3    00000031     driverlib_eabi.lib : gpio.obj (.text:GPIO_setDirectionMode)
                  00009f24    00000031     main.obj (.text)
                  00009f55    00000031     rts2800_fpu32_eabi.lib : atoi.c.obj (.text)
                  00009f86    00000030                            : _ltoa.c.obj (.text)
                  00009fb6    0000002f     driverlib_eabi.lib : adc.obj (.text:ADC_setMode)
                  00009fe5    0000001b                        : adc.obj (.text:ADC_isBaseValid)

.text.5    0    0000a000    00000486     
                  0000a000    0000002e     rts2800_fpu32_eabi.lib : copy_decompress_lzss.c.obj (.text:decompress:lzss)
                  0000a02e    0000002b                            : autoinit.c.obj (.text:__TI_auto_init_nobinit_nopinit)
                  0000a059    0000002a                            : fd_cmp28.asm.obj (.text)
                  0000a083    0000002a                            : l_div28.asm.obj (.text)
                  0000a0ad    00000029                            : exit.c.obj (.text)
                  0000a0d6    00000028     driverlib_eabi.lib : sysctl.obj (.text:CPUTimer_selectClockSource)
                  0000a0fe    00000024     rts2800_fpu32_eabi.lib : s_copysign.c.obj (.text)
                  0000a122    00000021                            : fd_toi28.asm.obj (.text)
                  0000a143    00000020     driverlib_eabi.lib : sci.obj (.text:SCI_isFIFOEnabled)
                  0000a163    0000001f                        : sysctl.obj (.text:CPUTimer_getTimerOverflowStatus)
                  0000a182    0000001f     rts2800_fpu32_eabi.lib : fd_tol28.asm.obj (.text)
                  0000a1a1    0000001e     driverlib_eabi.lib : interrupt.obj (.text:Interrupt_initVectorTable)
                  0000a1bf    0000001e     rts2800_fpu32_eabi.lib : ll_cmp28.asm.obj (.text)
                  0000a1dd    0000001d                            : i_tofd28.asm.obj (.text)
                  0000a1fa    0000001d                            : memcpy.c.obj (.text)
                  0000a217    0000001c                            : l_tofd28.asm.obj (.text)
                  0000a233    0000001b     driverlib_eabi.lib : sci.obj (.text:SCI_isBaseValid)
                  0000a24e    0000001a                        : sysctl.obj (.text:CPUTimer_startTimer)
                  0000a268    0000001a                        : sci.obj (.text:SCI_isSpaceAvailableNonFIFO)
                  0000a282    0000001a                        : sysctl.obj (.text:SysCtl_getLowSpeedClock)
                  0000a29c    00000018                        : sci.obj (.text:SCI_disableModule)
                  0000a2b4    00000018                        : sci.obj (.text:SCI_performSoftwareReset)
                  0000a2cc    00000018     rts2800_fpu32_eabi.lib : ll_aox28.asm.obj (.text)
                  0000a2e4    00000017     driverlib_eabi.lib : sysctl.obj (.text:CPUTimer_isBaseValid)
                  0000a2fb    00000017                        : spi.obj (.text:SPI_isBaseValid)
                  0000a312    00000017     rts2800_fpu32_eabi.lib : boot28.asm.obj (.text)
                  0000a329    00000016     driverlib_eabi.lib : interrupt.obj (.text:Interrupt_defaultHandler)
                  0000a33f    00000014                        : sysctl.obj (.text:CPUTimer_stopTimer)
                  0000a353    00000014                        : sci.obj (.text:SCI_getTxFIFOStatus)
                  0000a367    00000013                        : i2c.obj (.text:I2C_isBaseValid)
                  0000a37a    00000013                        : sci.obj (.text:SCI_enableModule)
                  0000a38d    00000012                        : sysctl.obj (.text:CPUTimer_clearOverflowFlag)
                  0000a39f    00000012                        : sysctl.obj (.text:CPUTimer_disableInterrupt)
                  0000a3b1    00000011                        : sysctl.obj (.text:CPUTimer_setPeriod)
                  0000a3c2    00000010     rts2800_fpu32_eabi.lib : memccpy.c.obj (.text)
                  0000a3d2    0000000f     driverlib_eabi.lib : sysctl.obj (.text:SysCtl_pollCpuTimer)
                  0000a3e1    0000000e                        : gpio.obj (.text:GPIO_isPinValid)
                  0000a3ef    0000000e     rts2800_fpu32_eabi.lib : fd_sub28.asm.obj (.text)
                  0000a3fd    0000000d     driverlib_eabi.lib : interrupt.obj (.text:Interrupt_disableGlobal)
                  0000a40a    0000000c     rts2800_fpu32_eabi.lib : strchr.c.obj (.text)
                  0000a416    0000000b     driverlib_eabi.lib : sysctl.obj (.text:SysCtl_isMCDClockFailureDetected)
                  0000a421    0000000b     rts2800_fpu32_eabi.lib : wcslen.c.obj (.text)
                  0000a42c    0000000a     driverlib_eabi.lib : interrupt.obj (.text:Interrupt_illegalOperationHandler)
                  0000a436    0000000a                        : interrupt.obj (.text:Interrupt_nmiHandler)
                  0000a440    00000009                        : sysctl.obj (.text:SysCtl_serviceWatchdog)
                  0000a449    00000009     rts2800_fpu32_eabi.lib : _lock.c.obj (.text)
                  0000a452    00000009                            : fd_neg28.asm.obj (.text)
                  0000a45b    00000008     F2837xD_CodeStartBranch.obj (.text)
                  0000a463    00000008     rts2800_fpu32_eabi.lib : copy_decompress_none.c.obj (.text:decompress:none)
                  0000a46b    00000008                            : strlen.c.obj (.text)
                  0000a473    00000007     driverlib_eabi.lib : sysctl.obj (.text:SysCtl_resetMCD)
                  0000a47a    00000007     rts2800_fpu32_eabi.lib : memset.c.obj (.text)
                  0000a481    00000005                            : strcpy.c.obj (.text)

.text.6    0    0000b000    00000800     
                  0000b000    000006c2     rts2800_fpu32_eabi.lib : _printfi.c.obj (.text)
                  0000b6c2    00000107                            : ll_div28.asm.obj (.text)
                  0000b7c9    00000037     driverlib_eabi.lib : gpio.obj (.text:GPIO_setControllerCore)

MODULE SUMMARY

       Module                        code    ro data   rw data
       ------                        ----    -------   -------
    .\
       sensorReader.obj              1120    229       0      
       main.obj                      49      0         0      
    +--+-----------------------------+-------+---------+---------+
       Total:                        1169    229       0      
                                                              
    .\device\
       device.obj                    1023    19        6      
       F2837xD_CodeStartBranch.obj   10      0         0      
    +--+-----------------------------+-------+---------+---------+
       Total:                        1033    19        6      
                                                              
    .\syscfg\
       board.obj                     1567    247       0      
       c2000ware_libraries.obj       1       0         0      
    +--+-----------------------------+-------+---------+---------+
       Total:                        1568    247       0      
                                                              
    C:\ti\C2000Ware_6_00_01_00\driverlib\f2837xd\driverlib\ccs\Debug\driverlib_eabi.lib
       sysctl.obj                    1187    194       0      
       sci.obj                       368     187       0      
       gpio.obj                      310     188       0      
       adc.obj                       281     93        0      
       spi.obj                       115     187       0      
       i2c.obj                       119     93        0      
       interrupt.obj                 146     0         0      
    +--+-----------------------------+-------+---------+---------+
       Total:                        2526    942       0      
                                                              
    C:\ti\ccs2041\ccs\tools\compiler\ti-cgt-c2000_22.6.3.LTS\lib\rts2800_fpu32_eabi.lib
       _printfi.c.obj                3286    66        0      
       ll_div28.asm.obj              263     0         0      
       ctype.c.obj                   0       257       0      
       s_scalbn.c.obj                169     28        0      
       fd_add28.asm.obj              156     0         0      
       fd_div28.asm.obj              139     0         0      
       fs_div28.asm.obj              136     0         0      
       fd_mpy28.asm.obj              131     0         0      
       s_frexp.c.obj                 90      8         0      
       sprintf.c.obj                 50      0         0      
       atoi.c.obj                    49      0         0      
       _ltoa.c.obj                   48      0         0      
       exit.c.obj                    41      0         6      
       copy_decompress_lzss.c.obj    46      0         0      
       autoinit.c.obj                43      0         0      
       fd_cmp28.asm.obj              42      0         0      
       l_div28.asm.obj               42      0         0      
       s_copysign.c.obj              36      0         0      
       fd_toi28.asm.obj              33      0         0      
       fd_tol28.asm.obj              31      0         0      
       ll_cmp28.asm.obj              30      0         0      
       i_tofd28.asm.obj              29      0         0      
       memcpy.c.obj                  29      0         0      
       l_tofd28.asm.obj              28      0         0      
       ll_aox28.asm.obj              24      0         0      
       boot28.asm.obj                23      0         0      
       memccpy.c.obj                 16      0         0      
       fd_sub28.asm.obj              14      0         0      
       _lock.c.obj                   9       0         4      
       args_main.c.obj               12      0         0      
       strchr.c.obj                  12      0         0      
       wcslen.c.obj                  11      0         0      
       fd_neg28.asm.obj              9       0         0      
       copy_decompress_none.c.obj    8       0         0      
       strlen.c.obj                  8       0         0      
       memset.c.obj                  7       0         0      
       strcpy.c.obj                  5       0         0      
       pre_init.c.obj                2       0         0      
       errno.c.obj                   0       0         1      
       startup.c.obj                 1       0         0      
    +--+-----------------------------+-------+---------+---------+
       Total:                        5108    359       11     
                                                              
       Stack:                        0       0         256    
       Linker Generated:             0       18        0      
    +--+-----------------------------+-------+---------+---------+
       Grand Total:                  11404   1814      273    


LINKER GENERATED COPY TABLES

__TI_cinit_table @ 00000136 records: 1, size/record: 4, table size: 4
	.data: load addr=00000128, load size=0000000a bytes, run addr=0000af0c, run size=00000011 bytes, compression=lzss


LINKER GENERATED HANDLER TABLE

__TI_handler_table @ 00000132 records: 2, size/record: 2, table size: 4
	index: 0, handler: __TI_decompress_lzss
	index: 1, handler: __TI_decompress_none


GLOBAL DATA SYMBOLS: SORTED BY DATA PAGE

address     data page           name
--------    ----------------    ----
00000400      10 (00000400)     __stack

0000a800     2a0 (0000a800)     _ctypes_

0000af0c     2bc (0000af00)     Example_Result
0000af0e     2bc (0000af00)     Example_PassCount
0000af10     2bc (0000af00)     Example_Fail
0000af12     2bc (0000af00)     __TI_enable_exit_profile_output
0000af14     2bc (0000af00)     __TI_cleanup_ptr
0000af16     2bc (0000af00)     __TI_dtors_ptr
0000af18     2bc (0000af00)     _lock
0000af1a     2bc (0000af00)     _unlock
0000af1c     2bc (0000af00)     errno


GLOBAL SYMBOLS: SORTED ALPHABETICALLY BY Name 

page  address   name                                     
----  -------   ----                                     
0     000084a1  ADC_init                                 
0     00009669  ADC_setINLTrim                           
0     00009fb6  ADC_setMode                              
0     00009bff  ADC_setOffsetTrim                        
0     00008422  Board_init                               
0     0000a0ad  C$$EXIT                                  
0     00008ffe  C2000Ware_libraries_init                 
0     00009a73  Device_bootCPU2                          
0     00009a42  Device_configureTMXAnalogTrim            
0     000098f0  Device_enableAllPeripherals              
0     00009a2c  Device_enableUnbondedGPIOPullups         
0     00009a0f  Device_enableUnbondedGPIOPullupsFor100Pin
0     000099fc  Device_enableUnbondedGPIOPullupsFor176Pin
0     000098ae  Device_init                              
0     000099db  Device_initGPIO                          
1     0000af10  Example_Fail                             
1     0000af0e  Example_PassCount                        
1     0000af0c  Example_Result                           
0     00009bfe  Example_done                             
0     00009bf9  Example_setResultFail                    
0     00009bf4  Example_setResultPass                    
0     0000b7c9  GPIO_setControllerCore                   
0     00009ef3  GPIO_setDirectionMode                    
0     00008faa  GPIO_setPadConfig                        
0     00009e53  GPIO_setPinConfig                        
0     00009e8a  GPIO_setQualificationMode                
0     00008567  I2C_init                                 
0     00009740  I2C_initController                       
0     000093c5  I2C_readRegister                         
0     00009370  I2C_writeBytes                           
0     0000a329  Interrupt_defaultHandler                 
0     0000a42c  Interrupt_illegalOperationHandler        
0     00009e16  Interrupt_initModule                     
0     0000a1a1  Interrupt_initVectorTable                
0     0000a436  Interrupt_nmiHandler                     
0     0000842f  PinMux_init                              
0     00009d52  SCI_clearInterruptStatus                 
0     000085af  SCI_init                                 
0     00009dd8  SCI_setConfig                            
0     00009d97  SCI_writeCharArray                       
0     000085ef  SPI_init                                 
0     000097a4  SPI_setConfig                            
0     00000123  SysCtl_delay                             
0     00009cb9  SysCtl_getClock                          
0     000096d8  SysCtl_getDeviceParametric               
0     0000a282  SysCtl_getLowSpeedClock                  
0     00009d0a  SysCtl_selectOscSource                   
0     00008764  SysCtl_selectXTAL                        
0     00009460  SysCtl_setClock                          
0     00000136  __TI_CINIT_Base                          
0     0000013a  __TI_CINIT_Limit                         
0     0000013a  __TI_CINIT_Warm                          
0     00000132  __TI_Handler_Table_Base                  
0     00000136  __TI_Handler_Table_Limit                 
1     00000500  __TI_STACK_END                           
abs   00000100  __TI_STACK_SIZE                          
0     0000a02e  __TI_auto_init_nobinit_nopinit           
1     0000af14  __TI_cleanup_ptr                         
0     0000a000  __TI_decompress_lzss                     
0     0000a463  __TI_decompress_none                     
1     0000af16  __TI_dtors_ptr                           
1     0000af12  __TI_enable_exit_profile_output          
0     00009f86  __TI_ltoa                                
abs   ffffffff  __TI_pprof_out_hndl                      
0     00008c8f  __TI_printfi                             
abs   ffffffff  __TI_prof_data_size                      
abs   ffffffff  __TI_prof_data_start                     
0     000086c8  __c28xabi_addd                           
0     0000a2cc  __c28xabi_andll                          
0     0000a059  __c28xabi_cmpd                           
0     0000a1bf  __c28xabi_cmpll                          
0     0000a1d1  __c28xabi_cmpull                         
0     00008e14  __c28xabi_divd                           
0     00008e9f  __c28xabi_divf                           
0     0000a083  __c28xabi_divl                           
0     0000b6c2  __c28xabi_divll                          
0     0000a0a0  __c28xabi_divul                          
0     0000b738  __c28xabi_divull                         
0     0000a122  __c28xabi_dtoi                           
0     0000a182  __c28xabi_dtol                           
0     0000a1dd  __c28xabi_itod                           
0     0000a217  __c28xabi_ltod                           
0     0000a092  __c28xabi_modl                           
0     0000b6fe  __c28xabi_modll                          
0     0000a0a7  __c28xabi_modul                          
0     0000b767  __c28xabi_modull                         
0     00008f27  __c28xabi_mpyd                           
0     0000a452  __c28xabi_negd                           
0     0000a2d4  __c28xabi_orll                           
0     0000a3ef  __c28xabi_subd                           
0     0000a2dc  __c28xabi_xorll                          
n/a   UNDEFED   __c_args__                               
0     00009bed  __error__                                
1     00000400  __stack                                  
0     000087f4  _args_main                               
0     0000a312  _c_int00                                 
1     0000a800  _ctypes_                                 
1     0000af18  _lock                                    
0     0000a451  _nop                                     
0     0000a44d  _register_lock                           
0     0000a449  _register_unlock                         
0     00008fff  _system_post_cinit                       
0     00008ffc  _system_pre_init                         
1     0000af1a  _unlock                                  
0     0000a0ad  abort                                    
0     00009f55  atoi                                     
0     00000000  code_start                               
0     0000a0fe  copysign                                 
0     0000a0fe  copysignl                                
1     0000af1c  errno                                    
0     0000a0af  exit                                     
0     00009c5f  frexp                                    
0     00009c5f  frexpl                                   
0     0000861f  ldexp                                    
0     0000861f  ldexpl                                   
0     00009f24  main                                     
0     0000a3c2  memccpy                                  
0     0000a1fa  memcpy                                   
0     0000a47a  memset                                   
0     000084a6  myADCA_init                              
0     0000850e  myADCB_init                              
0     0000856a  myI2C0_init                              
0     000085b2  mySCI0_init                              
0     000085f2  mySPI0_init                              
0     0000861f  scalbn                                   
0     0000861f  scalbnl                                  
0     000092e7  sensors_convertData                      
0     00009263  sensors_getData                          
0     00009303  sensors_logData                          
0     0000918f  sensors_openAirCalibration               
0     00009ec1  sprintf                                  
0     0000a40a  strchr                                   
0     0000a481  strcpy                                   
0     0000a46b  strlen                                   
0     0000a421  wcslen                                   


GLOBAL SYMBOLS: SORTED BY Symbol Address 

page  address   name                                     
----  -------   ----                                     
0     00000000  code_start                               
0     00000123  SysCtl_delay                             
0     00000132  __TI_Handler_Table_Base                  
0     00000136  __TI_CINIT_Base                          
0     00000136  __TI_Handler_Table_Limit                 
0     0000013a  __TI_CINIT_Limit                         
0     0000013a  __TI_CINIT_Warm                          
0     00008422  Board_init                               
0     0000842f  PinMux_init                              
0     000084a1  ADC_init                                 
0     000084a6  myADCA_init                              
0     0000850e  myADCB_init                              
0     00008567  I2C_init                                 
0     0000856a  myI2C0_init                              
0     000085af  SCI_init                                 
0     000085b2  mySCI0_init                              
0     000085ef  SPI_init                                 
0     000085f2  mySPI0_init                              
0     0000861f  ldexp                                    
0     0000861f  ldexpl                                   
0     0000861f  scalbn                                   
0     0000861f  scalbnl                                  
0     000086c8  __c28xabi_addd                           
0     00008764  SysCtl_selectXTAL                        
0     000087f4  _args_main                               
0     00008c8f  __TI_printfi                             
0     00008e14  __c28xabi_divd                           
0     00008e9f  __c28xabi_divf                           
0     00008f27  __c28xabi_mpyd                           
0     00008faa  GPIO_setPadConfig                        
0     00008ffc  _system_pre_init                         
0     00008ffe  C2000Ware_libraries_init                 
0     00008fff  _system_post_cinit                       
0     0000918f  sensors_openAirCalibration               
0     00009263  sensors_getData                          
0     000092e7  sensors_convertData                      
0     00009303  sensors_logData                          
0     00009370  I2C_writeBytes                           
0     000093c5  I2C_readRegister                         
0     00009460  SysCtl_setClock                          
0     00009669  ADC_setINLTrim                           
0     000096d8  SysCtl_getDeviceParametric               
0     00009740  I2C_initController                       
0     000097a4  SPI_setConfig                            
0     000098ae  Device_init                              
0     000098f0  Device_enableAllPeripherals              
0     000099db  Device_initGPIO                          
0     000099fc  Device_enableUnbondedGPIOPullupsFor176Pin
0     00009a0f  Device_enableUnbondedGPIOPullupsFor100Pin
0     00009a2c  Device_enableUnbondedGPIOPullups         
0     00009a42  Device_configureTMXAnalogTrim            
0     00009a73  Device_bootCPU2                          
0     00009bed  __error__                                
0     00009bf4  Example_setResultPass                    
0     00009bf9  Example_setResultFail                    
0     00009bfe  Example_done                             
0     00009bff  ADC_setOffsetTrim                        
0     00009c5f  frexp                                    
0     00009c5f  frexpl                                   
0     00009cb9  SysCtl_getClock                          
0     00009d0a  SysCtl_selectOscSource                   
0     00009d52  SCI_clearInterruptStatus                 
0     00009d97  SCI_writeCharArray                       
0     00009dd8  SCI_setConfig                            
0     00009e16  Interrupt_initModule                     
0     00009e53  GPIO_setPinConfig                        
0     00009e8a  GPIO_setQualificationMode                
0     00009ec1  sprintf                                  
0     00009ef3  GPIO_setDirectionMode                    
0     00009f24  main                                     
0     00009f55  atoi                                     
0     00009f86  __TI_ltoa                                
0     00009fb6  ADC_setMode                              
0     0000a000  __TI_decompress_lzss                     
0     0000a02e  __TI_auto_init_nobinit_nopinit           
0     0000a059  __c28xabi_cmpd                           
0     0000a083  __c28xabi_divl                           
0     0000a092  __c28xabi_modl                           
0     0000a0a0  __c28xabi_divul                          
0     0000a0a7  __c28xabi_modul                          
0     0000a0ad  C$$EXIT                                  
0     0000a0ad  abort                                    
0     0000a0af  exit                                     
0     0000a0fe  copysign                                 
0     0000a0fe  copysignl                                
0     0000a122  __c28xabi_dtoi                           
0     0000a182  __c28xabi_dtol                           
0     0000a1a1  Interrupt_initVectorTable                
0     0000a1bf  __c28xabi_cmpll                          
0     0000a1d1  __c28xabi_cmpull                         
0     0000a1dd  __c28xabi_itod                           
0     0000a1fa  memcpy                                   
0     0000a217  __c28xabi_ltod                           
0     0000a282  SysCtl_getLowSpeedClock                  
0     0000a2cc  __c28xabi_andll                          
0     0000a2d4  __c28xabi_orll                           
0     0000a2dc  __c28xabi_xorll                          
0     0000a312  _c_int00                                 
0     0000a329  Interrupt_defaultHandler                 
0     0000a3c2  memccpy                                  
0     0000a3ef  __c28xabi_subd                           
0     0000a40a  strchr                                   
0     0000a421  wcslen                                   
0     0000a42c  Interrupt_illegalOperationHandler        
0     0000a436  Interrupt_nmiHandler                     
0     0000a449  _register_unlock                         
0     0000a44d  _register_lock                           
0     0000a451  _nop                                     
0     0000a452  __c28xabi_negd                           
0     0000a463  __TI_decompress_none                     
0     0000a46b  strlen                                   
0     0000a47a  memset                                   
0     0000a481  strcpy                                   
0     0000b6c2  __c28xabi_divll                          
0     0000b6fe  __c28xabi_modll                          
0     0000b738  __c28xabi_divull                         
0     0000b767  __c28xabi_modull                         
0     0000b7c9  GPIO_setControllerCore                   
1     00000400  __stack                                  
1     00000500  __TI_STACK_END                           
1     0000a800  _ctypes_                                 
1     0000af0c  Example_Result                           
1     0000af0e  Example_PassCount                        
1     0000af10  Example_Fail                             
1     0000af12  __TI_enable_exit_profile_output          
1     0000af14  __TI_cleanup_ptr                         
1     0000af16  __TI_dtors_ptr                           
1     0000af18  _lock                                    
1     0000af1a  _unlock                                  
1     0000af1c  errno                                    
abs   00000100  __TI_STACK_SIZE                          
abs   ffffffff  __TI_pprof_out_hndl                      
abs   ffffffff  __TI_prof_data_size                      
abs   ffffffff  __TI_prof_data_start                     
n/a   UNDEFED   __c_args__                               

[135 symbols]
