<?xml version="1.0" encoding="ISO-8859-1" ?>
<link_info>
   <banner>TMS320C2000 Linker PC v22.6.3.LTS</banner>
   <copyright>Copyright (c) 1996-2018 Texas Instruments Incorporated</copyright>
   <link_time>0x69cd3574</link_time>
   <link_errors>0x0</link_errors>
   <output_file>MCUSensorProject_sandbox.out</output_file>
   <entry_point>
      <name>code_start</name>
      <address>0x0</address>
   </entry_point>
   <input_file_list>
      <input_file id="fl-2">
         <path>.\syscfg\</path>
         <kind>object</kind>
         <file>board.obj</file>
         <name>board.obj</name>
      </input_file>
      <input_file id="fl-3">
         <path>.\syscfg\</path>
         <kind>object</kind>
         <file>c2000ware_libraries.obj</file>
         <name>c2000ware_libraries.obj</name>
      </input_file>
      <input_file id="fl-4">
         <path>.\</path>
         <kind>object</kind>
         <file>main.obj</file>
         <name>main.obj</name>
      </input_file>
      <input_file id="fl-5">
         <path>.\</path>
         <kind>object</kind>
         <file>sensorReader.obj</file>
         <name>sensorReader.obj</name>
      </input_file>
      <input_file id="fl-6">
         <path>.\device\</path>
         <kind>object</kind>
         <file>F2837xD_CodeStartBranch.obj</file>
         <name>F2837xD_CodeStartBranch.obj</name>
      </input_file>
      <input_file id="fl-7">
         <path>.\device\</path>
         <kind>object</kind>
         <file>device.obj</file>
         <name>device.obj</name>
      </input_file>
      <input_file id="fl-c">
         <kind>object</kind>
         <file>&lt;internal&gt;</file>
         <name>&lt;internal&gt;</name>
      </input_file>
      <input_file id="fl-10">
         <path>C:\ti\C2000Ware_6_00_01_00\driverlib\f2837xd\driverlib\ccs\Debug\</path>
         <kind>archive</kind>
         <file>driverlib_eabi.lib</file>
         <name>adc.obj</name>
      </input_file>
      <input_file id="fl-11">
         <path>C:\ti\C2000Ware_6_00_01_00\driverlib\f2837xd\driverlib\ccs\Debug\</path>
         <kind>archive</kind>
         <file>driverlib_eabi.lib</file>
         <name>gpio.obj</name>
      </input_file>
      <input_file id="fl-12">
         <path>C:\ti\C2000Ware_6_00_01_00\driverlib\f2837xd\driverlib\ccs\Debug\</path>
         <kind>archive</kind>
         <file>driverlib_eabi.lib</file>
         <name>i2c.obj</name>
      </input_file>
      <input_file id="fl-13">
         <path>C:\ti\C2000Ware_6_00_01_00\driverlib\f2837xd\driverlib\ccs\Debug\</path>
         <kind>archive</kind>
         <file>driverlib_eabi.lib</file>
         <name>interrupt.obj</name>
      </input_file>
      <input_file id="fl-14">
         <path>C:\ti\C2000Ware_6_00_01_00\driverlib\f2837xd\driverlib\ccs\Debug\</path>
         <kind>archive</kind>
         <file>driverlib_eabi.lib</file>
         <name>sci.obj</name>
      </input_file>
      <input_file id="fl-15">
         <path>C:\ti\C2000Ware_6_00_01_00\driverlib\f2837xd\driverlib\ccs\Debug\</path>
         <kind>archive</kind>
         <file>driverlib_eabi.lib</file>
         <name>spi.obj</name>
      </input_file>
      <input_file id="fl-16">
         <path>C:\ti\C2000Ware_6_00_01_00\driverlib\f2837xd\driverlib\ccs\Debug\</path>
         <kind>archive</kind>
         <file>driverlib_eabi.lib</file>
         <name>sysctl.obj</name>
      </input_file>
      <input_file id="fl-22">
         <path>C:\ti\ccs2041\ccs\tools\compiler\ti-cgt-c2000_22.6.3.LTS\lib\</path>
         <kind>archive</kind>
         <file>rts2800_fpu32_eabi.lib</file>
         <name>sprintf.c.obj</name>
      </input_file>
      <input_file id="fl-23">
         <path>C:\ti\ccs2041\ccs\tools\compiler\ti-cgt-c2000_22.6.3.LTS\lib\</path>
         <kind>archive</kind>
         <file>rts2800_fpu32_eabi.lib</file>
         <name>boot28.asm.obj</name>
      </input_file>
      <input_file id="fl-24">
         <path>C:\ti\ccs2041\ccs\tools\compiler\ti-cgt-c2000_22.6.3.LTS\lib\</path>
         <kind>archive</kind>
         <file>rts2800_fpu32_eabi.lib</file>
         <name>fs_div28.asm.obj</name>
      </input_file>
      <input_file id="fl-25">
         <path>C:\ti\ccs2041\ccs\tools\compiler\ti-cgt-c2000_22.6.3.LTS\lib\</path>
         <kind>archive</kind>
         <file>rts2800_fpu32_eabi.lib</file>
         <name>memcpy.c.obj</name>
      </input_file>
      <input_file id="fl-26">
         <path>C:\ti\ccs2041\ccs\tools\compiler\ti-cgt-c2000_22.6.3.LTS\lib\</path>
         <kind>archive</kind>
         <file>rts2800_fpu32_eabi.lib</file>
         <name>pre_init.c.obj</name>
      </input_file>
      <input_file id="fl-27">
         <path>C:\ti\ccs2041\ccs\tools\compiler\ti-cgt-c2000_22.6.3.LTS\lib\</path>
         <kind>archive</kind>
         <file>rts2800_fpu32_eabi.lib</file>
         <name>autoinit.c.obj</name>
      </input_file>
      <input_file id="fl-28">
         <path>C:\ti\ccs2041\ccs\tools\compiler\ti-cgt-c2000_22.6.3.LTS\lib\</path>
         <kind>archive</kind>
         <file>rts2800_fpu32_eabi.lib</file>
         <name>copy_zero_init.c.obj</name>
      </input_file>
      <input_file id="fl-29">
         <path>C:\ti\ccs2041\ccs\tools\compiler\ti-cgt-c2000_22.6.3.LTS\lib\</path>
         <kind>archive</kind>
         <file>rts2800_fpu32_eabi.lib</file>
         <name>copy_decompress_none.c.obj</name>
      </input_file>
      <input_file id="fl-2a">
         <path>C:\ti\ccs2041\ccs\tools\compiler\ti-cgt-c2000_22.6.3.LTS\lib\</path>
         <kind>archive</kind>
         <file>rts2800_fpu32_eabi.lib</file>
         <name>copy_decompress_lzss.c.obj</name>
      </input_file>
      <input_file id="fl-2b">
         <path>C:\ti\ccs2041\ccs\tools\compiler\ti-cgt-c2000_22.6.3.LTS\lib\</path>
         <kind>archive</kind>
         <file>rts2800_fpu32_eabi.lib</file>
         <name>exit.c.obj</name>
      </input_file>
      <input_file id="fl-2c">
         <path>C:\ti\ccs2041\ccs\tools\compiler\ti-cgt-c2000_22.6.3.LTS\lib\</path>
         <kind>archive</kind>
         <file>rts2800_fpu32_eabi.lib</file>
         <name>_lock.c.obj</name>
      </input_file>
      <input_file id="fl-2d">
         <path>C:\ti\ccs2041\ccs\tools\compiler\ti-cgt-c2000_22.6.3.LTS\lib\</path>
         <kind>archive</kind>
         <file>rts2800_fpu32_eabi.lib</file>
         <name>args_main.c.obj</name>
      </input_file>
      <input_file id="fl-2e">
         <path>C:\ti\ccs2041\ccs\tools\compiler\ti-cgt-c2000_22.6.3.LTS\lib\</path>
         <kind>archive</kind>
         <file>rts2800_fpu32_eabi.lib</file>
         <name>memset.c.obj</name>
      </input_file>
      <input_file id="fl-2f">
         <path>C:\ti\ccs2041\ccs\tools\compiler\ti-cgt-c2000_22.6.3.LTS\lib\</path>
         <kind>archive</kind>
         <file>rts2800_fpu32_eabi.lib</file>
         <name>_printfi.c.obj</name>
      </input_file>
      <input_file id="fl-30">
         <path>C:\ti\ccs2041\ccs\tools\compiler\ti-cgt-c2000_22.6.3.LTS\lib\</path>
         <kind>archive</kind>
         <file>rts2800_fpu32_eabi.lib</file>
         <name>wcslen.c.obj</name>
      </input_file>
      <input_file id="fl-31">
         <path>C:\ti\ccs2041\ccs\tools\compiler\ti-cgt-c2000_22.6.3.LTS\lib\</path>
         <kind>archive</kind>
         <file>rts2800_fpu32_eabi.lib</file>
         <name>fd_cmp28.asm.obj</name>
      </input_file>
      <input_file id="fl-32">
         <path>C:\ti\ccs2041\ccs\tools\compiler\ti-cgt-c2000_22.6.3.LTS\lib\</path>
         <kind>archive</kind>
         <file>rts2800_fpu32_eabi.lib</file>
         <name>fd_mpy28.asm.obj</name>
      </input_file>
      <input_file id="fl-33">
         <path>C:\ti\ccs2041\ccs\tools\compiler\ti-cgt-c2000_22.6.3.LTS\lib\</path>
         <kind>archive</kind>
         <file>rts2800_fpu32_eabi.lib</file>
         <name>fd_neg28.asm.obj</name>
      </input_file>
      <input_file id="fl-34">
         <path>C:\ti\ccs2041\ccs\tools\compiler\ti-cgt-c2000_22.6.3.LTS\lib\</path>
         <kind>archive</kind>
         <file>rts2800_fpu32_eabi.lib</file>
         <name>fd_sub28.asm.obj</name>
      </input_file>
      <input_file id="fl-35">
         <path>C:\ti\ccs2041\ccs\tools\compiler\ti-cgt-c2000_22.6.3.LTS\lib\</path>
         <kind>archive</kind>
         <file>rts2800_fpu32_eabi.lib</file>
         <name>fd_toi28.asm.obj</name>
      </input_file>
      <input_file id="fl-36">
         <path>C:\ti\ccs2041\ccs\tools\compiler\ti-cgt-c2000_22.6.3.LTS\lib\</path>
         <kind>archive</kind>
         <file>rts2800_fpu32_eabi.lib</file>
         <name>fd_tol28.asm.obj</name>
      </input_file>
      <input_file id="fl-37">
         <path>C:\ti\ccs2041\ccs\tools\compiler\ti-cgt-c2000_22.6.3.LTS\lib\</path>
         <kind>archive</kind>
         <file>rts2800_fpu32_eabi.lib</file>
         <name>ll_aox28.asm.obj</name>
      </input_file>
      <input_file id="fl-38">
         <path>C:\ti\ccs2041\ccs\tools\compiler\ti-cgt-c2000_22.6.3.LTS\lib\</path>
         <kind>archive</kind>
         <file>rts2800_fpu32_eabi.lib</file>
         <name>ll_cmp28.asm.obj</name>
      </input_file>
      <input_file id="fl-39">
         <path>C:\ti\ccs2041\ccs\tools\compiler\ti-cgt-c2000_22.6.3.LTS\lib\</path>
         <kind>archive</kind>
         <file>rts2800_fpu32_eabi.lib</file>
         <name>ll_div28.asm.obj</name>
      </input_file>
      <input_file id="fl-3a">
         <path>C:\ti\ccs2041\ccs\tools\compiler\ti-cgt-c2000_22.6.3.LTS\lib\</path>
         <kind>archive</kind>
         <file>rts2800_fpu32_eabi.lib</file>
         <name>i_tofd28.asm.obj</name>
      </input_file>
      <input_file id="fl-3b">
         <path>C:\ti\ccs2041\ccs\tools\compiler\ti-cgt-c2000_22.6.3.LTS\lib\</path>
         <kind>archive</kind>
         <file>rts2800_fpu32_eabi.lib</file>
         <name>l_tofd28.asm.obj</name>
      </input_file>
      <input_file id="fl-3c">
         <path>C:\ti\ccs2041\ccs\tools\compiler\ti-cgt-c2000_22.6.3.LTS\lib\</path>
         <kind>archive</kind>
         <file>rts2800_fpu32_eabi.lib</file>
         <name>fd_div28.asm.obj</name>
      </input_file>
      <input_file id="fl-3d">
         <path>C:\ti\ccs2041\ccs\tools\compiler\ti-cgt-c2000_22.6.3.LTS\lib\</path>
         <kind>archive</kind>
         <file>rts2800_fpu32_eabi.lib</file>
         <name>cpy_tbl.c.obj</name>
      </input_file>
      <input_file id="fl-3e">
         <path>C:\ti\ccs2041\ccs\tools\compiler\ti-cgt-c2000_22.6.3.LTS\lib\</path>
         <kind>archive</kind>
         <file>rts2800_fpu32_eabi.lib</file>
         <name>startup.c.obj</name>
      </input_file>
      <input_file id="fl-3f">
         <path>C:\ti\ccs2041\ccs\tools\compiler\ti-cgt-c2000_22.6.3.LTS\lib\</path>
         <kind>archive</kind>
         <file>rts2800_fpu32_eabi.lib</file>
         <name>_ltoa.c.obj</name>
      </input_file>
      <input_file id="fl-40">
         <path>C:\ti\ccs2041\ccs\tools\compiler\ti-cgt-c2000_22.6.3.LTS\lib\</path>
         <kind>archive</kind>
         <file>rts2800_fpu32_eabi.lib</file>
         <name>atoi.c.obj</name>
      </input_file>
      <input_file id="fl-41">
         <path>C:\ti\ccs2041\ccs\tools\compiler\ti-cgt-c2000_22.6.3.LTS\lib\</path>
         <kind>archive</kind>
         <file>rts2800_fpu32_eabi.lib</file>
         <name>ctype.c.obj</name>
      </input_file>
      <input_file id="fl-42">
         <path>C:\ti\ccs2041\ccs\tools\compiler\ti-cgt-c2000_22.6.3.LTS\lib\</path>
         <kind>archive</kind>
         <file>rts2800_fpu32_eabi.lib</file>
         <name>memccpy.c.obj</name>
      </input_file>
      <input_file id="fl-43">
         <path>C:\ti\ccs2041\ccs\tools\compiler\ti-cgt-c2000_22.6.3.LTS\lib\</path>
         <kind>archive</kind>
         <file>rts2800_fpu32_eabi.lib</file>
         <name>strchr.c.obj</name>
      </input_file>
      <input_file id="fl-44">
         <path>C:\ti\ccs2041\ccs\tools\compiler\ti-cgt-c2000_22.6.3.LTS\lib\</path>
         <kind>archive</kind>
         <file>rts2800_fpu32_eabi.lib</file>
         <name>strcpy.c.obj</name>
      </input_file>
      <input_file id="fl-45">
         <path>C:\ti\ccs2041\ccs\tools\compiler\ti-cgt-c2000_22.6.3.LTS\lib\</path>
         <kind>archive</kind>
         <file>rts2800_fpu32_eabi.lib</file>
         <name>strlen.c.obj</name>
      </input_file>
      <input_file id="fl-46">
         <path>C:\ti\ccs2041\ccs\tools\compiler\ti-cgt-c2000_22.6.3.LTS\lib\</path>
         <kind>archive</kind>
         <file>rts2800_fpu32_eabi.lib</file>
         <name>errno.c.obj</name>
      </input_file>
      <input_file id="fl-47">
         <path>C:\ti\ccs2041\ccs\tools\compiler\ti-cgt-c2000_22.6.3.LTS\lib\</path>
         <kind>archive</kind>
         <file>rts2800_fpu32_eabi.lib</file>
         <name>s_frexp.c.obj</name>
      </input_file>
      <input_file id="fl-48">
         <path>C:\ti\ccs2041\ccs\tools\compiler\ti-cgt-c2000_22.6.3.LTS\lib\</path>
         <kind>archive</kind>
         <file>rts2800_fpu32_eabi.lib</file>
         <name>s_scalbn.c.obj</name>
      </input_file>
      <input_file id="fl-49">
         <path>C:\ti\ccs2041\ccs\tools\compiler\ti-cgt-c2000_22.6.3.LTS\lib\</path>
         <kind>archive</kind>
         <file>rts2800_fpu32_eabi.lib</file>
         <name>s_copysign.c.obj</name>
      </input_file>
      <input_file id="fl-4a">
         <path>C:\ti\ccs2041\ccs\tools\compiler\ti-cgt-c2000_22.6.3.LTS\lib\</path>
         <kind>archive</kind>
         <file>rts2800_fpu32_eabi.lib</file>
         <name>fd_add28.asm.obj</name>
      </input_file>
      <input_file id="fl-4b">
         <path>C:\ti\ccs2041\ccs\tools\compiler\ti-cgt-c2000_22.6.3.LTS\lib\</path>
         <kind>archive</kind>
         <file>rts2800_fpu32_eabi.lib</file>
         <name>l_div28.asm.obj</name>
      </input_file>
   </input_file_list>
   <object_component_list>
      <object_component id="oc-2d">
         <name>codestart</name>
         <load_address>0x0</load_address>
         <run_address>0x0</run_address>
         <size>0x2</size>
         <input_file_ref idref="fl-6"/>
      </object_component>
      <object_component id="oc-10b">
         <name>.text</name>
         <load_address>0x8000</load_address>
         <run_address>0x8000</run_address>
         <size>0x61f</size>
         <input_file_ref idref="fl-2"/>
      </object_component>
      <object_component id="oc-35a">
         <name>.text</name>
         <load_address>0x861f</load_address>
         <run_address>0x861f</run_address>
         <size>0xa9</size>
         <input_file_ref idref="fl-48"/>
      </object_component>
      <object_component id="oc-390">
         <name>.text</name>
         <load_address>0x86c8</load_address>
         <run_address>0x86c8</run_address>
         <size>0x9c</size>
         <input_file_ref idref="fl-4a"/>
      </object_component>
      <object_component id="oc-255">
         <name>.text:SysCtl_selectXTAL</name>
         <load_address>0x8764</load_address>
         <run_address>0x8764</run_address>
         <size>0x90</size>
         <input_file_ref idref="fl-16"/>
      </object_component>
      <object_component id="oc-95">
         <name>.text</name>
         <load_address>0x87f4</load_address>
         <run_address>0x87f4</run_address>
         <size>0xc</size>
         <input_file_ref idref="fl-2d"/>
      </object_component>
      <object_component id="oc-283">
         <name>.text:__TI_printfi</name>
         <load_address>0x8800</load_address>
         <run_address>0x8800</run_address>
         <size>0x614</size>
         <input_file_ref idref="fl-2f"/>
      </object_component>
      <object_component id="oc-330">
         <name>.text</name>
         <load_address>0x8e14</load_address>
         <run_address>0x8e14</run_address>
         <size>0x8b</size>
         <input_file_ref idref="fl-3c"/>
      </object_component>
      <object_component id="oc-1d2">
         <name>.text</name>
         <load_address>0x8e9f</load_address>
         <run_address>0x8e9f</run_address>
         <size>0x88</size>
         <input_file_ref idref="fl-24"/>
      </object_component>
      <object_component id="oc-335">
         <name>.text</name>
         <load_address>0x8f27</load_address>
         <run_address>0x8f27</run_address>
         <size>0x83</size>
         <input_file_ref idref="fl-32"/>
      </object_component>
      <object_component id="oc-176">
         <name>.text:GPIO_setPadConfig</name>
         <load_address>0x8faa</load_address>
         <run_address>0x8faa</run_address>
         <size>0x52</size>
         <input_file_ref idref="fl-11"/>
      </object_component>
      <object_component id="oc-8e">
         <name>.text</name>
         <load_address>0x8ffc</load_address>
         <run_address>0x8ffc</run_address>
         <size>0x2</size>
         <input_file_ref idref="fl-26"/>
      </object_component>
      <object_component id="oc-111">
         <name>.text</name>
         <load_address>0x8ffe</load_address>
         <run_address>0x8ffe</run_address>
         <size>0x1</size>
         <input_file_ref idref="fl-3"/>
      </object_component>
      <object_component id="oc-ea">
         <name>.text</name>
         <load_address>0x8fff</load_address>
         <run_address>0x8fff</run_address>
         <size>0x1</size>
         <input_file_ref idref="fl-3e"/>
      </object_component>
      <object_component id="oc-117">
         <name>.text</name>
         <load_address>0x9000</load_address>
         <run_address>0x9000</run_address>
         <size>0x460</size>
         <input_file_ref idref="fl-5"/>
      </object_component>
      <object_component id="oc-13e">
         <name>.text:SysCtl_setClock</name>
         <load_address>0x9460</load_address>
         <run_address>0x9460</run_address>
         <size>0x209</size>
         <input_file_ref idref="fl-16"/>
      </object_component>
      <object_component id="oc-1f4">
         <name>.text:ADC_setINLTrim</name>
         <load_address>0x9669</load_address>
         <run_address>0x9669</run_address>
         <size>0x6f</size>
         <input_file_ref idref="fl-10"/>
      </object_component>
      <object_component id="oc-138">
         <name>.text:SysCtl_getDeviceParametric</name>
         <load_address>0x96d8</load_address>
         <run_address>0x96d8</run_address>
         <size>0x68</size>
         <input_file_ref idref="fl-16"/>
      </object_component>
      <object_component id="oc-182">
         <name>.text:I2C_initController</name>
         <load_address>0x9740</load_address>
         <run_address>0x9740</run_address>
         <size>0x64</size>
         <input_file_ref idref="fl-12"/>
      </object_component>
      <object_component id="oc-194">
         <name>.text:SPI_setConfig</name>
         <load_address>0x97a4</load_address>
         <run_address>0x97a4</run_address>
         <size>0x5c</size>
         <input_file_ref idref="fl-15"/>
      </object_component>
      <object_component id="oc-ff">
         <name>.text</name>
         <load_address>0x9800</load_address>
         <run_address>0x9800</run_address>
         <size>0x3ff</size>
         <input_file_ref idref="fl-7"/>
      </object_component>
      <object_component id="oc-1fa">
         <name>.text:ADC_setOffsetTrim</name>
         <load_address>0x9bff</load_address>
         <run_address>0x9bff</run_address>
         <size>0x60</size>
         <input_file_ref idref="fl-10"/>
      </object_component>
      <object_component id="oc-354">
         <name>.text</name>
         <load_address>0x9c5f</load_address>
         <run_address>0x9c5f</run_address>
         <size>0x5a</size>
         <input_file_ref idref="fl-47"/>
      </object_component>
      <object_component id="oc-144">
         <name>.text:SysCtl_getClock</name>
         <load_address>0x9cb9</load_address>
         <run_address>0x9cb9</run_address>
         <size>0x51</size>
         <input_file_ref idref="fl-16"/>
      </object_component>
      <object_component id="oc-1c6">
         <name>.text:SysCtl_selectOscSource</name>
         <load_address>0x9d0a</load_address>
         <run_address>0x9d0a</run_address>
         <size>0x48</size>
         <input_file_ref idref="fl-16"/>
      </object_component>
      <object_component id="oc-188">
         <name>.text:SCI_clearInterruptStatus</name>
         <load_address>0x9d52</load_address>
         <run_address>0x9d52</run_address>
         <size>0x45</size>
         <input_file_ref idref="fl-14"/>
      </object_component>
      <object_component id="oc-1a5">
         <name>.text:SCI_writeCharArray</name>
         <load_address>0x9d97</load_address>
         <run_address>0x9d97</run_address>
         <size>0x41</size>
         <input_file_ref idref="fl-14"/>
      </object_component>
      <object_component id="oc-18e">
         <name>.text:SCI_setConfig</name>
         <load_address>0x9dd8</load_address>
         <run_address>0x9dd8</run_address>
         <size>0x3e</size>
         <input_file_ref idref="fl-14"/>
      </object_component>
      <object_component id="oc-105">
         <name>.text:Interrupt_initModule</name>
         <load_address>0x9e16</load_address>
         <run_address>0x9e16</run_address>
         <size>0x3d</size>
         <input_file_ref idref="fl-13"/>
      </object_component>
      <object_component id="oc-15d">
         <name>.text:GPIO_setPinConfig</name>
         <load_address>0x9e53</load_address>
         <run_address>0x9e53</run_address>
         <size>0x37</size>
         <input_file_ref idref="fl-11"/>
      </object_component>
      <object_component id="oc-157">
         <name>.text:GPIO_setQualificationMode</name>
         <load_address>0x9e8a</load_address>
         <run_address>0x9e8a</run_address>
         <size>0x37</size>
         <input_file_ref idref="fl-11"/>
      </object_component>
      <object_component id="oc-19f">
         <name>.text</name>
         <load_address>0x9ec1</load_address>
         <run_address>0x9ec1</run_address>
         <size>0x32</size>
         <input_file_ref idref="fl-22"/>
      </object_component>
      <object_component id="oc-151">
         <name>.text:GPIO_setDirectionMode</name>
         <load_address>0x9ef3</load_address>
         <run_address>0x9ef3</run_address>
         <size>0x31</size>
         <input_file_ref idref="fl-11"/>
      </object_component>
      <object_component id="oc-d7">
         <name>.text</name>
         <load_address>0x9f24</load_address>
         <run_address>0x9f24</run_address>
         <size>0x31</size>
         <input_file_ref idref="fl-4"/>
      </object_component>
      <object_component id="oc-2d5">
         <name>.text</name>
         <load_address>0x9f55</load_address>
         <run_address>0x9f55</run_address>
         <size>0x31</size>
         <input_file_ref idref="fl-40"/>
      </object_component>
      <object_component id="oc-33f">
         <name>.text</name>
         <load_address>0x9f86</load_address>
         <run_address>0x9f86</run_address>
         <size>0x30</size>
         <input_file_ref idref="fl-3f"/>
      </object_component>
      <object_component id="oc-17c">
         <name>.text:ADC_setMode</name>
         <load_address>0x9fb6</load_address>
         <run_address>0x9fb6</run_address>
         <size>0x2f</size>
         <input_file_ref idref="fl-10"/>
      </object_component>
      <object_component id="oc-1ed">
         <name>.text:ADC_isBaseValid</name>
         <load_address>0x9fe5</load_address>
         <run_address>0x9fe5</run_address>
         <size>0x1b</size>
         <input_file_ref idref="fl-10"/>
      </object_component>
      <object_component id="oc-20">
         <name>.text:decompress:lzss</name>
         <load_address>0xa000</load_address>
         <run_address>0xa000</run_address>
         <size>0x2e</size>
         <input_file_ref idref="fl-2a"/>
      </object_component>
      <object_component id="oc-a7">
         <name>.text:__TI_auto_init_nobinit_nopinit</name>
         <load_address>0xa02e</load_address>
         <run_address>0xa02e</run_address>
         <size>0x2b</size>
         <input_file_ref idref="fl-27"/>
      </object_component>
      <object_component id="oc-326">
         <name>.text</name>
         <load_address>0xa059</load_address>
         <run_address>0xa059</run_address>
         <size>0x2a</size>
         <input_file_ref idref="fl-31"/>
      </object_component>
      <object_component id="oc-388">
         <name>.text</name>
         <load_address>0xa083</load_address>
         <run_address>0xa083</run_address>
         <size>0x2a</size>
         <input_file_ref idref="fl-4b"/>
      </object_component>
      <object_component id="oc-9b">
         <name>.text</name>
         <load_address>0xa0ad</load_address>
         <run_address>0xa0ad</run_address>
         <size>0x29</size>
         <input_file_ref idref="fl-2b"/>
      </object_component>
      <object_component id="oc-2a1">
         <name>.text:CPUTimer_selectClockSource</name>
         <load_address>0xa0d6</load_address>
         <run_address>0xa0d6</run_address>
         <size>0x28</size>
         <input_file_ref idref="fl-16"/>
      </object_component>
      <object_component id="oc-39f">
         <name>.text</name>
         <load_address>0xa0fe</load_address>
         <run_address>0xa0fe</run_address>
         <size>0x24</size>
         <input_file_ref idref="fl-49"/>
      </object_component>
      <object_component id="oc-34f">
         <name>.text</name>
         <load_address>0xa122</load_address>
         <run_address>0xa122</run_address>
         <size>0x21</size>
         <input_file_ref idref="fl-35"/>
      </object_component>
      <object_component id="oc-239">
         <name>.text:SCI_isFIFOEnabled</name>
         <load_address>0xa143</load_address>
         <run_address>0xa143</run_address>
         <size>0x20</size>
         <input_file_ref idref="fl-14"/>
      </object_component>
      <object_component id="oc-307">
         <name>.text:CPUTimer_getTimerOverflowStatus</name>
         <load_address>0xa163</load_address>
         <run_address>0xa163</run_address>
         <size>0x1f</size>
         <input_file_ref idref="fl-16"/>
      </object_component>
      <object_component id="oc-33a">
         <name>.text</name>
         <load_address>0xa182</load_address>
         <run_address>0xa182</run_address>
         <size>0x1f</size>
         <input_file_ref idref="fl-36"/>
      </object_component>
      <object_component id="oc-37">
         <name>.text:Interrupt_initVectorTable</name>
         <load_address>0xa1a1</load_address>
         <run_address>0xa1a1</run_address>
         <size>0x1e</size>
         <input_file_ref idref="fl-13"/>
      </object_component>
      <object_component id="oc-2db">
         <name>.text</name>
         <load_address>0xa1bf</load_address>
         <run_address>0xa1bf</run_address>
         <size>0x1e</size>
         <input_file_ref idref="fl-38"/>
      </object_component>
      <object_component id="oc-360">
         <name>.text</name>
         <load_address>0xa1dd</load_address>
         <run_address>0xa1dd</run_address>
         <size>0x1d</size>
         <input_file_ref idref="fl-3a"/>
      </object_component>
      <object_component id="oc-4d">
         <name>.text</name>
         <load_address>0xa1fa</load_address>
         <run_address>0xa1fa</run_address>
         <size>0x1d</size>
         <input_file_ref idref="fl-25"/>
      </object_component>
      <object_component id="oc-345">
         <name>.text</name>
         <load_address>0xa217</load_address>
         <run_address>0xa217</run_address>
         <size>0x1c</size>
         <input_file_ref idref="fl-3b"/>
      </object_component>
      <object_component id="oc-20b">
         <name>.text:SCI_isBaseValid</name>
         <load_address>0xa233</load_address>
         <run_address>0xa233</run_address>
         <size>0x1b</size>
         <input_file_ref idref="fl-14"/>
      </object_component>
      <object_component id="oc-2ad">
         <name>.text:CPUTimer_startTimer</name>
         <load_address>0xa24e</load_address>
         <run_address>0xa24e</run_address>
         <size>0x1a</size>
         <input_file_ref idref="fl-16"/>
      </object_component>
      <object_component id="oc-245">
         <name>.text:SCI_isSpaceAvailableNonFIFO</name>
         <load_address>0xa268</load_address>
         <run_address>0xa268</run_address>
         <size>0x1a</size>
         <input_file_ref idref="fl-14"/>
      </object_component>
      <object_component id="oc-14b">
         <name>.text:SysCtl_getLowSpeedClock</name>
         <load_address>0xa282</load_address>
         <run_address>0xa282</run_address>
         <size>0x1a</size>
         <input_file_ref idref="fl-16"/>
      </object_component>
      <object_component id="oc-21a">
         <name>.text:SCI_disableModule</name>
         <load_address>0xa29c</load_address>
         <run_address>0xa29c</run_address>
         <size>0x18</size>
         <input_file_ref idref="fl-14"/>
      </object_component>
      <object_component id="oc-212">
         <name>.text:SCI_performSoftwareReset</name>
         <load_address>0xa2b4</load_address>
         <run_address>0xa2b4</run_address>
         <size>0x18</size>
         <input_file_ref idref="fl-14"/>
      </object_component>
      <object_component id="oc-2e5">
         <name>.text</name>
         <load_address>0xa2cc</load_address>
         <run_address>0xa2cc</run_address>
         <size>0x18</size>
         <input_file_ref idref="fl-37"/>
      </object_component>
      <object_component id="oc-2fb">
         <name>.text:CPUTimer_isBaseValid</name>
         <load_address>0xa2e4</load_address>
         <run_address>0xa2e4</run_address>
         <size>0x17</size>
         <input_file_ref idref="fl-16"/>
      </object_component>
      <object_component id="oc-227">
         <name>.text:SPI_isBaseValid</name>
         <load_address>0xa2fb</load_address>
         <run_address>0xa2fb</run_address>
         <size>0x17</size>
         <input_file_ref idref="fl-15"/>
      </object_component>
      <object_component id="oc-7d">
         <name>.text</name>
         <load_address>0xa312</load_address>
         <run_address>0xa312</run_address>
         <size>0x17</size>
         <input_file_ref idref="fl-23"/>
      </object_component>
      <object_component id="oc-32">
         <name>.text:Interrupt_defaultHandler</name>
         <load_address>0xa329</load_address>
         <run_address>0xa329</run_address>
         <size>0x16</size>
         <input_file_ref idref="fl-13"/>
      </object_component>
      <object_component id="oc-295">
         <name>.text:CPUTimer_stopTimer</name>
         <load_address>0xa33f</load_address>
         <run_address>0xa33f</run_address>
         <size>0x14</size>
         <input_file_ref idref="fl-16"/>
      </object_component>
      <object_component id="oc-23f">
         <name>.text:SCI_getTxFIFOStatus</name>
         <load_address>0xa353</load_address>
         <run_address>0xa353</run_address>
         <size>0x14</size>
         <input_file_ref idref="fl-14"/>
      </object_component>
      <object_component id="oc-202">
         <name>.text:I2C_isBaseValid</name>
         <load_address>0xa367</load_address>
         <run_address>0xa367</run_address>
         <size>0x13</size>
         <input_file_ref idref="fl-12"/>
      </object_component>
      <object_component id="oc-220">
         <name>.text:SCI_enableModule</name>
         <load_address>0xa37a</load_address>
         <run_address>0xa37a</run_address>
         <size>0x13</size>
         <input_file_ref idref="fl-14"/>
      </object_component>
      <object_component id="oc-2a7">
         <name>.text:CPUTimer_clearOverflowFlag</name>
         <load_address>0xa38d</load_address>
         <run_address>0xa38d</run_address>
         <size>0x12</size>
         <input_file_ref idref="fl-16"/>
      </object_component>
      <object_component id="oc-28f">
         <name>.text:CPUTimer_disableInterrupt</name>
         <load_address>0xa39f</load_address>
         <run_address>0xa39f</run_address>
         <size>0x12</size>
         <input_file_ref idref="fl-16"/>
      </object_component>
      <object_component id="oc-29b">
         <name>.text:CPUTimer_setPeriod</name>
         <load_address>0xa3b1</load_address>
         <run_address>0xa3b1</run_address>
         <size>0x11</size>
         <input_file_ref idref="fl-16"/>
      </object_component>
      <object_component id="oc-2cd">
         <name>.text</name>
         <load_address>0xa3c2</load_address>
         <run_address>0xa3c2</run_address>
         <size>0x10</size>
         <input_file_ref idref="fl-42"/>
      </object_component>
      <object_component id="oc-2b3">
         <name>.text:SysCtl_pollCpuTimer</name>
         <load_address>0xa3d2</load_address>
         <run_address>0xa3d2</run_address>
         <size>0xf</size>
         <input_file_ref idref="fl-16"/>
      </object_component>
      <object_component id="oc-1da">
         <name>.text:GPIO_isPinValid</name>
         <load_address>0xa3e1</load_address>
         <run_address>0xa3e1</run_address>
         <size>0xe</size>
         <input_file_ref idref="fl-11"/>
      </object_component>
      <object_component id="oc-34a">
         <name>.text</name>
         <load_address>0xa3ef</load_address>
         <run_address>0xa3ef</run_address>
         <size>0xe</size>
         <input_file_ref idref="fl-34"/>
      </object_component>
      <object_component id="oc-16e">
         <name>.text:Interrupt_disableGlobal</name>
         <load_address>0xa3fd</load_address>
         <run_address>0xa3fd</run_address>
         <size>0xd</size>
         <input_file_ref idref="fl-13"/>
      </object_component>
      <object_component id="oc-365">
         <name>.text</name>
         <load_address>0xa40a</load_address>
         <run_address>0xa40a</run_address>
         <size>0xc</size>
         <input_file_ref idref="fl-43"/>
      </object_component>
      <object_component id="oc-1c0">
         <name>.text:SysCtl_isMCDClockFailureDetected</name>
         <load_address>0xa416</load_address>
         <run_address>0xa416</run_address>
         <size>0xb</size>
         <input_file_ref idref="fl-16"/>
      </object_component>
      <object_component id="oc-2ea">
         <name>.text</name>
         <load_address>0xa421</load_address>
         <run_address>0xa421</run_address>
         <size>0xb</size>
         <input_file_ref idref="fl-30"/>
      </object_component>
      <object_component id="oc-3e">
         <name>.text:Interrupt_illegalOperationHandler</name>
         <load_address>0xa42c</load_address>
         <run_address>0xa42c</run_address>
         <size>0xa</size>
         <input_file_ref idref="fl-13"/>
      </object_component>
      <object_component id="oc-44">
         <name>.text:Interrupt_nmiHandler</name>
         <load_address>0xa436</load_address>
         <run_address>0xa436</run_address>
         <size>0xa</size>
         <input_file_ref idref="fl-13"/>
      </object_component>
      <object_component id="oc-1cc">
         <name>.text:SysCtl_serviceWatchdog</name>
         <load_address>0xa440</load_address>
         <run_address>0xa440</run_address>
         <size>0x9</size>
         <input_file_ref idref="fl-16"/>
      </object_component>
      <object_component id="oc-125">
         <name>.text</name>
         <load_address>0xa449</load_address>
         <run_address>0xa449</run_address>
         <size>0x9</size>
         <input_file_ref idref="fl-2c"/>
      </object_component>
      <object_component id="oc-32b">
         <name>.text</name>
         <load_address>0xa452</load_address>
         <run_address>0xa452</run_address>
         <size>0x9</size>
         <input_file_ref idref="fl-33"/>
      </object_component>
      <object_component id="oc-61">
         <name>.text</name>
         <load_address>0xa45b</load_address>
         <run_address>0xa45b</run_address>
         <size>0x8</size>
         <input_file_ref idref="fl-6"/>
      </object_component>
      <object_component id="oc-26">
         <name>.text:decompress:none</name>
         <load_address>0xa463</load_address>
         <run_address>0xa463</run_address>
         <size>0x8</size>
         <input_file_ref idref="fl-29"/>
      </object_component>
      <object_component id="oc-2c1">
         <name>.text</name>
         <load_address>0xa46b</load_address>
         <run_address>0xa46b</run_address>
         <size>0x8</size>
         <input_file_ref idref="fl-45"/>
      </object_component>
      <object_component id="oc-2b9">
         <name>.text:SysCtl_resetMCD</name>
         <load_address>0xa473</load_address>
         <run_address>0xa473</run_address>
         <size>0x7</size>
         <input_file_ref idref="fl-16"/>
      </object_component>
      <object_component id="oc-76">
         <name>.text</name>
         <load_address>0xa47a</load_address>
         <run_address>0xa47a</run_address>
         <size>0x7</size>
         <input_file_ref idref="fl-2e"/>
      </object_component>
      <object_component id="oc-2c7">
         <name>.text</name>
         <load_address>0xa481</load_address>
         <run_address>0xa481</run_address>
         <size>0x5</size>
         <input_file_ref idref="fl-44"/>
      </object_component>
      <object_component id="oc-2f4">
         <name>.text</name>
         <load_address>0xb000</load_address>
         <run_address>0xb000</run_address>
         <size>0x6c2</size>
         <input_file_ref idref="fl-2f"/>
      </object_component>
      <object_component id="oc-2e0">
         <name>.text</name>
         <load_address>0xb6c2</load_address>
         <run_address>0xb6c2</run_address>
         <size>0x107</size>
         <input_file_ref idref="fl-39"/>
      </object_component>
      <object_component id="oc-163">
         <name>.text:GPIO_setControllerCore</name>
         <load_address>0xb7c9</load_address>
         <run_address>0xb7c9</run_address>
         <size>0x37</size>
         <input_file_ref idref="fl-11"/>
      </object_component>
      <object_component id="oc-3f9">
         <name>.cinit..data.load</name>
         <load_address>0x128</load_address>
         <run_address>0x128</run_address>
         <size>0xa</size>
      </object_component>
      <object_component id="oc-3f7">
         <name>__TI_handler_table</name>
         <load_address>0x132</load_address>
         <run_address>0x132</run_address>
         <size>0x4</size>
      </object_component>
      <object_component id="oc-3f8">
         <name>__TI_cinit_table</name>
         <load_address>0x136</load_address>
         <run_address>0x136</run_address>
         <size>0x4</size>
      </object_component>
      <object_component id="oc-4a">
         <name>.stack</name>
         <uninitialized>true</uninitialized>
         <run_address>0x400</run_address>
         <size>0x0</size>
         <input_file_ref idref="fl-23"/>
      </object_component>
      <object_component id="oc-3fa">
         <name>.stack</name>
         <uninitialized>true</uninitialized>
         <run_address>0x400</run_address>
         <size>0x0</size>
      </object_component>
      <object_component id="oc-318">
         <name>.const:.string:_ctypes_</name>
         <load_address>0xa800</load_address>
         <run_address>0xa800</run_address>
         <size>0x101</size>
         <input_file_ref idref="fl-41"/>
      </object_component>
      <object_component id="oc-175">
         <name>.const:.string</name>
         <load_address>0xa902</load_address>
         <run_address>0xa902</run_address>
         <size>0xf7</size>
         <input_file_ref idref="fl-2"/>
      </object_component>
      <object_component id="oc-19e">
         <name>.const:.string</name>
         <load_address>0xa9fa</load_address>
         <run_address>0xa9fa</run_address>
         <size>0xe5</size>
         <input_file_ref idref="fl-5"/>
      </object_component>
      <object_component id="oc-1bf">
         <name>.const:.string</name>
         <load_address>0xaae0</load_address>
         <run_address>0xaae0</run_address>
         <size>0xc2</size>
         <input_file_ref idref="fl-16"/>
      </object_component>
      <object_component id="oc-1e0">
         <name>.const:.string</name>
         <load_address>0xaba2</load_address>
         <run_address>0xaba2</run_address>
         <size>0xbc</size>
         <input_file_ref idref="fl-11"/>
      </object_component>
      <object_component id="oc-211">
         <name>.const:.string</name>
         <load_address>0xac5e</load_address>
         <run_address>0xac5e</run_address>
         <size>0xbb</size>
         <input_file_ref idref="fl-14"/>
      </object_component>
      <object_component id="oc-22d">
         <name>.const:.string</name>
         <load_address>0xad1a</load_address>
         <run_address>0xad1a</run_address>
         <size>0xbb</size>
         <input_file_ref idref="fl-15"/>
      </object_component>
      <object_component id="oc-1f3">
         <name>.const:.string</name>
         <load_address>0xadd6</load_address>
         <run_address>0xadd6</run_address>
         <size>0x5d</size>
         <input_file_ref idref="fl-10"/>
      </object_component>
      <object_component id="oc-208">
         <name>.const:.string</name>
         <load_address>0xae34</load_address>
         <run_address>0xae34</run_address>
         <size>0x5d</size>
         <input_file_ref idref="fl-12"/>
      </object_component>
      <object_component id="oc-2c0">
         <name>.const:.string</name>
         <load_address>0xae92</load_address>
         <run_address>0xae92</run_address>
         <size>0x26</size>
         <input_file_ref idref="fl-2f"/>
      </object_component>
      <object_component id="oc-325">
         <name>.const</name>
         <load_address>0xaeb8</load_address>
         <run_address>0xaeb8</run_address>
         <size>0x1c</size>
         <input_file_ref idref="fl-2f"/>
      </object_component>
      <object_component id="oc-39c">
         <name>.const</name>
         <load_address>0xaed4</load_address>
         <run_address>0xaed4</run_address>
         <size>0x1c</size>
         <input_file_ref idref="fl-48"/>
      </object_component>
      <object_component id="oc-14a">
         <name>.const:.string</name>
         <load_address>0xaef0</load_address>
         <run_address>0xaef0</run_address>
         <size>0x13</size>
         <input_file_ref idref="fl-7"/>
      </object_component>
      <object_component id="oc-397">
         <name>.const</name>
         <load_address>0xaf04</load_address>
         <run_address>0xaf04</run_address>
         <size>0x8</size>
         <input_file_ref idref="fl-47"/>
      </object_component>
      <object_component id="oc-169">
         <name>.data</name>
         <load_address>0xaf0c</load_address>
         <run_address>0xaf0c</run_address>
         <size>0x6</size>
         <input_file_ref idref="fl-7"/>
      </object_component>
      <object_component id="oc-df">
         <name>.data</name>
         <load_address>0xaf12</load_address>
         <run_address>0xaf12</run_address>
         <size>0x6</size>
         <input_file_ref idref="fl-2b"/>
      </object_component>
      <object_component id="oc-e2">
         <name>.data:_lock</name>
         <load_address>0xaf18</load_address>
         <run_address>0xaf18</run_address>
         <size>0x2</size>
         <input_file_ref idref="fl-2c"/>
      </object_component>
      <object_component id="oc-1b0">
         <name>.data:_unlock</name>
         <load_address>0xaf1a</load_address>
         <run_address>0xaf1a</run_address>
         <size>0x2</size>
         <input_file_ref idref="fl-2c"/>
      </object_component>
      <object_component id="oc-2f0">
         <name>.data</name>
         <load_address>0xaf1c</load_address>
         <run_address>0xaf1c</run_address>
         <size>0x1</size>
         <input_file_ref idref="fl-46"/>
      </object_component>
      <object_component id="oc-11d">
         <name>.TI.ramfunc</name>
         <load_address>0x123</load_address>
         <run_address>0x123</run_address>
         <size>0x4</size>
         <input_file_ref idref="fl-16"/>
      </object_component>
      <object_component id="oc-19b">
         <name>.debug_types</name>
         <load_address>0x0</load_address>
         <run_address>0x0</run_address>
         <size>0x1da5</size>
         <input_file_ref idref="fl-2"/>
      </object_component>
      <object_component id="oc-19d">
         <name>.debug_types</name>
         <load_address>0x0</load_address>
         <run_address>0x0</run_address>
         <size>0x0</size>
         <input_file_ref idref="fl-3"/>
      </object_component>
      <object_component id="oc-11f">
         <name>.debug_types</name>
         <load_address>0x1da5</load_address>
         <run_address>0x1da5</run_address>
         <size>0x229</size>
         <input_file_ref idref="fl-4"/>
      </object_component>
      <object_component id="oc-1ac">
         <name>.debug_types</name>
         <load_address>0x1fce</load_address>
         <run_address>0x1fce</run_address>
         <size>0x1fe</size>
         <input_file_ref idref="fl-5"/>
      </object_component>
      <object_component id="oc-16d">
         <name>.debug_types</name>
         <load_address>0x21cc</load_address>
         <run_address>0x21cc</run_address>
         <size>0xf77</size>
         <input_file_ref idref="fl-7"/>
      </object_component>
      <object_component id="oc-201">
         <name>.debug_types</name>
         <load_address>0x3143</load_address>
         <run_address>0x3143</run_address>
         <size>0x19a</size>
         <input_file_ref idref="fl-10"/>
      </object_component>
      <object_component id="oc-1e2">
         <name>.debug_types</name>
         <load_address>0x32dd</load_address>
         <run_address>0x32dd</run_address>
         <size>0x2c4</size>
         <input_file_ref idref="fl-11"/>
      </object_component>
      <object_component id="oc-20a">
         <name>.debug_types</name>
         <load_address>0x0</load_address>
         <run_address>0x0</run_address>
         <size>0x0</size>
         <input_file_ref idref="fl-12"/>
      </object_component>
      <object_component id="oc-68">
         <name>.debug_types</name>
         <load_address>0x0</load_address>
         <run_address>0x0</run_address>
         <size>0x0</size>
         <input_file_ref idref="fl-13"/>
      </object_component>
      <object_component id="oc-219">
         <name>.debug_types</name>
         <load_address>0x35a1</load_address>
         <run_address>0x35a1</run_address>
         <size>0xe3</size>
         <input_file_ref idref="fl-14"/>
      </object_component>
      <object_component id="oc-22f">
         <name>.debug_types</name>
         <load_address>0x3684</load_address>
         <run_address>0x3684</run_address>
         <size>0x510</size>
         <input_file_ref idref="fl-15"/>
      </object_component>
      <object_component id="oc-1be">
         <name>.debug_types</name>
         <load_address>0x3b94</load_address>
         <run_address>0x3b94</run_address>
         <size>0x254</size>
         <input_file_ref idref="fl-16"/>
      </object_component>
      <object_component id="oc-238">
         <name>.debug_types</name>
         <load_address>0x3de8</load_address>
         <run_address>0x3de8</run_address>
         <size>0x2c2</size>
         <input_file_ref idref="fl-22"/>
      </object_component>
      <object_component id="oc-70">
         <name>.debug_types</name>
         <load_address>0x40aa</load_address>
         <run_address>0x40aa</run_address>
         <size>0x89</size>
         <input_file_ref idref="fl-25"/>
      </object_component>
      <object_component id="oc-a6">
         <name>.debug_types</name>
         <load_address>0x0</load_address>
         <run_address>0x0</run_address>
         <size>0x0</size>
         <input_file_ref idref="fl-26"/>
      </object_component>
      <object_component id="oc-f1">
         <name>.debug_types</name>
         <load_address>0x4133</load_address>
         <run_address>0x4133</run_address>
         <size>0x48e</size>
         <input_file_ref idref="fl-27"/>
      </object_component>
      <object_component id="oc-54">
         <name>.debug_types</name>
         <load_address>0x45c1</load_address>
         <run_address>0x45c1</run_address>
         <size>0x194</size>
         <input_file_ref idref="fl-29"/>
      </object_component>
      <object_component id="oc-4c">
         <name>.debug_types</name>
         <load_address>0x4755</load_address>
         <run_address>0x4755</run_address>
         <size>0x191</size>
         <input_file_ref idref="fl-2a"/>
      </object_component>
      <object_component id="oc-e6">
         <name>.debug_types</name>
         <load_address>0x48e6</load_address>
         <run_address>0x48e6</run_address>
         <size>0x90</size>
         <input_file_ref idref="fl-2b"/>
      </object_component>
      <object_component id="oc-12d">
         <name>.debug_types</name>
         <load_address>0x4976</load_address>
         <run_address>0x4976</run_address>
         <size>0x2f</size>
         <input_file_ref idref="fl-2c"/>
      </object_component>
      <object_component id="oc-de">
         <name>.debug_types</name>
         <load_address>0x49a5</load_address>
         <run_address>0x49a5</run_address>
         <size>0xb6</size>
         <input_file_ref idref="fl-2d"/>
      </object_component>
      <object_component id="oc-8d">
         <name>.debug_types</name>
         <load_address>0x0</load_address>
         <run_address>0x0</run_address>
         <size>0x0</size>
         <input_file_ref idref="fl-2e"/>
      </object_component>
      <object_component id="oc-2d4">
         <name>.debug_types</name>
         <load_address>0x4a5b</load_address>
         <run_address>0x4a5b</run_address>
         <size>0x9dd</size>
         <input_file_ref idref="fl-2f"/>
      </object_component>
      <object_component id="oc-321">
         <name>.debug_types</name>
         <load_address>0x5438</load_address>
         <run_address>0x5438</run_address>
         <size>0x160</size>
         <input_file_ref idref="fl-30"/>
      </object_component>
      <object_component id="oc-132">
         <name>.debug_types</name>
         <load_address>0x0</load_address>
         <run_address>0x0</run_address>
         <size>0x0</size>
         <input_file_ref idref="fl-3e"/>
      </object_component>
      <object_component id="oc-38e">
         <name>.debug_types</name>
         <load_address>0x5598</load_address>
         <run_address>0x5598</run_address>
         <size>0x61</size>
         <input_file_ref idref="fl-3f"/>
      </object_component>
      <object_component id="oc-31c">
         <name>.debug_types</name>
         <load_address>0x55f9</load_address>
         <run_address>0x55f9</run_address>
         <size>0x34</size>
         <input_file_ref idref="fl-40"/>
      </object_component>
      <object_component id="oc-379">
         <name>.debug_types</name>
         <load_address>0x0</load_address>
         <run_address>0x0</run_address>
         <size>0x0</size>
         <input_file_ref idref="fl-41"/>
      </object_component>
      <object_component id="oc-314">
         <name>.debug_types</name>
         <load_address>0x0</load_address>
         <run_address>0x0</run_address>
         <size>0x0</size>
         <input_file_ref idref="fl-42"/>
      </object_component>
      <object_component id="oc-3a9">
         <name>.debug_types</name>
         <load_address>0x0</load_address>
         <run_address>0x0</run_address>
         <size>0x0</size>
         <input_file_ref idref="fl-43"/>
      </object_component>
      <object_component id="oc-312">
         <name>.debug_types</name>
         <load_address>0x562d</load_address>
         <run_address>0x562d</run_address>
         <size>0x34</size>
         <input_file_ref idref="fl-44"/>
      </object_component>
      <object_component id="oc-310">
         <name>.debug_types</name>
         <load_address>0x0</load_address>
         <run_address>0x0</run_address>
         <size>0x0</size>
         <input_file_ref idref="fl-45"/>
      </object_component>
      <object_component id="oc-324">
         <name>.debug_types</name>
         <load_address>0x0</load_address>
         <run_address>0x0</run_address>
         <size>0x0</size>
         <input_file_ref idref="fl-46"/>
      </object_component>
      <object_component id="oc-39b">
         <name>.debug_types</name>
         <load_address>0x5661</load_address>
         <run_address>0x5661</run_address>
         <size>0x2f</size>
         <input_file_ref idref="fl-47"/>
      </object_component>
      <object_component id="oc-3a6">
         <name>.debug_types</name>
         <load_address>0x0</load_address>
         <run_address>0x0</run_address>
         <size>0x0</size>
         <input_file_ref idref="fl-48"/>
      </object_component>
      <object_component id="oc-3ba">
         <name>.debug_types</name>
         <load_address>0x0</load_address>
         <run_address>0x0</run_address>
         <size>0x0</size>
         <input_file_ref idref="fl-49"/>
      </object_component>
      <object_component id="oc-10c">
         <name>.debug_info</name>
         <load_address>0x0</load_address>
         <run_address>0x0</run_address>
         <size>0x301a</size>
         <input_file_ref idref="fl-2"/>
      </object_component>
      <object_component id="oc-113">
         <name>.debug_info</name>
         <load_address>0x301a</load_address>
         <run_address>0x301a</run_address>
         <size>0x151</size>
         <input_file_ref idref="fl-3"/>
      </object_component>
      <object_component id="oc-db">
         <name>.debug_info</name>
         <load_address>0x316b</load_address>
         <run_address>0x316b</run_address>
         <size>0x1fb</size>
         <input_file_ref idref="fl-4"/>
      </object_component>
      <object_component id="oc-11b">
         <name>.debug_info</name>
         <load_address>0x3366</load_address>
         <run_address>0x3366</run_address>
         <size>0x1b91</size>
         <input_file_ref idref="fl-5"/>
      </object_component>
      <object_component id="oc-2e">
         <name>.debug_info</name>
         <load_address>0x4ef7</load_address>
         <run_address>0x4ef7</run_address>
         <size>0x11e</size>
         <input_file_ref idref="fl-6"/>
      </object_component>
      <object_component id="oc-62">
         <name>.debug_info</name>
         <load_address>0x5015</load_address>
         <run_address>0x5015</run_address>
         <size>0x11f</size>
         <input_file_ref idref="fl-6"/>
      </object_component>
      <object_component id="oc-16a">
         <name>.debug_info</name>
         <load_address>0x5134</load_address>
         <run_address>0x5134</run_address>
         <size>0x169</size>
         <input_file_ref idref="fl-7"/>
      </object_component>
      <object_component id="oc-103">
         <name>.debug_info</name>
         <load_address>0x529d</load_address>
         <run_address>0x529d</run_address>
         <size>0x1cc0</size>
         <input_file_ref idref="fl-7"/>
      </object_component>
      <object_component id="oc-1f0">
         <name>.debug_info</name>
         <load_address>0x6f5d</load_address>
         <run_address>0x6f5d</run_address>
         <size>0x207</size>
         <input_file_ref idref="fl-10"/>
      </object_component>
      <object_component id="oc-17f">
         <name>.debug_info</name>
         <load_address>0x7164</load_address>
         <run_address>0x7164</run_address>
         <size>0x2bc</size>
         <input_file_ref idref="fl-10"/>
      </object_component>
      <object_component id="oc-1f6">
         <name>.debug_info</name>
         <load_address>0x7420</load_address>
         <run_address>0x7420</run_address>
         <size>0x24a</size>
         <input_file_ref idref="fl-10"/>
      </object_component>
      <object_component id="oc-1fc">
         <name>.debug_info</name>
         <load_address>0x766a</load_address>
         <run_address>0x766a</run_address>
         <size>0x288</size>
         <input_file_ref idref="fl-10"/>
      </object_component>
      <object_component id="oc-1db">
         <name>.debug_info</name>
         <load_address>0x78f2</load_address>
         <run_address>0x78f2</run_address>
         <size>0x205</size>
         <input_file_ref idref="fl-11"/>
      </object_component>
      <object_component id="oc-152">
         <name>.debug_info</name>
         <load_address>0x7af7</load_address>
         <run_address>0x7af7</run_address>
         <size>0x27d</size>
         <input_file_ref idref="fl-11"/>
      </object_component>
      <object_component id="oc-179">
         <name>.debug_info</name>
         <load_address>0x7d74</load_address>
         <run_address>0x7d74</run_address>
         <size>0x266</size>
         <input_file_ref idref="fl-11"/>
      </object_component>
      <object_component id="oc-159">
         <name>.debug_info</name>
         <load_address>0x7fda</load_address>
         <run_address>0x7fda</run_address>
         <size>0x2ae</size>
         <input_file_ref idref="fl-11"/>
      </object_component>
      <object_component id="oc-165">
         <name>.debug_info</name>
         <load_address>0x8288</load_address>
         <run_address>0x8288</run_address>
         <size>0x296</size>
         <input_file_ref idref="fl-11"/>
      </object_component>
      <object_component id="oc-15f">
         <name>.debug_info</name>
         <load_address>0x851e</load_address>
         <run_address>0x851e</run_address>
         <size>0x24f</size>
         <input_file_ref idref="fl-11"/>
      </object_component>
      <object_component id="oc-204">
         <name>.debug_info</name>
         <load_address>0x876d</load_address>
         <run_address>0x876d</run_address>
         <size>0x207</size>
         <input_file_ref idref="fl-12"/>
      </object_component>
      <object_component id="oc-183">
         <name>.debug_info</name>
         <load_address>0x8974</load_address>
         <run_address>0x8974</run_address>
         <size>0x2c9</size>
         <input_file_ref idref="fl-12"/>
      </object_component>
      <object_component id="oc-171">
         <name>.debug_info</name>
         <load_address>0x8c3d</load_address>
         <run_address>0x8c3d</run_address>
         <size>0x200</size>
         <input_file_ref idref="fl-13"/>
      </object_component>
      <object_component id="oc-107">
         <name>.debug_info</name>
         <load_address>0x8e3d</load_address>
         <run_address>0x8e3d</run_address>
         <size>0x20f</size>
         <input_file_ref idref="fl-13"/>
      </object_component>
      <object_component id="oc-33">
         <name>.debug_info</name>
         <load_address>0x904c</load_address>
         <run_address>0x904c</run_address>
         <size>0x21c</size>
         <input_file_ref idref="fl-13"/>
      </object_component>
      <object_component id="oc-40">
         <name>.debug_info</name>
         <load_address>0x9268</load_address>
         <run_address>0x9268</run_address>
         <size>0x202</size>
         <input_file_ref idref="fl-13"/>
      </object_component>
      <object_component id="oc-46">
         <name>.debug_info</name>
         <load_address>0x946a</load_address>
         <run_address>0x946a</run_address>
         <size>0x1e8</size>
         <input_file_ref idref="fl-13"/>
      </object_component>
      <object_component id="oc-3a">
         <name>.debug_info</name>
         <load_address>0x9652</load_address>
         <run_address>0x9652</run_address>
         <size>0x20c</size>
         <input_file_ref idref="fl-13"/>
      </object_component>
      <object_component id="oc-20c">
         <name>.debug_info</name>
         <load_address>0x985e</load_address>
         <run_address>0x985e</run_address>
         <size>0x205</size>
         <input_file_ref idref="fl-14"/>
      </object_component>
      <object_component id="oc-222">
         <name>.debug_info</name>
         <load_address>0x9a63</load_address>
         <run_address>0x9a63</run_address>
         <size>0x225</size>
         <input_file_ref idref="fl-14"/>
      </object_component>
      <object_component id="oc-21b">
         <name>.debug_info</name>
         <load_address>0x9c88</load_address>
         <run_address>0x9c88</run_address>
         <size>0x227</size>
         <input_file_ref idref="fl-14"/>
      </object_component>
      <object_component id="oc-23a">
         <name>.debug_info</name>
         <load_address>0x9eaf</load_address>
         <run_address>0x9eaf</run_address>
         <size>0x22f</size>
         <input_file_ref idref="fl-14"/>
      </object_component>
      <object_component id="oc-246">
         <name>.debug_info</name>
         <load_address>0xa0de</load_address>
         <run_address>0xa0de</run_address>
         <size>0x243</size>
         <input_file_ref idref="fl-14"/>
      </object_component>
      <object_component id="oc-240">
         <name>.debug_info</name>
         <load_address>0xa321</load_address>
         <run_address>0xa321</run_address>
         <size>0x233</size>
         <input_file_ref idref="fl-14"/>
      </object_component>
      <object_component id="oc-213">
         <name>.debug_info</name>
         <load_address>0xa554</load_address>
         <run_address>0xa554</run_address>
         <size>0x235</size>
         <input_file_ref idref="fl-14"/>
      </object_component>
      <object_component id="oc-18f">
         <name>.debug_info</name>
         <load_address>0xa789</load_address>
         <run_address>0xa789</run_address>
         <size>0x2b5</size>
         <input_file_ref idref="fl-14"/>
      </object_component>
      <object_component id="oc-1a6">
         <name>.debug_info</name>
         <load_address>0xaa3e</load_address>
         <run_address>0xaa3e</run_address>
         <size>0x2ce</size>
         <input_file_ref idref="fl-14"/>
      </object_component>
      <object_component id="oc-189">
         <name>.debug_info</name>
         <load_address>0xad0c</load_address>
         <run_address>0xad0c</run_address>
         <size>0x268</size>
         <input_file_ref idref="fl-14"/>
      </object_component>
      <object_component id="oc-228">
         <name>.debug_info</name>
         <load_address>0xaf74</load_address>
         <run_address>0xaf74</run_address>
         <size>0x207</size>
         <input_file_ref idref="fl-15"/>
      </object_component>
      <object_component id="oc-195">
         <name>.debug_info</name>
         <load_address>0xb17b</load_address>
         <run_address>0xb17b</run_address>
         <size>0x308</size>
         <input_file_ref idref="fl-15"/>
      </object_component>
      <object_component id="oc-1cd">
         <name>.debug_info</name>
         <load_address>0xb483</load_address>
         <run_address>0xb483</run_address>
         <size>0x1f2</size>
         <input_file_ref idref="fl-16"/>
      </object_component>
      <object_component id="oc-1c1">
         <name>.debug_info</name>
         <load_address>0xb675</load_address>
         <run_address>0xb675</run_address>
         <size>0x20e</size>
         <input_file_ref idref="fl-16"/>
      </object_component>
      <object_component id="oc-2ba">
         <name>.debug_info</name>
         <load_address>0xb883</load_address>
         <run_address>0xb883</run_address>
         <size>0x1e4</size>
         <input_file_ref idref="fl-16"/>
      </object_component>
      <object_component id="oc-2fc">
         <name>.debug_info</name>
         <load_address>0xba67</load_address>
         <run_address>0xba67</run_address>
         <size>0x217</size>
         <input_file_ref idref="fl-16"/>
      </object_component>
      <object_component id="oc-2a8">
         <name>.debug_info</name>
         <load_address>0xbc7e</load_address>
         <run_address>0xbc7e</run_address>
         <size>0x244</size>
         <input_file_ref idref="fl-16"/>
      </object_component>
      <object_component id="oc-290">
         <name>.debug_info</name>
         <load_address>0xbec2</load_address>
         <run_address>0xbec2</run_address>
         <size>0x242</size>
         <input_file_ref idref="fl-16"/>
      </object_component>
      <object_component id="oc-296">
         <name>.debug_info</name>
         <load_address>0xc104</load_address>
         <run_address>0xc104</run_address>
         <size>0x24a</size>
         <input_file_ref idref="fl-16"/>
      </object_component>
      <object_component id="oc-2ae">
         <name>.debug_info</name>
         <load_address>0xc34e</load_address>
         <run_address>0xc34e</run_address>
         <size>0x24d</size>
         <input_file_ref idref="fl-16"/>
      </object_component>
      <object_component id="oc-29c">
         <name>.debug_info</name>
         <load_address>0xc59b</load_address>
         <run_address>0xc59b</run_address>
         <size>0x24e</size>
         <input_file_ref idref="fl-16"/>
      </object_component>
      <object_component id="oc-308">
         <name>.debug_info</name>
         <load_address>0xc7e9</load_address>
         <run_address>0xc7e9</run_address>
         <size>0x258</size>
         <input_file_ref idref="fl-16"/>
      </object_component>
      <object_component id="oc-2a2">
         <name>.debug_info</name>
         <load_address>0xca41</load_address>
         <run_address>0xca41</run_address>
         <size>0x27c</size>
         <input_file_ref idref="fl-16"/>
      </object_component>
      <object_component id="oc-2b4">
         <name>.debug_info</name>
         <load_address>0xccbd</load_address>
         <run_address>0xccbd</run_address>
         <size>0x241</size>
         <input_file_ref idref="fl-16"/>
      </object_component>
      <object_component id="oc-145">
         <name>.debug_info</name>
         <load_address>0xcefe</load_address>
         <run_address>0xcefe</run_address>
         <size>0x277</size>
         <input_file_ref idref="fl-16"/>
      </object_component>
      <object_component id="oc-13f">
         <name>.debug_info</name>
         <load_address>0xd175</load_address>
         <run_address>0xd175</run_address>
         <size>0x519</size>
         <input_file_ref idref="fl-16"/>
      </object_component>
      <object_component id="oc-256">
         <name>.debug_info</name>
         <load_address>0xd68e</load_address>
         <run_address>0xd68e</run_address>
         <size>0x3ba</size>
         <input_file_ref idref="fl-16"/>
      </object_component>
      <object_component id="oc-1c7">
         <name>.debug_info</name>
         <load_address>0xda48</load_address>
         <run_address>0xda48</run_address>
         <size>0x243</size>
         <input_file_ref idref="fl-16"/>
      </object_component>
      <object_component id="oc-14c">
         <name>.debug_info</name>
         <load_address>0xdc8b</load_address>
         <run_address>0xdc8b</run_address>
         <size>0x251</size>
         <input_file_ref idref="fl-16"/>
      </object_component>
      <object_component id="oc-139">
         <name>.debug_info</name>
         <load_address>0xdedc</load_address>
         <run_address>0xdedc</run_address>
         <size>0x241</size>
         <input_file_ref idref="fl-16"/>
      </object_component>
      <object_component id="oc-1a1">
         <name>.debug_info</name>
         <load_address>0xe11d</load_address>
         <run_address>0xe11d</run_address>
         <size>0x2b1</size>
         <input_file_ref idref="fl-22"/>
      </object_component>
      <object_component id="oc-7e">
         <name>.debug_info</name>
         <load_address>0xe3ce</load_address>
         <run_address>0xe3ce</run_address>
         <size>0x140</size>
         <input_file_ref idref="fl-23"/>
      </object_component>
      <object_component id="oc-1d3">
         <name>.debug_info</name>
         <load_address>0xe50e</load_address>
         <run_address>0xe50e</run_address>
         <size>0x10f</size>
         <input_file_ref idref="fl-24"/>
      </object_component>
      <object_component id="oc-4e">
         <name>.debug_info</name>
         <load_address>0xe61d</load_address>
         <run_address>0xe61d</run_address>
         <size>0x183</size>
         <input_file_ref idref="fl-25"/>
      </object_component>
      <object_component id="oc-8f">
         <name>.debug_info</name>
         <load_address>0xe7a0</load_address>
         <run_address>0xe7a0</run_address>
         <size>0x135</size>
         <input_file_ref idref="fl-26"/>
      </object_component>
      <object_component id="oc-a8">
         <name>.debug_info</name>
         <load_address>0xe8d5</load_address>
         <run_address>0xe8d5</run_address>
         <size>0x1a7</size>
         <input_file_ref idref="fl-27"/>
      </object_component>
      <object_component id="oc-27">
         <name>.debug_info</name>
         <load_address>0xea7c</load_address>
         <run_address>0xea7c</run_address>
         <size>0x19f</size>
         <input_file_ref idref="fl-29"/>
      </object_component>
      <object_component id="oc-21">
         <name>.debug_info</name>
         <load_address>0xec1b</load_address>
         <run_address>0xec1b</run_address>
         <size>0x1f4</size>
         <input_file_ref idref="fl-2a"/>
      </object_component>
      <object_component id="oc-e0">
         <name>.debug_info</name>
         <load_address>0xee0f</load_address>
         <run_address>0xee0f</run_address>
         <size>0x186</size>
         <input_file_ref idref="fl-2b"/>
      </object_component>
      <object_component id="oc-9c">
         <name>.debug_info</name>
         <load_address>0xef95</load_address>
         <run_address>0xef95</run_address>
         <size>0x191</size>
         <input_file_ref idref="fl-2b"/>
      </object_component>
      <object_component id="oc-e3">
         <name>.debug_info</name>
         <load_address>0xf126</load_address>
         <run_address>0xf126</run_address>
         <size>0xef</size>
         <input_file_ref idref="fl-2c"/>
      </object_component>
      <object_component id="oc-1b1">
         <name>.debug_info</name>
         <load_address>0xf215</load_address>
         <run_address>0xf215</run_address>
         <size>0xf3</size>
         <input_file_ref idref="fl-2c"/>
      </object_component>
      <object_component id="oc-126">
         <name>.debug_info</name>
         <load_address>0xf308</load_address>
         <run_address>0xf308</run_address>
         <size>0x1eb</size>
         <input_file_ref idref="fl-2c"/>
      </object_component>
      <object_component id="oc-99">
         <name>.debug_info</name>
         <load_address>0xf4f3</load_address>
         <run_address>0xf4f3</run_address>
         <size>0x145</size>
         <input_file_ref idref="fl-2d"/>
      </object_component>
      <object_component id="oc-79">
         <name>.debug_info</name>
         <load_address>0xf638</load_address>
         <run_address>0xf638</run_address>
         <size>0x1da</size>
         <input_file_ref idref="fl-2e"/>
      </object_component>
      <object_component id="oc-285">
         <name>.debug_info</name>
         <load_address>0xf812</load_address>
         <run_address>0xf812</run_address>
         <size>0xd10</size>
         <input_file_ref idref="fl-2f"/>
      </object_component>
      <object_component id="oc-2f6">
         <name>.debug_info</name>
         <load_address>0x10522</load_address>
         <run_address>0x10522</run_address>
         <size>0x1363</size>
         <input_file_ref idref="fl-2f"/>
      </object_component>
      <object_component id="oc-2eb">
         <name>.debug_info</name>
         <load_address>0x11885</load_address>
         <run_address>0x11885</run_address>
         <size>0x144</size>
         <input_file_ref idref="fl-30"/>
      </object_component>
      <object_component id="oc-327">
         <name>.debug_info</name>
         <load_address>0x119c9</load_address>
         <run_address>0x119c9</run_address>
         <size>0x119</size>
         <input_file_ref idref="fl-31"/>
      </object_component>
      <object_component id="oc-336">
         <name>.debug_info</name>
         <load_address>0x11ae2</load_address>
         <run_address>0x11ae2</run_address>
         <size>0x10f</size>
         <input_file_ref idref="fl-32"/>
      </object_component>
      <object_component id="oc-32c">
         <name>.debug_info</name>
         <load_address>0x11bf1</load_address>
         <run_address>0x11bf1</run_address>
         <size>0x10f</size>
         <input_file_ref idref="fl-33"/>
      </object_component>
      <object_component id="oc-34b">
         <name>.debug_info</name>
         <load_address>0x11d00</load_address>
         <run_address>0x11d00</run_address>
         <size>0x123</size>
         <input_file_ref idref="fl-34"/>
      </object_component>
      <object_component id="oc-351">
         <name>.debug_info</name>
         <load_address>0x11e23</load_address>
         <run_address>0x11e23</run_address>
         <size>0x10f</size>
         <input_file_ref idref="fl-35"/>
      </object_component>
      <object_component id="oc-33b">
         <name>.debug_info</name>
         <load_address>0x11f32</load_address>
         <run_address>0x11f32</run_address>
         <size>0x10f</size>
         <input_file_ref idref="fl-36"/>
      </object_component>
      <object_component id="oc-2e8">
         <name>.debug_info</name>
         <load_address>0x12041</load_address>
         <run_address>0x12041</run_address>
         <size>0x18d</size>
         <input_file_ref idref="fl-37"/>
      </object_component>
      <object_component id="oc-2dc">
         <name>.debug_info</name>
         <load_address>0x121ce</load_address>
         <run_address>0x121ce</run_address>
         <size>0x157</size>
         <input_file_ref idref="fl-38"/>
      </object_component>
      <object_component id="oc-2e1">
         <name>.debug_info</name>
         <load_address>0x12325</load_address>
         <run_address>0x12325</run_address>
         <size>0x24e</size>
         <input_file_ref idref="fl-39"/>
      </object_component>
      <object_component id="oc-362">
         <name>.debug_info</name>
         <load_address>0x12573</load_address>
         <run_address>0x12573</run_address>
         <size>0x113</size>
         <input_file_ref idref="fl-3a"/>
      </object_component>
      <object_component id="oc-347">
         <name>.debug_info</name>
         <load_address>0x12686</load_address>
         <run_address>0x12686</run_address>
         <size>0x113</size>
         <input_file_ref idref="fl-3b"/>
      </object_component>
      <object_component id="oc-332">
         <name>.debug_info</name>
         <load_address>0x12799</load_address>
         <run_address>0x12799</run_address>
         <size>0x10f</size>
         <input_file_ref idref="fl-3c"/>
      </object_component>
      <object_component id="oc-ee">
         <name>.debug_info</name>
         <load_address>0x128a8</load_address>
         <run_address>0x128a8</run_address>
         <size>0x12f</size>
         <input_file_ref idref="fl-3e"/>
      </object_component>
      <object_component id="oc-343">
         <name>.debug_info</name>
         <load_address>0x129d7</load_address>
         <run_address>0x129d7</run_address>
         <size>0x1c8</size>
         <input_file_ref idref="fl-3f"/>
      </object_component>
      <object_component id="oc-2d9">
         <name>.debug_info</name>
         <load_address>0x12b9f</load_address>
         <run_address>0x12b9f</run_address>
         <size>0x161</size>
         <input_file_ref idref="fl-40"/>
      </object_component>
      <object_component id="oc-319">
         <name>.debug_info</name>
         <load_address>0x12d00</load_address>
         <run_address>0x12d00</run_address>
         <size>0xf4</size>
         <input_file_ref idref="fl-41"/>
      </object_component>
      <object_component id="oc-2ce">
         <name>.debug_info</name>
         <load_address>0x12df4</load_address>
         <run_address>0x12df4</run_address>
         <size>0x19b</size>
         <input_file_ref idref="fl-42"/>
      </object_component>
      <object_component id="oc-366">
         <name>.debug_info</name>
         <load_address>0x12f8f</load_address>
         <run_address>0x12f8f</run_address>
         <size>0x1ce</size>
         <input_file_ref idref="fl-43"/>
      </object_component>
      <object_component id="oc-2c8">
         <name>.debug_info</name>
         <load_address>0x1315d</load_address>
         <run_address>0x1315d</run_address>
         <size>0x1b7</size>
         <input_file_ref idref="fl-44"/>
      </object_component>
      <object_component id="oc-2c4">
         <name>.debug_info</name>
         <load_address>0x13314</load_address>
         <run_address>0x13314</run_address>
         <size>0x199</size>
         <input_file_ref idref="fl-45"/>
      </object_component>
      <object_component id="oc-2f1">
         <name>.debug_info</name>
         <load_address>0x134ad</load_address>
         <run_address>0x134ad</run_address>
         <size>0xee</size>
         <input_file_ref idref="fl-46"/>
      </object_component>
      <object_component id="oc-398">
         <name>.debug_info</name>
         <load_address>0x1359b</load_address>
         <run_address>0x1359b</run_address>
         <size>0xf1</size>
         <input_file_ref idref="fl-47"/>
      </object_component>
      <object_component id="oc-355">
         <name>.debug_info</name>
         <load_address>0x1368c</load_address>
         <run_address>0x1368c</run_address>
         <size>0x1b7</size>
         <input_file_ref idref="fl-47"/>
      </object_component>
      <object_component id="oc-39d">
         <name>.debug_info</name>
         <load_address>0x13843</load_address>
         <run_address>0x13843</run_address>
         <size>0x12e</size>
         <input_file_ref idref="fl-48"/>
      </object_component>
      <object_component id="oc-35b">
         <name>.debug_info</name>
         <load_address>0x13971</load_address>
         <run_address>0x13971</run_address>
         <size>0x1f0</size>
         <input_file_ref idref="fl-48"/>
      </object_component>
      <object_component id="oc-3a0">
         <name>.debug_info</name>
         <load_address>0x13b61</load_address>
         <run_address>0x13b61</run_address>
         <size>0x171</size>
         <input_file_ref idref="fl-49"/>
      </object_component>
      <object_component id="oc-391">
         <name>.debug_info</name>
         <load_address>0x13cd2</load_address>
         <run_address>0x13cd2</run_address>
         <size>0x10f</size>
         <input_file_ref idref="fl-4a"/>
      </object_component>
      <object_component id="oc-38a">
         <name>.debug_info</name>
         <load_address>0x13de1</load_address>
         <run_address>0x13de1</run_address>
         <size>0x1c9</size>
         <input_file_ref idref="fl-4b"/>
      </object_component>
      <object_component id="oc-401">
         <name>.debug_info</name>
         <load_address>0x13faa</load_address>
         <run_address>0x13faa</run_address>
         <size>0xbe</size>
      </object_component>
      <object_component id="oc-10f">
         <name>.debug_line</name>
         <load_address>0x0</load_address>
         <run_address>0x0</run_address>
         <size>0x74b</size>
         <input_file_ref idref="fl-2"/>
      </object_component>
      <object_component id="oc-231">
         <name>.debug_line</name>
         <load_address>0x74b</load_address>
         <run_address>0x74b</run_address>
         <size>0xe4</size>
         <input_file_ref idref="fl-2"/>
      </object_component>
      <object_component id="oc-116">
         <name>.debug_line</name>
[...]
         <name>__TI_prof_data_size</name>
         <value>0xffffffff</value>
      </symbol>
      <symbol id="sm-a0">
         <name>I2C_init</name>
         <value>0x8567</value>
         <object_component_ref idref="oc-10b"/>
      </symbol>
      <symbol id="sm-a1">
         <name>SPI_init</name>
         <value>0x85ef</value>
         <object_component_ref idref="oc-10b"/>
      </symbol>
      <symbol id="sm-a2">
         <name>mySPI0_init</name>
         <value>0x85f2</value>
         <object_component_ref idref="oc-10b"/>
      </symbol>
      <symbol id="sm-a3">
         <name>PinMux_init</name>
         <value>0x842f</value>
         <object_component_ref idref="oc-10b"/>
      </symbol>
      <symbol id="sm-a4">
         <name>SCI_init</name>
         <value>0x85af</value>
         <object_component_ref idref="oc-10b"/>
      </symbol>
      <symbol id="sm-a5">
         <name>Board_init</name>
         <value>0x8422</value>
         <object_component_ref idref="oc-10b"/>
      </symbol>
      <symbol id="sm-a6">
         <name>myI2C0_init</name>
         <value>0x856a</value>
         <object_component_ref idref="oc-10b"/>
      </symbol>
      <symbol id="sm-a7">
         <name>ADC_init</name>
         <value>0x84a1</value>
         <object_component_ref idref="oc-10b"/>
      </symbol>
      <symbol id="sm-a8">
         <name>myADCB_init</name>
         <value>0x850e</value>
         <object_component_ref idref="oc-10b"/>
      </symbol>
      <symbol id="sm-a9">
         <name>myADCA_init</name>
         <value>0x84a6</value>
         <object_component_ref idref="oc-10b"/>
      </symbol>
      <symbol id="sm-aa">
         <name>mySCI0_init</name>
         <value>0x85b2</value>
         <object_component_ref idref="oc-10b"/>
      </symbol>
      <symbol id="sm-b7">
         <name>C2000Ware_libraries_init</name>
         <value>0x8ffe</value>
         <object_component_ref idref="oc-111"/>
      </symbol>
      <symbol id="sm-c5">
         <name>main</name>
         <value>0x9f24</value>
         <object_component_ref idref="oc-d7"/>
      </symbol>
      <symbol id="sm-12e">
         <name>sensors_getData</name>
         <value>0x9263</value>
         <object_component_ref idref="oc-117"/>
      </symbol>
      <symbol id="sm-12f">
         <name>sensors_logData</name>
         <value>0x9303</value>
         <object_component_ref idref="oc-117"/>
      </symbol>
      <symbol id="sm-130">
         <name>I2C_writeBytes</name>
         <value>0x9370</value>
         <object_component_ref idref="oc-117"/>
      </symbol>
      <symbol id="sm-131">
         <name>sensors_openAirCalibration</name>
         <value>0x918f</value>
         <object_component_ref idref="oc-117"/>
      </symbol>
      <symbol id="sm-132">
         <name>I2C_readRegister</name>
         <value>0x93c5</value>
         <object_component_ref idref="oc-117"/>
      </symbol>
      <symbol id="sm-133">
         <name>sensors_convertData</name>
         <value>0x92e7</value>
         <object_component_ref idref="oc-117"/>
      </symbol>
      <symbol id="sm-142">
         <name>code_start</name>
         <value>0x0</value>
         <object_component_ref idref="oc-2d"/>
      </symbol>
      <symbol id="sm-174">
         <name>Device_enableAllPeripherals</name>
         <value>0x98f0</value>
         <object_component_ref idref="oc-ff"/>
      </symbol>
      <symbol id="sm-175">
         <name>Device_initGPIO</name>
         <value>0x99db</value>
         <object_component_ref idref="oc-ff"/>
      </symbol>
      <symbol id="sm-176">
         <name>Example_Fail</name>
         <value>0xaf10</value>
         <object_component_ref idref="oc-169"/>
      </symbol>
      <symbol id="sm-177">
         <name>Example_setResultFail</name>
         <value>0x9bf9</value>
         <object_component_ref idref="oc-ff"/>
      </symbol>
      <symbol id="sm-178">
         <name>Device_bootCPU2</name>
         <value>0x9a73</value>
         <object_component_ref idref="oc-ff"/>
      </symbol>
      <symbol id="sm-179">
         <name>Device_init</name>
         <value>0x98ae</value>
         <object_component_ref idref="oc-ff"/>
      </symbol>
      <symbol id="sm-17a">
         <name>Example_Result</name>
         <value>0xaf0c</value>
         <object_component_ref idref="oc-169"/>
      </symbol>
      <symbol id="sm-17b">
         <name>Device_enableUnbondedGPIOPullups</name>
         <value>0x9a2c</value>
         <object_component_ref idref="oc-ff"/>
      </symbol>
      <symbol id="sm-17c">
         <name>__error__</name>
         <value>0x9bed</value>
         <object_component_ref idref="oc-ff"/>
      </symbol>
      <symbol id="sm-17d">
         <name>Example_setResultPass</name>
         <value>0x9bf4</value>
         <object_component_ref idref="oc-ff"/>
      </symbol>
      <symbol id="sm-17e">
         <name>Device_configureTMXAnalogTrim</name>
         <value>0x9a42</value>
         <object_component_ref idref="oc-ff"/>
      </symbol>
      <symbol id="sm-17f">
         <name>Device_enableUnbondedGPIOPullupsFor176Pin</name>
         <value>0x99fc</value>
         <object_component_ref idref="oc-ff"/>
      </symbol>
      <symbol id="sm-180">
         <name>Example_done</name>
         <value>0x9bfe</value>
         <object_component_ref idref="oc-ff"/>
      </symbol>
      <symbol id="sm-181">
         <name>Example_PassCount</name>
         <value>0xaf0e</value>
         <object_component_ref idref="oc-169"/>
      </symbol>
      <symbol id="sm-182">
         <name>Device_enableUnbondedGPIOPullupsFor100Pin</name>
         <value>0x9a0f</value>
         <object_component_ref idref="oc-ff"/>
      </symbol>
      <symbol id="sm-1c3">
         <name>ADC_setOffsetTrim</name>
         <value>0x9bff</value>
         <object_component_ref idref="oc-1fa"/>
      </symbol>
      <symbol id="sm-1c4">
         <name>ADC_setMode</name>
         <value>0x9fb6</value>
         <object_component_ref idref="oc-17c"/>
      </symbol>
      <symbol id="sm-1c5">
         <name>ADC_setINLTrim</name>
         <value>0x9669</value>
         <object_component_ref idref="oc-1f4"/>
      </symbol>
      <symbol id="sm-207">
         <name>GPIO_setQualificationMode</name>
         <value>0x9e8a</value>
         <object_component_ref idref="oc-157"/>
      </symbol>
      <symbol id="sm-208">
         <name>GPIO_setPadConfig</name>
         <value>0x8faa</value>
         <object_component_ref idref="oc-176"/>
      </symbol>
      <symbol id="sm-209">
         <name>GPIO_setDirectionMode</name>
         <value>0x9ef3</value>
         <object_component_ref idref="oc-151"/>
      </symbol>
      <symbol id="sm-20a">
         <name>GPIO_setPinConfig</name>
         <value>0x9e53</value>
         <object_component_ref idref="oc-15d"/>
      </symbol>
      <symbol id="sm-20b">
         <name>GPIO_setControllerCore</name>
         <value>0xb7c9</value>
         <object_component_ref idref="oc-163"/>
      </symbol>
      <symbol id="sm-22d">
         <name>I2C_initController</name>
         <value>0x9740</value>
         <object_component_ref idref="oc-182"/>
      </symbol>
      <symbol id="sm-267">
         <name>Interrupt_defaultHandler</name>
         <value>0xa329</value>
         <object_component_ref idref="oc-32"/>
      </symbol>
      <symbol id="sm-268">
         <name>Interrupt_initModule</name>
         <value>0x9e16</value>
         <object_component_ref idref="oc-105"/>
      </symbol>
      <symbol id="sm-269">
         <name>Interrupt_nmiHandler</name>
         <value>0xa436</value>
         <object_component_ref idref="oc-44"/>
      </symbol>
      <symbol id="sm-26a">
         <name>Interrupt_initVectorTable</name>
         <value>0xa1a1</value>
         <object_component_ref idref="oc-37"/>
      </symbol>
      <symbol id="sm-26b">
         <name>Interrupt_illegalOperationHandler</name>
         <value>0xa42c</value>
         <object_component_ref idref="oc-3e"/>
      </symbol>
      <symbol id="sm-2dc">
         <name>SCI_clearInterruptStatus</name>
         <value>0x9d52</value>
         <object_component_ref idref="oc-188"/>
      </symbol>
      <symbol id="sm-2dd">
         <name>SCI_writeCharArray</name>
         <value>0x9d97</value>
         <object_component_ref idref="oc-1a5"/>
      </symbol>
      <symbol id="sm-2de">
         <name>SCI_setConfig</name>
         <value>0x9dd8</value>
         <object_component_ref idref="oc-18e"/>
      </symbol>
      <symbol id="sm-2fe">
         <name>SPI_setConfig</name>
         <value>0x97a4</value>
         <object_component_ref idref="oc-194"/>
      </symbol>
      <symbol id="sm-3d7">
         <name>SysCtl_delay</name>
         <value>0x123</value>
         <object_component_ref idref="oc-11d"/>
      </symbol>
      <symbol id="sm-3d8">
         <name>SysCtl_getDeviceParametric</name>
         <value>0x96d8</value>
         <object_component_ref idref="oc-138"/>
      </symbol>
      <symbol id="sm-3d9">
         <name>SysCtl_selectXTAL</name>
         <value>0x8764</value>
         <object_component_ref idref="oc-255"/>
      </symbol>
      <symbol id="sm-3da">
         <name>SysCtl_selectOscSource</name>
         <value>0x9d0a</value>
         <object_component_ref idref="oc-1c6"/>
      </symbol>
      <symbol id="sm-3db">
         <name>SysCtl_getLowSpeedClock</name>
         <value>0xa282</value>
         <object_component_ref idref="oc-14b"/>
      </symbol>
      <symbol id="sm-3dc">
         <name>SysCtl_setClock</name>
         <value>0x9460</value>
         <object_component_ref idref="oc-13e"/>
      </symbol>
      <symbol id="sm-3dd">
         <name>SysCtl_getClock</name>
         <value>0x9cb9</value>
         <object_component_ref idref="oc-144"/>
      </symbol>
      <symbol id="sm-3ec">
         <name>sprintf</name>
         <value>0x9ec1</value>
         <object_component_ref idref="oc-19f"/>
      </symbol>
      <symbol id="sm-3f6">
         <name>_c_int00</name>
         <value>0xa312</value>
         <object_component_ref idref="oc-7d"/>
      </symbol>
      <symbol id="sm-3f7">
         <name>__stack</name>
         <value>0x400</value>
         <object_component_ref idref="oc-4a"/>
      </symbol>
      <symbol id="sm-404">
         <name>__c28xabi_divf</name>
         <value>0x8e9f</value>
         <object_component_ref idref="oc-1d2"/>
      </symbol>
      <symbol id="sm-416">
         <name>memcpy</name>
         <value>0xa1fa</value>
         <object_component_ref idref="oc-4d"/>
      </symbol>
      <symbol id="sm-423">
         <name>_system_pre_init</name>
         <value>0x8ffc</value>
         <object_component_ref idref="oc-8e"/>
      </symbol>
      <symbol id="sm-432">
         <name>__TI_auto_init_nobinit_nopinit</name>
         <value>0xa02e</value>
         <object_component_ref idref="oc-a7"/>
      </symbol>
      <symbol id="sm-440">
         <name>__TI_decompress_none</name>
         <value>0xa463</value>
         <object_component_ref idref="oc-26"/>
      </symbol>
      <symbol id="sm-454">
         <name>__TI_decompress_lzss</name>
         <value>0xa000</value>
         <object_component_ref idref="oc-20"/>
      </symbol>
      <symbol id="sm-46a">
         <name>C$$EXIT</name>
         <value>0xa0ad</value>
         <object_component_ref idref="oc-9b"/>
      </symbol>
      <symbol id="sm-46b">
         <name>abort</name>
         <value>0xa0ad</value>
         <object_component_ref idref="oc-9b"/>
      </symbol>
      <symbol id="sm-46c">
         <name>exit</name>
         <value>0xa0af</value>
         <object_component_ref idref="oc-9b"/>
      </symbol>
      <symbol id="sm-46d">
         <name>__TI_dtors_ptr</name>
         <value>0xaf16</value>
         <object_component_ref idref="oc-df"/>
      </symbol>
      <symbol id="sm-46e">
         <name>__TI_cleanup_ptr</name>
         <value>0xaf14</value>
         <object_component_ref idref="oc-df"/>
      </symbol>
      <symbol id="sm-46f">
         <name>__TI_enable_exit_profile_output</name>
         <value>0xaf12</value>
         <object_component_ref idref="oc-df"/>
      </symbol>
      <symbol id="sm-486">
         <name>_nop</name>
         <value>0xa451</value>
         <object_component_ref idref="oc-125"/>
      </symbol>
      <symbol id="sm-487">
         <name>_lock</name>
         <value>0xaf18</value>
         <object_component_ref idref="oc-e2"/>
      </symbol>
      <symbol id="sm-488">
         <name>_unlock</name>
         <value>0xaf1a</value>
         <object_component_ref idref="oc-1b0"/>
      </symbol>
      <symbol id="sm-489">
         <name>_register_lock</name>
         <value>0xa44d</value>
         <object_component_ref idref="oc-125"/>
      </symbol>
      <symbol id="sm-48a">
         <name>_register_unlock</name>
         <value>0xa449</value>
         <object_component_ref idref="oc-125"/>
      </symbol>
      <symbol id="sm-499">
         <name>_args_main</name>
         <value>0x87f4</value>
         <object_component_ref idref="oc-95"/>
      </symbol>
      <symbol id="sm-4a8">
         <name>memset</name>
         <value>0xa47a</value>
         <object_component_ref idref="oc-76"/>
      </symbol>
      <symbol id="sm-610">
         <name>__TI_printfi</name>
         <value>0x8c8f</value>
         <object_component_ref idref="oc-283"/>
      </symbol>
      <symbol id="sm-61f">
         <name>wcslen</name>
         <value>0xa421</value>
         <object_component_ref idref="oc-2ea"/>
      </symbol>
      <symbol id="sm-62b">
         <name>__c28xabi_cmpd</name>
         <value>0xa059</value>
         <object_component_ref idref="oc-326"/>
      </symbol>
      <symbol id="sm-639">
         <name>__c28xabi_mpyd</name>
         <value>0x8f27</value>
         <object_component_ref idref="oc-335"/>
      </symbol>
      <symbol id="sm-642">
         <name>__c28xabi_negd</name>
         <value>0xa452</value>
         <object_component_ref idref="oc-32b"/>
      </symbol>
      <symbol id="sm-64a">
         <name>__c28xabi_subd</name>
         <value>0xa3ef</value>
         <object_component_ref idref="oc-34a"/>
      </symbol>
      <symbol id="sm-655">
         <name>__c28xabi_dtoi</name>
         <value>0xa122</value>
         <object_component_ref idref="oc-34f"/>
      </symbol>
      <symbol id="sm-660">
         <name>__c28xabi_dtol</name>
         <value>0xa182</value>
         <object_component_ref idref="oc-33a"/>
      </symbol>
      <symbol id="sm-668">
         <name>__c28xabi_orll</name>
         <value>0xa2d4</value>
         <object_component_ref idref="oc-2e5"/>
      </symbol>
      <symbol id="sm-669">
         <name>__c28xabi_xorll</name>
         <value>0xa2dc</value>
         <object_component_ref idref="oc-2e5"/>
      </symbol>
      <symbol id="sm-66a">
         <name>__c28xabi_andll</name>
         <value>0xa2cc</value>
         <object_component_ref idref="oc-2e5"/>
      </symbol>
      <symbol id="sm-674">
         <name>__c28xabi_cmpll</name>
         <value>0xa1bf</value>
         <object_component_ref idref="oc-2db"/>
      </symbol>
      <symbol id="sm-675">
         <name>__c28xabi_cmpull</name>
         <value>0xa1d1</value>
         <object_component_ref idref="oc-2db"/>
      </symbol>
      <symbol id="sm-69c">
         <name>__c28xabi_modull</name>
         <value>0xb767</value>
         <object_component_ref idref="oc-2e0"/>
      </symbol>
      <symbol id="sm-69d">
         <name>__c28xabi_divull</name>
         <value>0xb738</value>
         <object_component_ref idref="oc-2e0"/>
      </symbol>
      <symbol id="sm-69e">
         <name>__c28xabi_divll</name>
         <value>0xb6c2</value>
         <object_component_ref idref="oc-2e0"/>
      </symbol>
      <symbol id="sm-69f">
         <name>__c28xabi_modll</name>
         <value>0xb6fe</value>
         <object_component_ref idref="oc-2e0"/>
      </symbol>
      <symbol id="sm-6ab">
         <name>__c28xabi_itod</name>
         <value>0xa1dd</value>
         <object_component_ref idref="oc-360"/>
      </symbol>
      <symbol id="sm-6b7">
         <name>__c28xabi_ltod</name>
         <value>0xa217</value>
         <object_component_ref idref="oc-345"/>
      </symbol>
      <symbol id="sm-6ca">
         <name>__c28xabi_divd</name>
         <value>0x8e14</value>
         <object_component_ref idref="oc-330"/>
      </symbol>
      <symbol id="sm-6d8">
         <name>_system_post_cinit</name>
         <value>0x8fff</value>
         <object_component_ref idref="oc-ea"/>
      </symbol>
      <symbol id="sm-6e7">
         <name>__TI_ltoa</name>
         <value>0x9f86</value>
         <object_component_ref idref="oc-33f"/>
      </symbol>
      <symbol id="sm-6fc">
         <name>atoi</name>
         <value>0x9f55</value>
         <object_component_ref idref="oc-2d5"/>
      </symbol>
      <symbol id="sm-707">
         <name>_ctypes_</name>
         <value>0xa800</value>
         <object_component_ref idref="oc-318"/>
      </symbol>
      <symbol id="sm-717">
         <name>memccpy</name>
         <value>0xa3c2</value>
         <object_component_ref idref="oc-2cd"/>
      </symbol>
      <symbol id="sm-727">
         <name>strchr</name>
         <value>0xa40a</value>
         <object_component_ref idref="oc-365"/>
      </symbol>
      <symbol id="sm-735">
         <name>strcpy</name>
         <value>0xa481</value>
         <object_component_ref idref="oc-2c7"/>
      </symbol>
      <symbol id="sm-743">
         <name>strlen</name>
         <value>0xa46b</value>
         <object_component_ref idref="oc-2c1"/>
      </symbol>
      <symbol id="sm-74e">
         <name>errno</name>
         <value>0xaf1c</value>
         <object_component_ref idref="oc-2f0"/>
      </symbol>
      <symbol id="sm-765">
         <name>frexpl</name>
         <value>0x9c5f</value>
         <object_component_ref idref="oc-354"/>
      </symbol>
      <symbol id="sm-766">
         <name>frexp</name>
         <value>0x9c5f</value>
         <object_component_ref idref="oc-354"/>
      </symbol>
      <symbol id="sm-788">
         <name>scalbn</name>
         <value>0x861f</value>
         <object_component_ref idref="oc-35a"/>
      </symbol>
      <symbol id="sm-789">
         <name>scalbnl</name>
         <value>0x861f</value>
         <object_component_ref idref="oc-35a"/>
      </symbol>
      <symbol id="sm-78a">
         <name>ldexpl</name>
         <value>0x861f</value>
         <object_component_ref idref="oc-35a"/>
      </symbol>
      <symbol id="sm-78b">
         <name>ldexp</name>
         <value>0x861f</value>
         <object_component_ref idref="oc-35a"/>
      </symbol>
      <symbol id="sm-799">
         <name>copysign</name>
         <value>0xa0fe</value>
         <object_component_ref idref="oc-39f"/>
      </symbol>
      <symbol id="sm-79a">
         <name>copysignl</name>
         <value>0xa0fe</value>
         <object_component_ref idref="oc-39f"/>
      </symbol>
      <symbol id="sm-7b1">
         <name>__c28xabi_addd</name>
         <value>0x86c8</value>
         <object_component_ref idref="oc-390"/>
      </symbol>
      <symbol id="sm-7b9">
         <name>__c28xabi_divul</name>
         <value>0xa0a0</value>
         <object_component_ref idref="oc-388"/>
      </symbol>
      <symbol id="sm-7ba">
         <name>__c28xabi_modul</name>
         <value>0xa0a7</value>
         <object_component_ref idref="oc-388"/>
      </symbol>
      <symbol id="sm-7bb">
         <name>__c28xabi_modl</name>
         <value>0xa092</value>
         <object_component_ref idref="oc-388"/>
      </symbol>
      <symbol id="sm-7bc">
         <name>__c28xabi_divl</name>
         <value>0xa083</value>
         <object_component_ref idref="oc-388"/>
      </symbol>
      <symbol id="sm-7be">
         <name>__c_args__</name>
         <value>0x0</value>
      </symbol>
   </symbol_table>
   <title>Link successful</title>
</link_info>
